<html>
<body>
<pre>
<h1>µVision Build Log</h1>
<h2>Project:</h2>
C:\Documents and Settings\Administrator\×ÀÃæ\Led_keil\led.uvproj
Project File Date:  12/02/2012

<h2>Output:</h2>
Build target '2440Led'
compiling led.c...
assembling Init.s...
compiling LCD.c...
LCD.c(323): warning:  #1-D: last line of file ends without a newline
LCD.c(292): warning:  #177-D: function "Glib_FilledRectangle" was declared but never referenced
LCD.c(278): warning:  #177-D: function "Glib_Rectangle" was declared but never referenced
compiling uart.c...
compiling xyx_320_240.c...
compiling bmp.c...
linking...
Program Size: Code=7740 RO-data=7724 RW-data=0 ZI-data=153620  
User command #1: "E:\Keil\ARM\BIN40\fromelf.exe  " --bin -o led.bin led.axf
"led.axf" - 0 Error(s), 3 Warning(s).
Build target '2440Led'
compiling led.c...
assembling Init.s...
compiling LCD.c...
LCD.c(323): warning:  #1-D: last line of file ends without a newline
LCD.c(292): warning:  #177-D: function "Glib_FilledRectangle" was declared but never referenced
LCD.c(278): warning:  #177-D: function "Glib_Rectangle" was declared but never referenced
compiling uart.c...
compiling xyx_320_240.c...
compiling bmp.c...
linking...
Program Size: Code=7740 RO-data=7724 RW-data=0 ZI-data=153620  
User command #1: "E:\Keil\ARM\BIN40\fromelf.exe  " --bin -o led.bin led.axf
"led.axf" - 0 Error(s), 3 Warning(s).
Build target '2440Led'
compiling led.c...
assembling Init.s...
compiling LCD.c...
LCD.c(323): warning:  #1-D: last line of file ends without a newline
LCD.c(292): warning:  #177-D: function "Glib_FilledRectangle" was declared but never referenced
LCD.c(278): warning:  #177-D: function "Glib_Rectangle" was declared but never referenced
compiling uart.c...
compiling xyx_320_240.c...
compiling bmp.c...
linking...
Program Size: Code=7740 RO-data=7724 RW-data=0 ZI-data=153620  
User command #1: "E:\Keil\ARM\BIN40\fromelf.exe  " --bin -o led.bin led.axf
"led.axf" - 0 Error(s), 3 Warning(s).
Build target '2440Led'
compiling led.c...
assembling Init.s...
compiling LCD.c...
LCD.c(323): warning:  #1-D: last line of file ends without a newline
LCD.c(292): warning:  #177-D: function "Glib_FilledRectangle" was declared but never referenced
LCD.c(278): warning:  #177-D: function "Glib_Rectangle" was declared but never referenced
compiling uart.c...
compiling xyx_320_240.c...
compiling bmp.c...
bmp.c(18777): warning:  #1-D: last line of file ends without a newline
linking...
Program Size: Code=7740 RO-data=66588 RW-data=0 ZI-data=153620  
User command #1: "E:\Keil\ARM\BIN40\fromelf.exe  " --bin -o led.bin led.axf
"led.axf" - 0 Error(s), 4 Warning(s).
Build target '2440Led'
compiling led.c...
assembling Init.s...
compiling LCD.c...
LCD.c(323): warning:  #1-D: last line of file ends without a newline
LCD.c(292): warning:  #177-D: function "Glib_FilledRectangle" was declared but never referenced
LCD.c(278): warning:  #177-D: function "Glib_Rectangle" was declared but never referenced
compiling uart.c...
compiling xyx_320_240.c...
compiling bmp.c...
bmp.c(18777): warning:  #1-D: last line of file ends without a newline
linking...
Program Size: Code=7740 RO-data=66588 RW-data=0 ZI-data=153620  
User command #1: "E:\Keil\ARM\BIN40\fromelf.exe  " --bin -o led.bin led.axf
"led.axf" - 0 Error(s), 4 Warning(s).
Build target '2440Led'
compiling led.c...
assembling Init.s...
compiling LCD.c...
LCD.c(323): warning:  #1-D: last line of file ends without a newline
LCD.c(292): warning:  #177-D: function "Glib_FilledRectangle" was declared but never referenced
LCD.c(278): warning:  #177-D: function "Glib_Rectangle" was declared but never referenced
compiling uart.c...
compiling xyx_320_240.c...
compiling bmp.c...
bmp.c(18777): warning:  #1-D: last line of file ends without a newline
linking...
Program Size: Code=7740 RO-data=66588 RW-data=0 ZI-data=153620  
User command #1: "E:\Keil\ARM\BIN40\fromelf.exe  " --bin -o led.bin led.axf
"led.axf" - 0 Error(s), 4 Warning(s).
Build target '2440Led'
compiling led.c...
assembling Init.s...
compiling LCD.c...
LCD.c(323): warning:  #1-D: last line of file ends without a newline
LCD.c(292): warning:  #177-D: function "Glib_FilledRectangle" was declared but never referenced
LCD.c(278): warning:  #177-D: function "Glib_Rectangle" was declared but never referenced
compiling uart.c...
compiling xyx_320_240.c...
compiling bmp.c...
bmp.c(18777): warning:  #1-D: last line of file ends without a newline
linking...
Program Size: Code=7740 RO-data=66588 RW-data=0 ZI-data=153620  
User command #1: "E:\Keil\ARM\BIN40\fromelf.exe  " --bin -o led.bin led.axf
"led.axf" - 0 Error(s), 4 Warning(s).
Build target '2440Led'
compiling led.c...
assembling Init.s...
compiling LCD.c...
LCD.c(323): warning:  #1-D: last line of file ends without a newline
LCD.c(292): warning:  #177-D: function "Glib_FilledRectangle" was declared but never referenced
LCD.c(278): warning:  #177-D: function "Glib_Rectangle" was declared but never referenced
compiling uart.c...
compiling xyx_320_240.c...
compiling bmp.c...
bmp.c(5): error:  #40: expected an identifier
bmp.c(21383): warning:  #1-D: last line of file ends without a newline
Target not created
Build target '2440Led'
compiling led.c...
assembling Init.s...
compiling LCD.c...
LCD.c(323): warning:  #1-D: last line of file ends without a newline
LCD.c(292): warning:  #177-D: function "Glib_FilledRectangle" was declared but never referenced
LCD.c(278): warning:  #177-D: function "Glib_Rectangle" was declared but never referenced
compiling uart.c...
compiling xyx_320_240.c...
compiling bmp.c...
bmp.c(21383): warning:  #1-D: last line of file ends without a newline
linking...
Program Size: Code=7740 RO-data=154140 RW-data=0 ZI-data=153620  
User command #1: "E:\Keil\ARM\BIN40\fromelf.exe  " --bin -o led.bin led.axf
"led.axf" - 0 Error(s), 4 Warning(s).
