ARM Linker, 4.1 [Build 644] [Standard]

==============================================================================

Section Cross References

    led.o(.text) refers to lcd.o(.text) for LCDmain
    led.o(.text) refers to uart.o(.text) for Delay
    init.o(RESET) refers to led.o(.text) for ledMain
    lcd.o(.text) refers to uart.o(.text) for Uart_Init
    lcd.o(.text) refers to lcd.o(.bss) for .bss
    lcd.o(.text) refers to bmp.o(.constdata) for bagua
    uart.o(.text) refers to c89vsprintf.o(.text) for __c89vsprintf
    c89vsprintf.o(.text) refers (Special) to _printf_a.o(.ARM.Collect$$_printf_percent$$00000006) for _printf_a
    c89vsprintf.o(.text) refers (Special) to _printf_c.o(.ARM.Collect$$_printf_percent$$00000013) for _printf_c
    c89vsprintf.o(.text) refers (Special) to _printf_charcount.o(.text) for _printf_charcount
    c89vsprintf.o(.text) refers (Special) to _printf_d.o(.ARM.Collect$$_printf_percent$$00000009) for _printf_d
    c89vsprintf.o(.text) refers (Special) to _printf_e.o(.ARM.Collect$$_printf_percent$$00000004) for _printf_e
    c89vsprintf.o(.text) refers (Special) to _printf_f.o(.ARM.Collect$$_printf_percent$$00000003) for _printf_f
    c89vsprintf.o(.text) refers (Special) to printf1.o(x$fpl$printf1) for _printf_fp_dec
    c89vsprintf.o(.text) refers (Special) to _printf_g.o(.ARM.Collect$$_printf_percent$$00000005) for _printf_g
    c89vsprintf.o(.text) refers (Special) to _printf_i.o(.ARM.Collect$$_printf_percent$$00000008) for _printf_i
    c89vsprintf.o(.text) refers (Special) to _printf_dec.o(.text) for _printf_int_dec
    c89vsprintf.o(.text) refers (Special) to _printf_l.o(.ARM.Collect$$_printf_percent$$00000012) for _printf_l
    c89vsprintf.o(.text) refers (Special) to _printf_lc.o(.ARM.Collect$$_printf_percent$$00000015) for _printf_lc
    c89vsprintf.o(.text) refers (Special) to _printf_ll.o(.ARM.Collect$$_printf_percent$$00000007) for _printf_ll
    c89vsprintf.o(.text) refers (Special) to _printf_lld.o(.ARM.Collect$$_printf_percent$$0000000E) for _printf_lld
    c89vsprintf.o(.text) refers (Special) to _printf_lli.o(.ARM.Collect$$_printf_percent$$0000000D) for _printf_lli
    c89vsprintf.o(.text) refers (Special) to _printf_llo.o(.ARM.Collect$$_printf_percent$$00000010) for _printf_llo
    c89vsprintf.o(.text) refers (Special) to _printf_llu.o(.ARM.Collect$$_printf_percent$$0000000F) for _printf_llu
    c89vsprintf.o(.text) refers (Special) to _printf_llx.o(.ARM.Collect$$_printf_percent$$00000011) for _printf_llx
    c89vsprintf.o(.text) refers (Special) to _printf_longlong_dec.o(.text) for _printf_longlong_dec
    c89vsprintf.o(.text) refers (Special) to _printf_hex_int_ll_ptr.o(.text) for _printf_longlong_hex
    c89vsprintf.o(.text) refers (Special) to _printf_oct_int_ll.o(.text) for _printf_longlong_oct
    c89vsprintf.o(.text) refers (Special) to _printf_ls.o(.ARM.Collect$$_printf_percent$$00000016) for _printf_ls
    c89vsprintf.o(.text) refers (Special) to _printf_n.o(.ARM.Collect$$_printf_percent$$00000001) for _printf_n
    c89vsprintf.o(.text) refers (Special) to _printf_o.o(.ARM.Collect$$_printf_percent$$0000000B) for _printf_o
    c89vsprintf.o(.text) refers (Special) to _printf_p.o(.ARM.Collect$$_printf_percent$$00000002) for _printf_p
    c89vsprintf.o(.text) refers (Special) to _printf_percent.o(.ARM.Collect$$_printf_percent$$00000000) for _printf_percent
    c89vsprintf.o(.text) refers (Special) to _printf_pad.o(.text) for _printf_post_padding
    c89vsprintf.o(.text) refers (Special) to _printf_s.o(.ARM.Collect$$_printf_percent$$00000014) for _printf_s
    c89vsprintf.o(.text) refers (Special) to _printf_str.o(.text) for _printf_str
    c89vsprintf.o(.text) refers (Special) to _printf_truncate.o(.text) for _printf_truncate_signed
    c89vsprintf.o(.text) refers (Special) to _printf_u.o(.ARM.Collect$$_printf_percent$$0000000A) for _printf_u
    c89vsprintf.o(.text) refers (Special) to _printf_wctomb.o(.text) for _printf_wctomb
    c89vsprintf.o(.text) refers (Special) to _printf_x.o(.ARM.Collect$$_printf_percent$$0000000C) for _printf_x
    c89vsprintf.o(.text) refers to _printf_char_common.o(.text) for _printf_char_common
    c89vsprintf.o(.text) refers to _sputc.o(.text) for _sputc
    __printf.o(.text) refers to __printf.o(i.__ARM_common_call_via_r1) for __ARM_common_call_via_r1
    __printf.o(.text) refers to _printf_percent.o(.ARM.Collect$$_printf_percent$$00000000) for _printf_percent
    __printf.o(.text) refers to _printf_wctomb.o(i.__ARM_common_call_via_r2) for __ARM_common_call_via_r2
    _printf_pad.o(.text) refers to _printf_wctomb.o(i.__ARM_common_call_via_r2) for __ARM_common_call_via_r2
    _printf_str.o(.text) refers (Special) to _printf_char.o(.text) for _printf_cs_common
    _printf_str.o(.text) refers (Weak) to _printf_pad.o(.text) for _printf_pre_padding
    _printf_str.o(.text) refers to _printf_wctomb.o(i.__ARM_common_call_via_r2) for __ARM_common_call_via_r2
    _printf_str.o(.text) refers (Weak) to _printf_pad.o(.text) for _printf_post_padding
    _printf_dec.o(.text) refers (Weak) to _printf_truncate.o(.text) for _printf_truncate_signed
    _printf_dec.o(.text) refers (Weak) to _printf_truncate.o(.text) for _printf_truncate_unsigned
    _printf_dec.o(.text) refers to rtudiv10.o(.text) for __rt_udiv10
    _printf_dec.o(.text) refers to _printf_intcommon.o(.text) for _printf_int_common
    _printf_char_common.o(.text) refers to __printf_flags_ss_wp.o(.text) for __printf
    _printf_wctomb.o(.text) refers (Special) to _printf_wchar.o(.text) for _printf_lcs_common
    _printf_wctomb.o(.text) refers to _wcrtomb.o(.text) for _wcrtomb
    _printf_wctomb.o(.text) refers (Weak) to _printf_pad.o(.text) for _printf_pre_padding
    _printf_wctomb.o(.text) refers to _printf_wctomb.o(i.__ARM_common_call_via_r2) for __ARM_common_call_via_r2
    _printf_wctomb.o(.text) refers (Weak) to _printf_pad.o(.text) for _printf_post_padding
    _printf_wctomb.o(.text) refers to _printf_wctomb.o(.constdata) for .constdata
    _printf_wctomb.o(.constdata) refers (Special) to _printf_wchar.o(.text) for _printf_lcs_common
    _printf_longlong_dec.o(.text) refers to lludiv10.o(.text) for _ll_udiv10
    _printf_longlong_dec.o(.text) refers to _printf_intcommon.o(.text) for _printf_int_common
    _printf_oct_ll.o(.text) refers to _printf_intcommon.o(.text) for _printf_int_common
    _printf_oct_int.o(.text) refers (Weak) to _printf_truncate.o(.text) for _printf_truncate_unsigned
    _printf_oct_int.o(.text) refers to _printf_intcommon.o(.text) for _printf_int_common
    _printf_oct_int_ll.o(.text) refers to _printf_intcommon.o(.text) for _printf_int_common
    _printf_oct_int_ll.o(.text) refers (Weak) to _printf_truncate.o(.text) for _printf_truncate_unsigned
    _printf_hex_ll.o(.text) refers to _printf_intcommon.o(.text) for _printf_int_common
    _printf_hex_ll.o(.text) refers to _printf_hex_ll.o(.constdata) for .constdata
    _printf_hex_int.o(.text) refers (Weak) to _printf_truncate.o(.text) for _printf_truncate_unsigned
    _printf_hex_int.o(.text) refers to _printf_intcommon.o(.text) for _printf_int_common
    _printf_hex_int.o(.text) refers to _printf_hex_int.o(.constdata) for .constdata
    _printf_hex_int_ll.o(.text) refers to _printf_intcommon.o(.text) for _printf_int_common
    _printf_hex_int_ll.o(.text) refers (Weak) to _printf_truncate.o(.text) for _printf_truncate_unsigned
    _printf_hex_int_ll.o(.text) refers to _printf_hex_int_ll.o(.constdata) for .constdata
    _printf_hex_ptr.o(.text) refers to _printf_intcommon.o(.text) for _printf_int_common
    _printf_hex_ptr.o(.text) refers to _printf_hex_ptr.o(.constdata) for .constdata
    _printf_hex_int_ptr.o(.text) refers to _printf_intcommon.o(.text) for _printf_int_common
    _printf_hex_int_ptr.o(.text) refers (Weak) to _printf_truncate.o(.text) for _printf_truncate_unsigned
    _printf_hex_int_ptr.o(.text) refers to _printf_hex_int_ptr.o(.constdata) for .constdata
    _printf_hex_ll_ptr.o(.text) refers to _printf_intcommon.o(.text) for _printf_int_common
    _printf_hex_ll_ptr.o(.text) refers to _printf_hex_ll_ptr.o(.constdata) for .constdata
    _printf_hex_int_ll_ptr.o(.text) refers to _printf_intcommon.o(.text) for _printf_int_common
    _printf_hex_int_ll_ptr.o(.text) refers (Weak) to _printf_truncate.o(.text) for _printf_truncate_unsigned
    _printf_hex_int_ll_ptr.o(.text) refers to _printf_hex_int_ll_ptr.o(.constdata) for .constdata
    __printf_flags.o(.text) refers to __printf.o(i.__ARM_common_call_via_r1) for __ARM_common_call_via_r1
    __printf_flags.o(.text) refers to _printf_percent.o(.ARM.Collect$$_printf_percent$$00000000) for _printf_percent
    __printf_flags.o(.text) refers to _printf_wctomb.o(i.__ARM_common_call_via_r2) for __ARM_common_call_via_r2
    __printf_flags.o(.text) refers to __printf_flags.o(.constdata) for .constdata
    __printf_ss.o(.text) refers to __printf.o(i.__ARM_common_call_via_r1) for __ARM_common_call_via_r1
    __printf_ss.o(.text) refers to _printf_percent.o(.ARM.Collect$$_printf_percent$$00000000) for _printf_percent
    __printf_ss.o(.text) refers to _printf_wctomb.o(i.__ARM_common_call_via_r2) for __ARM_common_call_via_r2
    __printf_flags_ss.o(.text) refers to __printf.o(i.__ARM_common_call_via_r1) for __ARM_common_call_via_r1
    __printf_flags_ss.o(.text) refers to _printf_percent.o(.ARM.Collect$$_printf_percent$$00000000) for _printf_percent
    __printf_flags_ss.o(.text) refers to _printf_wctomb.o(i.__ARM_common_call_via_r2) for __ARM_common_call_via_r2
    __printf_flags_ss.o(.text) refers to __printf_flags_ss.o(.constdata) for .constdata
    __printf_wp.o(.text) refers to __printf.o(i.__ARM_common_call_via_r1) for __ARM_common_call_via_r1
    __printf_wp.o(.text) refers to __printf_wp.o(i._is_digit) for _is_digit
    __printf_wp.o(.text) refers to _printf_percent.o(.ARM.Collect$$_printf_percent$$00000000) for _printf_percent
    __printf_wp.o(.text) refers to _printf_wctomb.o(i.__ARM_common_call_via_r2) for __ARM_common_call_via_r2
    __printf_flags_wp.o(.text) refers to __printf.o(i.__ARM_common_call_via_r1) for __ARM_common_call_via_r1
    __printf_flags_wp.o(.text) refers to __printf_wp.o(i._is_digit) for _is_digit
    __printf_flags_wp.o(.text) refers to _printf_percent.o(.ARM.Collect$$_printf_percent$$00000000) for _printf_percent
    __printf_flags_wp.o(.text) refers to _printf_wctomb.o(i.__ARM_common_call_via_r2) for __ARM_common_call_via_r2
    __printf_flags_wp.o(.text) refers to __printf_flags_wp.o(.constdata) for .constdata
    __printf_ss_wp.o(.text) refers to __printf.o(i.__ARM_common_call_via_r1) for __ARM_common_call_via_r1
    __printf_ss_wp.o(.text) refers to __printf_wp.o(i._is_digit) for _is_digit
    __printf_ss_wp.o(.text) refers to _printf_percent.o(.ARM.Collect$$_printf_percent$$00000000) for _printf_percent
    __printf_ss_wp.o(.text) refers to _printf_wctomb.o(i.__ARM_common_call_via_r2) for __ARM_common_call_via_r2
    __printf_flags_ss_wp.o(.text) refers to __printf.o(i.__ARM_common_call_via_r1) for __ARM_common_call_via_r1
    __printf_flags_ss_wp.o(.text) refers to __printf_wp.o(i._is_digit) for _is_digit
    __printf_flags_ss_wp.o(.text) refers to _printf_percent.o(.ARM.Collect$$_printf_percent$$00000000) for _printf_percent
    __printf_flags_ss_wp.o(.text) refers to _printf_wctomb.o(i.__ARM_common_call_via_r2) for __ARM_common_call_via_r2
    __printf_flags_ss_wp.o(.text) refers to __printf_flags_ss_wp.o(.constdata) for .constdata
    _printf_c.o(.ARM.Collect$$_printf_percent$$00000013) refers (Weak) to _printf_char.o(.text) for _printf_char
    _printf_s.o(.ARM.Collect$$_printf_percent$$00000014) refers (Weak) to _printf_char.o(.text) for _printf_string
    _printf_n.o(.ARM.Collect$$_printf_percent$$00000001) refers (Weak) to _printf_charcount.o(.text) for _printf_charcount
    _printf_x.o(.ARM.Collect$$_printf_percent$$0000000C) refers (Weak) to _printf_hex_int_ll_ptr.o(.text) for _printf_int_hex
    _printf_p.o(.ARM.Collect$$_printf_percent$$00000002) refers (Weak) to _printf_hex_int_ll_ptr.o(.text) for _printf_hex_ptr
    _printf_o.o(.ARM.Collect$$_printf_percent$$0000000B) refers (Weak) to _printf_oct_int_ll.o(.text) for _printf_int_oct
    _printf_i.o(.ARM.Collect$$_printf_percent$$00000008) refers (Weak) to _printf_dec.o(.text) for _printf_int_dec
    _printf_d.o(.ARM.Collect$$_printf_percent$$00000009) refers (Weak) to _printf_dec.o(.text) for _printf_int_dec
    _printf_u.o(.ARM.Collect$$_printf_percent$$0000000A) refers (Weak) to _printf_dec.o(.text) for _printf_int_dec
    _printf_f.o(.ARM.Collect$$_printf_percent$$00000003) refers (Weak) to printf1.o(x$fpl$printf1) for _printf_fp_dec
    _printf_e.o(.ARM.Collect$$_printf_percent$$00000004) refers (Weak) to printf1.o(x$fpl$printf1) for _printf_fp_dec
    _printf_g.o(.ARM.Collect$$_printf_percent$$00000005) refers (Weak) to printf1.o(x$fpl$printf1) for _printf_fp_dec
    _printf_percent.o(.ARM.Collect$$_printf_percent$$00000000) refers (Special) to _printf_percent_end.o(.ARM.Collect$$_printf_percent$$00000017) for _printf_percent_end
    _printf_lli.o(.ARM.Collect$$_printf_percent$$0000000D) refers (Special) to _printf_ll.o(.ARM.Collect$$_printf_percent$$00000007) for _printf_ll
    _printf_lli.o(.ARM.Collect$$_printf_percent$$0000000D) refers (Weak) to _printf_longlong_dec.o(.text) for _printf_longlong_dec
    _printf_lld.o(.ARM.Collect$$_printf_percent$$0000000E) refers (Special) to _printf_ll.o(.ARM.Collect$$_printf_percent$$00000007) for _printf_ll
    _printf_lld.o(.ARM.Collect$$_printf_percent$$0000000E) refers (Weak) to _printf_longlong_dec.o(.text) for _printf_longlong_dec
    _printf_llu.o(.ARM.Collect$$_printf_percent$$0000000F) refers (Special) to _printf_ll.o(.ARM.Collect$$_printf_percent$$00000007) for _printf_ll
    _printf_llu.o(.ARM.Collect$$_printf_percent$$0000000F) refers (Weak) to _printf_longlong_dec.o(.text) for _printf_longlong_dec
    _printf_lc.o(.ARM.Collect$$_printf_percent$$00000015) refers (Special) to _printf_l.o(.ARM.Collect$$_printf_percent$$00000012) for _printf_l
    _printf_lc.o(.ARM.Collect$$_printf_percent$$00000015) refers (Weak) to _printf_wchar.o(.text) for _printf_wchar
    _printf_ls.o(.ARM.Collect$$_printf_percent$$00000016) refers (Special) to _printf_l.o(.ARM.Collect$$_printf_percent$$00000012) for _printf_l
    _printf_ls.o(.ARM.Collect$$_printf_percent$$00000016) refers (Weak) to _printf_wchar.o(.text) for _printf_wstring
    _printf_llo.o(.ARM.Collect$$_printf_percent$$00000010) refers (Special) to _printf_ll.o(.ARM.Collect$$_printf_percent$$00000007) for _printf_ll
    _printf_llo.o(.ARM.Collect$$_printf_percent$$00000010) refers (Weak) to _printf_oct_int_ll.o(.text) for _printf_ll_oct
    _printf_llx.o(.ARM.Collect$$_printf_percent$$00000011) refers (Special) to _printf_ll.o(.ARM.Collect$$_printf_percent$$00000007) for _printf_ll
    _printf_llx.o(.ARM.Collect$$_printf_percent$$00000011) refers (Weak) to _printf_hex_int_ll_ptr.o(.text) for _printf_ll_hex
    printf1.o(x$fpl$printf1) refers to _printf_fp_dec.o(.text) for _printf_fp_dec_real
    _printf_intcommon.o(.text) refers (Weak) to _printf_pad.o(.text) for _printf_pre_padding
    _printf_intcommon.o(.text) refers to _printf_wctomb.o(i.__ARM_common_call_via_r2) for __ARM_common_call_via_r2
    _printf_intcommon.o(.text) refers (Weak) to _printf_pad.o(.text) for _printf_pre_padding
    _printf_intcommon.o(.text) refers (Weak) to _printf_pad.o(.text) for _printf_post_padding
    _printf_fp_dec.o(.text) refers (Special) to usenofp.o(x$fpl$usenofp) for __I$use$fp
    _printf_fp_dec.o(.text) refers (Special) to lc_numeric_c.o(locale$$code) for _get_lc_numeric
    _printf_fp_dec.o(.text) refers to istatus.o(x$fpl$ieeestatus) for __ieee_status
    _printf_fp_dec.o(.text) refers to bigflt0.o(.text) for _btod_etento
    _printf_fp_dec.o(.text) refers to btod.o(CL$$btod_d2e) for _btod_d2e
    _printf_fp_dec.o(.text) refers to btod.o(CL$$btod_ediv) for _btod_ediv
    _printf_fp_dec.o(.text) refers to btod.o(CL$$btod_emul) for _btod_emul
    _printf_fp_dec.o(.text) refers to lludiv10.o(.text) for _ll_udiv10
    _printf_fp_dec.o(.text) refers to fpclassify.o(i.__ARM_fpclassify) for __ARM_fpclassify
    _printf_fp_dec.o(.text) refers to _printf_fp_infnan.o(.text) for _printf_fp_infnan
    _printf_fp_dec.o(.text) refers to rtudiv10.o(.text) for __rt_udiv10
    _printf_fp_dec.o(.text) refers (Weak) to _printf_pad.o(.text) for _printf_pre_padding
    _printf_fp_dec.o(.text) refers to _printf_wctomb.o(i.__ARM_common_call_via_r2) for __ARM_common_call_via_r2
    _printf_fp_dec.o(.text) refers (Weak) to _printf_pad.o(.text) for _printf_pre_padding
    _printf_fp_dec.o(.text) refers to rt_locale.o(.text) for __rt_locale
    _printf_fp_dec.o(.text) refers (Weak) to _printf_pad.o(.text) for _printf_post_padding
    __printf_nopercent.o(.text) refers to __printf_nopercent.o(i.__ARM_common_call_via_r7) for __ARM_common_call_via_r7
    __printf_nopercent.o(.text) refers to __printf_nopercent.o(i.__ARM_common_call_via_r5) for __ARM_common_call_via_r5
    _printf_char.o(.text) refers (Weak) to _printf_str.o(.text) for _printf_str
    _printf_wchar.o(.text) refers (Weak) to _printf_wctomb.o(.text) for _printf_wctomb
    _wcrtomb.o(.text) refers to rt_ctype_table.o(.text) for __rt_ctype_table
    _wcrtomb.o(.text) refers to _wcrtomb.o(i.__ARM_common_call_via_r3) for __ARM_common_call_via_r3
    rt_ctype_table.o(.text) refers to rt_locale.o(.text) for __rt_locale
    rt_ctype_table.o(.text) refers to lc_ctype_c.o(locale$$code) for _get_lc_ctype
    rt_locale.o(.text) refers to rt_locale.o(.bss) for __rt_locale_data
    rt_locale_intlibspace.o(.text) refers to libspace.o(.bss) for __libspace_start
    _printf_fp_infnan.o(.text) refers (Weak) to _printf_pad.o(.text) for _printf_pre_padding
    _printf_fp_infnan.o(.text) refers to _printf_wctomb.o(i.__ARM_common_call_via_r2) for __ARM_common_call_via_r2
    _printf_fp_infnan.o(.text) refers (Weak) to _printf_pad.o(.text) for _printf_post_padding
    bigflt0.o(.text) refers (Special) to usenofp.o(x$fpl$usenofp) for __I$use$fp
    bigflt0.o(.text) refers to aeabi_sdiv.o(.text) for __aeabi_idivmod
    bigflt0.o(.text) refers to btod.o(CL$$btod_emul) for _btod_emul
    bigflt0.o(.text) refers to btod.o(CL$$btod_ediv) for _btod_ediv
    bigflt0.o(.text) refers to bigflt0.o(.constdata) for .constdata
    bigflt0.o(.constdata) refers (Special) to usenofp.o(x$fpl$usenofp) for __I$use$fp
    btod.o(CL$$btod_d2e) refers (Special) to usenofp.o(x$fpl$usenofp) for __I$use$fp
    btod.o(CL$$btod_d2e) refers to btod.o(CL$$btod_d2e_norm_op1) for _d2e_norm_op1
    btod.o(CL$$btod_d2e_norm_op1) refers (Special) to usenofp.o(x$fpl$usenofp) for __I$use$fp
    btod.o(CL$$btod_d2e_norm_op1) refers to btod.o(CL$$btod_d2e_denorm_low) for _d2e_denorm_low
    btod.o(CL$$btod_d2e_denorm_low) refers (Special) to usenofp.o(x$fpl$usenofp) for __I$use$fp
    btod.o(CL$$btod_emul) refers (Special) to usenofp.o(x$fpl$usenofp) for __I$use$fp
    btod.o(CL$$btod_emul) refers to btod.o(CL$$btod_mult_common) for __btod_mult_common
    btod.o(CL$$btod_emul) refers to btod.o(CL$$btod_e2e) for _e2e
    btod.o(CL$$btod_ediv) refers (Special) to usenofp.o(x$fpl$usenofp) for __I$use$fp
    btod.o(CL$$btod_ediv) refers to btod.o(CL$$btod_div_common) for __btod_div_common
    btod.o(CL$$btod_ediv) refers to btod.o(CL$$btod_e2e) for _e2e
    btod.o(CL$$btod_emuld) refers (Special) to usenofp.o(x$fpl$usenofp) for __I$use$fp
    btod.o(CL$$btod_emuld) refers to btod.o(CL$$btod_mult_common) for __btod_mult_common
    btod.o(CL$$btod_emuld) refers to btod.o(CL$$btod_e2d) for _e2d
    btod.o(CL$$btod_edivd) refers (Special) to usenofp.o(x$fpl$usenofp) for __I$use$fp
    btod.o(CL$$btod_edivd) refers to btod.o(CL$$btod_div_common) for __btod_div_common
    btod.o(CL$$btod_edivd) refers to btod.o(CL$$btod_e2d) for _e2d
    btod.o(CL$$btod_e2e) refers (Special) to usenofp.o(x$fpl$usenofp) for __I$use$fp
    btod.o(CL$$btod_e2d) refers (Special) to usenofp.o(x$fpl$usenofp) for __I$use$fp
    btod.o(CL$$btod_e2d) refers to btod.o(CL$$btod_e2e) for _e2e
    btod.o(CL$$btod_mult_common) refers (Special) to usenofp.o(x$fpl$usenofp) for __I$use$fp
    btod.o(CL$$btod_div_common) refers (Special) to usenofp.o(x$fpl$usenofp) for __I$use$fp
    lc_numeric_c.o(locale$$data) refers (Special) to libinit2.o(.ARM.Collect$$libinit$$00000013) for __rt_lib_init_lc_numeric_2
    lc_numeric_c.o(locale$$code) refers (Special) to libinit2.o(.ARM.Collect$$libinit$$00000013) for __rt_lib_init_lc_numeric_2
    lc_numeric_c.o(locale$$code) refers to strcmp.o(.text) for strcmp
    lc_numeric_c.o(locale$$code) refers to lc_numeric_c.o(locale$$data) for __lcnum_c_name
    istatus.o(x$fpl$ieeestatus) refers (Special) to usenofp.o(x$fpl$usenofp) for __I$use$fp
    fpclassify.o(i.__ARM_fpclassify) refers (Special) to usenofp.o(x$fpl$usenofp) for __I$use$fp
    libspace.o(.text) refers to libspace.o(.bss) for __libspace_start
    lc_ctype_c.o(locale$$data) refers (Special) to libinit2.o(.ARM.Collect$$libinit$$0000000F) for __rt_lib_init_lc_ctype_2
    lc_ctype_c.o(locale$$code) refers (Special) to libinit2.o(.ARM.Collect$$libinit$$0000000F) for __rt_lib_init_lc_ctype_2
    lc_ctype_c.o(locale$$code) refers to strcmp.o(.text) for strcmp
    lc_ctype_c.o(locale$$code) refers to lc_ctype_c.o(locale$$data) for __lcctype_c_name
    aeabi_sdiv.o(.text_udiv) refers to aeabi_sdiv.o(.text) for __arm_div2
    aeabi_sdiv_div0.o(.text_udiv) refers to aeabi_sdiv_div0.o(.text) for __arm_div2
    libinit2.o(.ARM.Collect$$libinit$$0000000B) refers (Weak) to rt_locale.o(.text) for __rt_locale
    libinit2.o(.ARM.Collect$$libinit$$0000000C) refers to libinit2.o(.ARM.Collect$$libinit$$0000000B) for .ARM.Collect$$libinit$$0000000B
    libinit2.o(.ARM.Collect$$libinit$$0000000E) refers to libinit2.o(.ARM.Collect$$libinit$$0000000B) for .ARM.Collect$$libinit$$0000000B
    libinit2.o(.ARM.Collect$$libinit$$0000000E) refers (Weak) to lc_ctype_c.o(locale$$code) for _get_lc_ctype
    libinit2.o(.ARM.Collect$$libinit$$00000010) refers to libinit2.o(.ARM.Collect$$libinit$$0000000B) for .ARM.Collect$$libinit$$0000000B
    libinit2.o(.ARM.Collect$$libinit$$00000012) refers to libinit2.o(.ARM.Collect$$libinit$$0000000B) for .ARM.Collect$$libinit$$0000000B
    libinit2.o(.ARM.Collect$$libinit$$00000012) refers (Weak) to lc_numeric_c.o(locale$$code) for _get_lc_numeric
    libinit2.o(.ARM.Collect$$libinit$$00000014) refers to libinit2.o(.ARM.Collect$$libinit$$0000000B) for .ARM.Collect$$libinit$$0000000B
    libinit2.o(.ARM.Collect$$libinit$$00000022) refers to argv_veneer.o(.emb_text) for __ARM_argv_veneer
    libinit2.o(.ARM.Collect$$libinit$$00000023) refers to argv_veneer.o(.emb_text) for __ARM_argv_veneer
    aeabi_idiv0_sigfpe.o(.text) refers to rt_div0.o(.text) for __rt_div0
    argv_veneer.o(.emb_text) refers to _get_argv_nomalloc.o(.text) for __ARM_get_argv
    rt_div0.o(.text) refers to defsig_fpe_outer.o(.text) for __rt_SIGFPE
    _get_argv_nomalloc.o(.text) refers (Special) to hrguard.o(.text) for __heap_region$guard
    _get_argv_nomalloc.o(.text) refers to defsig_rtmem_outer.o(.text) for __rt_SIGRTMEM
    _get_argv_nomalloc.o(.text) refers to sys_command.o(.text) for _sys_command_string
    sys_command.o(.text) refers (Special) to use_no_semi.o(.text) for __I$use$semihosting
    defsig_fpe_outer.o(.text) refers to defsig_fpe_inner.o(.text) for __rt_SIGFPE_inner
    defsig_fpe_outer.o(.text) refers to defsig_exit.o(.text) for __sig_exit
    defsig_fpe_formal.o(.text) refers to rt_raise.o(.text) for __rt_raise
    defsig_rtmem_outer.o(.text) refers to defsig_rtmem_inner.o(.text) for __rt_SIGRTMEM_inner
    defsig_rtmem_outer.o(.text) refers to defsig_exit.o(.text) for __sig_exit
    defsig_rtmem_formal.o(.text) refers to rt_raise.o(.text) for __rt_raise
    rt_raise.o(.text) refers to __raise.o(.text) for __raise
    rt_raise.o(.text) refers to sys_exit.o(.text) for _sys_exit
    defsig_exit.o(.text) refers to sys_exit.o(.text) for _sys_exit
    defsig_fpe_inner.o(.text) refers to defsig_general.o(.text) for __default_signal_display
    defsig_rtmem_inner.o(.text) refers to defsig_general.o(.text) for __default_signal_display
    sys_exit.o(.text) refers (Special) to use_no_semi.o(.text) for __I$use$semihosting
    __raise.o(.text) refers to _printf_wctomb.o(i.__ARM_common_call_via_r2) for __ARM_common_call_via_r2
    __raise.o(.text) refers to defsig.o(CL$$defsig) for __default_signal_handler
    defsig_general.o(.text) refers to sys_wrch.o(.text) for _ttywrch
    sys_wrch.o(.text) refers (Special) to use_no_semi.o(.text) for __I$use$semihosting
    defsig.o(CL$$defsig) refers to defsig_fpe_inner.o(.text) for __rt_SIGFPE_inner
    defsig.o(CL$$defsig) refers to defsig_rtmem_inner.o(.text) for __rt_SIGRTMEM_inner
    defsig_abrt_inner.o(.text) refers to defsig_general.o(.text) for __default_signal_display
    defsig_rtred_inner.o(.text) refers to defsig_general.o(.text) for __default_signal_display
    defsig_stak_inner.o(.text) refers to defsig_general.o(.text) for __default_signal_display
    defsig_pvfn_inner.o(.text) refers to defsig_general.o(.text) for __default_signal_display
    defsig_cppl_inner.o(.text) refers to defsig_general.o(.text) for __default_signal_display
    defsig_segv_inner.o(.text) refers to defsig_general.o(.text) for __default_signal_display
    defsig_other.o(.text) refers to defsig_general.o(.text) for __default_signal_display
    _printf_wctomb.o(i.__ARM_common_call_via_r2) refers (Special) to _printf_wchar.o(.text) for _printf_lcs_common


==============================================================================

Removing Unused input sections from the image.

    Removing xyx_320_240.o(.constdata), (153600 bytes).

1 unused section(s) (total 153600 bytes) removed from the image.

==============================================================================

Adding Veneers to the image

    Adding TA veneer (4 bytes, Inline) for call to '_printf_percent' from __printf_flags_ss_wp.o(.text).
    Adding AT veneer (8 bytes, Inline) for call to '__c89vsprintf' from uart.o(.text).
    Adding AT veneer (8 bytes, Inline) for call to '_printf_int_dec' from _printf_i.o(.ARM.Collect$$_printf_percent$$00000008).
    Adding AT veneer (8 bytes, Inline) for call to '_printf_charcount' from _printf_n.o(.ARM.Collect$$_printf_percent$$00000001).
    Adding AT veneer (8 bytes, Inline) for call to '_printf_longlong_dec' from _printf_lli.o(.ARM.Collect$$_printf_percent$$0000000D).
    Adding AT veneer (8 bytes, Inline) for call to '_printf_int_oct' from _printf_o.o(.ARM.Collect$$_printf_percent$$0000000B).
    Adding AT veneer (8 bytes, Inline) for call to '_printf_hex_ptr' from _printf_p.o(.ARM.Collect$$_printf_percent$$00000002).
    Adding TA veneer (4 bytes, Inline) for call to '_ll_udiv10' from _printf_longlong_dec.o(.text).
    Adding AT veneer (8 bytes, Inline) for call to '_printf_char' from _printf_c.o(.ARM.Collect$$_printf_percent$$00000013).
    Adding AT veneer (8 bytes, Inline) for call to '_printf_wchar' from _printf_lc.o(.ARM.Collect$$_printf_percent$$00000015).
    Adding TA veneer (4 bytes, Inline) for call to '__rt_udiv10' from _printf_dec.o(.text).
    Adding TA veneer (4 bytes, Inline) for call to '__rt_ctype_table' from _wcrtomb.o(.text).
    Adding TA veneer (4 bytes, Inline) for call to '__rt_locale' from _printf_fp_dec.o(.text).
    Adding TA veneer (4 bytes, Inline) for call to '__aeabi_idivmod' from bigflt0.o(.text).
    Adding TA veneer (4 bytes, Inline) for call to '_btod_d2e' from _printf_fp_dec.o(.text).
    Adding TA veneer (4 bytes, Inline) for call to '_btod_ediv' from _printf_fp_dec.o(.text).
    Adding TA veneer (4 bytes, Inline) for call to '_btod_emul' from _printf_fp_dec.o(.text).
    Adding AT veneer (12 bytes, Long) for call to '_printf_int_hex' from _printf_x.o(.ARM.Collect$$_printf_percent$$0000000C).
    Adding AT veneer (12 bytes, Long) for call to '_printf_ll_oct' from _printf_llo.o(.ARM.Collect$$_printf_percent$$00000010).
    Adding AT veneer (12 bytes, Long) for call to '_printf_ll_hex' from _printf_llx.o(.ARM.Collect$$_printf_percent$$00000011).
    Adding AT veneer (12 bytes, Long) for call to '_printf_string' from _printf_s.o(.ARM.Collect$$_printf_percent$$00000014).
    Adding AT veneer (12 bytes, Long) for call to '_printf_wstring' from _printf_ls.o(.ARM.Collect$$_printf_percent$$00000016).
    Adding AT veneer (12 bytes, Long) for call to '_printf_fp_dec_real' from printf1.o(x$fpl$printf1).
    Adding TA veneer (4 bytes, Inline) for call to '__ARM_fpclassify' from _printf_fp_dec.o(.text).
    Adding TA veneer (4 bytes, Inline) for call to '__ieee_status' from _printf_fp_dec.o(.text).

25 Veneer(s) (total 180 bytes) added to the image.

==============================================================================

Image Symbol Table

    Local Symbols

    Symbol Name                              Value     Ov Type        Size  Object(Section)

    ../../angel/rt.s                         0x00000000   Number         0  rt_raise.o ABSOLUTE
    ../../angel/rt.s                         0x00000000   Number         0  rt_div0.o ABSOLUTE
    ../../angel/rt.s                         0x00000000   Number         0  rt_ctype_table.o ABSOLUTE
    ../../angel/rt.s                         0x00000000   Number         0  rt_locale_intlibspace.o ABSOLUTE
    ../../angel/rt.s                         0x00000000   Number         0  aeabi_idiv0_sigfpe.o ABSOLUTE
    ../../angel/rt.s                         0x00000000   Number         0  rt_locale.o ABSOLUTE
    ../../angel/rt.s                         0x00000000   Number         0  aeabi_idiv0.o ABSOLUTE
    ../../angel/sys.s                        0x00000000   Number         0  libspace.o ABSOLUTE
    ../../angel/sys.s                        0x00000000   Number         0  use_no_semi.o ABSOLUTE
    ../../angel/sysapp.c                     0x00000000   Number         0  sys_exit.o ABSOLUTE
    ../../angel/sysapp.c                     0x00000000   Number         0  sys_command.o ABSOLUTE
    ../../angel/sysapp.c                     0x00000000   Number         0  sys_wrch.o ABSOLUTE
    ../../armsys.c                           0x00000000   Number         0  _get_argv_nomalloc.o ABSOLUTE
    ../../armsys.c                           0x00000000   Number         0  no_argv.o ABSOLUTE
    ../../armsys.c                           0x00000000   Number         0  argv_veneer.o ABSOLUTE
    ../../armsys.c                           0x00000000   Number         0  argv_veneer.o ABSOLUTE
    ../../bigflt.c                           0x00000000   Number         0  bigflt0.o ABSOLUTE
    ../../btod.s                             0x00000000   Number         0  btod.o ABSOLUTE
    ../../division.s                         0x00000000   Number         0  rtudiv10.o ABSOLUTE
    ../../division.s                         0x00000000   Number         0  aeabi_sdiv_div0.o ABSOLUTE
    ../../division.s                         0x00000000   Number         0  aeabi_sdiv.o ABSOLUTE
    ../../divrt.s                            0x00000000   Number         0  divrt_7tdmi_div0.o ABSOLUTE
    ../../divrt.s                            0x00000000   Number         0  divrt_7tdmi.o ABSOLUTE
    ../../fpclassify.c                       0x00000000   Number         0  fpclassify.o ABSOLUTE
    ../../heapalloc.c                        0x00000000   Number         0  hrguard.o ABSOLUTE
    ../../istatus.s                          0x00000000   Number         0  istatus.o ABSOLUTE
    ../../libinit.s                          0x00000000   Number         0  libinit2.o ABSOLUTE
    ../../locale.c                           0x00000000   Number         0  _wcrtomb.o ABSOLUTE
    ../../locale.s                           0x00000000   Number         0  lc_ctype_c.o ABSOLUTE
    ../../locale.s                           0x00000000   Number         0  lc_numeric_c.o ABSOLUTE
    ../../longlong.s                         0x00000000   Number         0  lludiv10.o ABSOLUTE
    ../../memcpset.s                         0x00000000   Number         0  strcmp.o ABSOLUTE
    ../../misc.s                             0x00000000   Number         0  printf_stubs.o ABSOLUTE
    ../../printf.c                           0x00000000   Number         0  _printf_wctomb.o ABSOLUTE
    ../../printf.c                           0x00000000   Number         0  _printf_charcount.o ABSOLUTE
    ../../printf.c                           0x00000000   Number         0  __printf_nopercent.o ABSOLUTE
    ../../printf.c                           0x00000000   Number         0  _printf_char_common.o ABSOLUTE
    ../../printf.c                           0x00000000   Number         0  _printf_longlong_dec.o ABSOLUTE
    ../../printf.c                           0x00000000   Number         0  _printf_fp_dec.o ABSOLUTE
    ../../printf.c                           0x00000000   Number         0  _printf_oct_ll.o ABSOLUTE
    ../../printf.c                           0x00000000   Number         0  _printf_oct_int.o ABSOLUTE
    ../../printf.c                           0x00000000   Number         0  _printf_oct_int_ll.o ABSOLUTE
    ../../printf.c                           0x00000000   Number         0  c89vsprintf.o ABSOLUTE
    ../../printf.c                           0x00000000   Number         0  __printf.o ABSOLUTE
    ../../printf.c                           0x00000000   Number         0  _printf_hex_ll.o ABSOLUTE
    ../../printf.c                           0x00000000   Number         0  _printf_hex_int.o ABSOLUTE
    ../../printf.c                           0x00000000   Number         0  _printf_hex_int_ll.o ABSOLUTE
    ../../printf.c                           0x00000000   Number         0  _printf_hex_ptr.o ABSOLUTE
    ../../printf.c                           0x00000000   Number         0  _printf_hex_int_ptr.o ABSOLUTE
    ../../printf.c                           0x00000000   Number         0  _printf_hex_ll_ptr.o ABSOLUTE
    ../../printf.c                           0x00000000   Number         0  _printf_wchar.o ABSOLUTE
    ../../printf.c                           0x00000000   Number         0  _printf_pad.o ABSOLUTE
    ../../printf.c                           0x00000000   Number         0  _printf_truncate.o ABSOLUTE
    ../../printf.c                           0x00000000   Number         0  _printf_intcommon.o ABSOLUTE
    ../../printf.c                           0x00000000   Number         0  _printf_str.o ABSOLUTE
    ../../printf.c                           0x00000000   Number         0  _printf_fp_infnan.o ABSOLUTE
    ../../printf.c                           0x00000000   Number         0  __printf_flags.o ABSOLUTE
    ../../printf.c                           0x00000000   Number         0  __printf_ss.o ABSOLUTE
    ../../printf.c                           0x00000000   Number         0  _printf_hex_int_ll_ptr.o ABSOLUTE
    ../../printf.c                           0x00000000   Number         0  __printf_wp.o ABSOLUTE
    ../../printf.c                           0x00000000   Number         0  _printf_dec.o ABSOLUTE
    ../../printf.c                           0x00000000   Number         0  __printf_flags_wp.o ABSOLUTE
    ../../printf.c                           0x00000000   Number         0  __printf_ss_wp.o ABSOLUTE
    ../../printf.c                           0x00000000   Number         0  __printf_flags_ss_wp.o ABSOLUTE
    ../../printf.c                           0x00000000   Number         0  _printf_char.o ABSOLUTE
    ../../printf.c                           0x00000000   Number         0  _sputc.o ABSOLUTE
    ../../printf.c                           0x00000000   Number         0  __printf_flags_ss.o ABSOLUTE
    ../../printf1.s                          0x00000000   Number         0  printf1.o ABSOLUTE
    ../../printf_percent.s                   0x00000000   Number         0  _printf_n.o ABSOLUTE
    ../../printf_percent.s                   0x00000000   Number         0  _printf_x.o ABSOLUTE
    ../../printf_percent.s                   0x00000000   Number         0  _printf_p.o ABSOLUTE
    ../../printf_percent.s                   0x00000000   Number         0  _printf_o.o ABSOLUTE
    ../../printf_percent.s                   0x00000000   Number         0  _printf_i.o ABSOLUTE
    ../../printf_percent.s                   0x00000000   Number         0  _printf_d.o ABSOLUTE
    ../../printf_percent.s                   0x00000000   Number         0  _printf_u.o ABSOLUTE
    ../../printf_percent.s                   0x00000000   Number         0  _printf_f.o ABSOLUTE
    ../../printf_percent.s                   0x00000000   Number         0  _printf_e.o ABSOLUTE
    ../../printf_percent.s                   0x00000000   Number         0  _printf_g.o ABSOLUTE
    ../../printf_percent.s                   0x00000000   Number         0  _printf_a.o ABSOLUTE
    ../../printf_percent.s                   0x00000000   Number         0  _printf_percent.o ABSOLUTE
    ../../printf_percent.s                   0x00000000   Number         0  _printf_lli.o ABSOLUTE
    ../../printf_percent.s                   0x00000000   Number         0  _printf_lld.o ABSOLUTE
    ../../printf_percent.s                   0x00000000   Number         0  _printf_llu.o ABSOLUTE
    ../../printf_percent.s                   0x00000000   Number         0  _printf_ll.o ABSOLUTE
    ../../printf_percent.s                   0x00000000   Number         0  _printf_l.o ABSOLUTE
    ../../printf_percent.s                   0x00000000   Number         0  _printf_lc.o ABSOLUTE
    ../../printf_percent.s                   0x00000000   Number         0  _printf_ls.o ABSOLUTE
    ../../printf_percent.s                   0x00000000   Number         0  _printf_llo.o ABSOLUTE
    ../../printf_percent.s                   0x00000000   Number         0  _printf_llx.o ABSOLUTE
    ../../printf_percent.s                   0x00000000   Number         0  _printf_percent_end.o ABSOLUTE
    ../../printf_percent.s                   0x00000000   Number         0  _printf_c.o ABSOLUTE
    ../../printf_percent.s                   0x00000000   Number         0  _printf_s.o ABSOLUTE
    ../../signal.c                           0x00000000   Number         0  defsig_fpe_outer.o ABSOLUTE
    ../../signal.c                           0x00000000   Number         0  defsig_abrt_inner.o ABSOLUTE
    ../../signal.c                           0x00000000   Number         0  defsig_fpe_formal.o ABSOLUTE
    ../../signal.c                           0x00000000   Number         0  defsig_rtred_inner.o ABSOLUTE
    ../../signal.c                           0x00000000   Number         0  defsig_stak_inner.o ABSOLUTE
    ../../signal.c                           0x00000000   Number         0  defsig_pvfn_inner.o ABSOLUTE
    ../../signal.c                           0x00000000   Number         0  defsig_cppl_inner.o ABSOLUTE
    ../../signal.c                           0x00000000   Number         0  defsig_rtmem_outer.o ABSOLUTE
    ../../signal.c                           0x00000000   Number         0  defsig_rtmem_formal.o ABSOLUTE
    ../../signal.c                           0x00000000   Number         0  defsig_exit.o ABSOLUTE
    ../../signal.c                           0x00000000   Number         0  defsig_rtmem_inner.o ABSOLUTE
    ../../signal.c                           0x00000000   Number         0  defsig_other.o ABSOLUTE
    ../../signal.c                           0x00000000   Number         0  __raise.o ABSOLUTE
    ../../signal.c                           0x00000000   Number         0  defsig_general.o ABSOLUTE
    ../../signal.c                           0x00000000   Number         0  defsig_fpe_inner.o ABSOLUTE
    ../../signal.c                           0x00000000   Number         0  defsig_segv_inner.o ABSOLUTE
    ../../signal.s                           0x00000000   Number         0  defsig.o ABSOLUTE
    ../../usenofp.s                          0x00000000   Number         0  usenofp.o ABSOLUTE
    Init.s                                   0x00000000   Number         0  init.o ABSOLUTE
    LCD.c                                    0x00000000   Number         0  lcd.o ABSOLUTE
    bmp.c                                    0x00000000   Number         0  bmp.o ABSOLUTE
    dc.s                                     0x00000000   Number         0  dc.o ABSOLUTE
    led.c                                    0x00000000   Number         0  led.o ABSOLUTE
    uart.c                                   0x00000000   Number         0  uart.o ABSOLUTE
    xyx_320_240.c                            0x00000000   Number         0  xyx_320_240.o ABSOLUTE
    RESET                                    0x32000000   Section       12  init.o(RESET)
    .ARM.Collect$$_printf_percent$$00000000  0x32000010   Section        0  _printf_percent.o(.ARM.Collect$$_printf_percent$$00000000)
    .ARM.Collect$$_printf_percent$$00000001  0x32000010   Section        8  _printf_n.o(.ARM.Collect$$_printf_percent$$00000001)
    .ARM.Collect$$_printf_percent$$00000002  0x32000018   Section        8  _printf_p.o(.ARM.Collect$$_printf_percent$$00000002)
    .ARM.Collect$$_printf_percent$$00000003  0x32000020   Section        8  _printf_f.o(.ARM.Collect$$_printf_percent$$00000003)
    .ARM.Collect$$_printf_percent$$00000004  0x32000028   Section        8  _printf_e.o(.ARM.Collect$$_printf_percent$$00000004)
    .ARM.Collect$$_printf_percent$$00000005  0x32000030   Section        8  _printf_g.o(.ARM.Collect$$_printf_percent$$00000005)
    .ARM.Collect$$_printf_percent$$00000006  0x32000038   Section        8  _printf_a.o(.ARM.Collect$$_printf_percent$$00000006)
    .ARM.Collect$$_printf_percent$$00000007  0x32000040   Section       12  _printf_ll.o(.ARM.Collect$$_printf_percent$$00000007)
    .ARM.Collect$$_printf_percent$$00000008  0x3200004c   Section        8  _printf_i.o(.ARM.Collect$$_printf_percent$$00000008)
    .ARM.Collect$$_printf_percent$$00000009  0x32000054   Section        8  _printf_d.o(.ARM.Collect$$_printf_percent$$00000009)
    .ARM.Collect$$_printf_percent$$0000000A  0x3200005c   Section        8  _printf_u.o(.ARM.Collect$$_printf_percent$$0000000A)
    .ARM.Collect$$_printf_percent$$0000000B  0x32000064   Section        8  _printf_o.o(.ARM.Collect$$_printf_percent$$0000000B)
    .ARM.Collect$$_printf_percent$$0000000C  0x3200006c   Section        8  _printf_x.o(.ARM.Collect$$_printf_percent$$0000000C)
    .ARM.Collect$$_printf_percent$$0000000D  0x32000074   Section        8  _printf_lli.o(.ARM.Collect$$_printf_percent$$0000000D)
    .ARM.Collect$$_printf_percent$$0000000E  0x3200007c   Section        8  _printf_lld.o(.ARM.Collect$$_printf_percent$$0000000E)
    .ARM.Collect$$_printf_percent$$0000000F  0x32000084   Section        8  _printf_llu.o(.ARM.Collect$$_printf_percent$$0000000F)
    .ARM.Collect$$_printf_percent$$00000010  0x3200008c   Section        8  _printf_llo.o(.ARM.Collect$$_printf_percent$$00000010)
    .ARM.Collect$$_printf_percent$$00000011  0x32000094   Section        8  _printf_llx.o(.ARM.Collect$$_printf_percent$$00000011)
    .ARM.Collect$$_printf_percent$$00000012  0x3200009c   Section       12  _printf_l.o(.ARM.Collect$$_printf_percent$$00000012)
    .ARM.Collect$$_printf_percent$$00000013  0x320000a8   Section        8  _printf_c.o(.ARM.Collect$$_printf_percent$$00000013)
    .ARM.Collect$$_printf_percent$$00000014  0x320000b0   Section        8  _printf_s.o(.ARM.Collect$$_printf_percent$$00000014)
    .ARM.Collect$$_printf_percent$$00000015  0x320000b8   Section        8  _printf_lc.o(.ARM.Collect$$_printf_percent$$00000015)
    .ARM.Collect$$_printf_percent$$00000016  0x320000c0   Section        8  _printf_ls.o(.ARM.Collect$$_printf_percent$$00000016)
    .ARM.Collect$$_printf_percent$$00000017  0x320000c8   Section        8  _printf_percent_end.o(.ARM.Collect$$_printf_percent$$00000017)
    .ARM.Collect$$libinit$$0000000F          0x320000d0   Section        0  libinit2.o(.ARM.Collect$$libinit$$0000000F)
    .ARM.Collect$$libinit$$00000013          0x320000d0   Section        0  libinit2.o(.ARM.Collect$$libinit$$00000013)
    .text                                    0x320000d0   Section        0  led.o(.text)
    .text                                    0x3200014c   Section        0  lcd.o(.text)
    .text                                    0x320003f4   Section        0  uart.o(.text)
    .text                                    0x32000510   Section        0  c89vsprintf.o(.text)
    .text                                    0x32000538   Section        0  _printf_pad.o(.text)
    .text                                    0x3200058c   Section        0  _printf_truncate.o(.text)
    .text                                    0x320005b8   Section        0  _printf_str.o(.text)
    .text                                    0x32000618   Section        0  _printf_dec.o(.text)
    .text                                    0x32000690   Section        0  _printf_charcount.o(.text)
    .text                                    0x320006b8   Section        0  _printf_char_common.o(.text)
    _printf_input_char                       0x320006b9   Thumb Code    10  _printf_char_common.o(.text)
    .text                                    0x320006e8   Section        0  _sputc.o(.text)
    .text                                    0x320006f4   Section        0  _printf_wctomb.o(.text)
    .text                                    0x320007bc   Section        0  _printf_longlong_dec.o(.text)
    .text                                    0x32000838   Section        0  _printf_oct_int_ll.o(.text)
    _printf_longlong_oct_internal            0x32000839   Thumb Code     0  _printf_oct_int_ll.o(.text)
    .text                                    0x320008b8   Section        0  _printf_hex_int_ll_ptr.o(.text)
    _printf_hex_common                       0x320008b9   Thumb Code     0  _printf_hex_int_ll_ptr.o(.text)
    .text                                    0x32000958   Section        0  __printf_flags_ss_wp.o(.text)
    .text                                    0x32000afc   Section      160  lludiv10.o(.text)
    .text                                    0x32000b9c   Section        0  _printf_intcommon.o(.text)
    .text                                    0x32000c54   Section        0  _printf_fp_dec.o(.text)
    _fp_digits                               0x32000c57   Thumb Code   408  _printf_fp_dec.o(.text)
    .text                                    0x32001064   Section        0  _printf_char.o(.text)
    .text                                    0x320010a0   Section        0  _printf_wchar.o(.text)
    .text                                    0x320010d2   Section        0  _wcrtomb.o(.text)
    .text                                    0x32001120   Section       44  rtudiv10.o(.text)
    .text                                    0x32001150   Section       24  rt_ctype_table.o(.text)
    .text                                    0x3200116c   Section       12  rt_locale.o(.text)
    .text                                    0x32001178   Section        0  _printf_fp_infnan.o(.text)
    .text                                    0x32001204   Section        0  bigflt0.o(.text)
    .text                                    0x320012dc   Section      160  strcmp.o(.text)
    .text                                    0x32001380   Section      384  aeabi_sdiv.o(.text)
    __arm_div8                               0x320013ac   ARM Code       0  aeabi_sdiv.o(.text)
    __arm_div5                               0x320013d0   ARM Code       0  aeabi_sdiv.o(.text)
    __arm_div2                               0x320013f4   ARM Code       0  aeabi_sdiv.o(.text)
    __arm_div_large                          0x32001430   ARM Code       0  aeabi_sdiv.o(.text)
    CL$$btod_d2e                             0x32001504   Section       56  btod.o(CL$$btod_d2e)
    CL$$btod_d2e_denorm_low                  0x3200153c   Section       84  btod.o(CL$$btod_d2e_denorm_low)
    CL$$btod_d2e_norm_op1                    0x32001590   Section      104  btod.o(CL$$btod_d2e_norm_op1)
    CL$$btod_div_common                      0x320015f8   Section      844  btod.o(CL$$btod_div_common)
    CL$$btod_e2e                             0x32001944   Section      220  btod.o(CL$$btod_e2e)
    CL$$btod_ediv                            0x32001a24   Section       52  btod.o(CL$$btod_ediv)
    CL$$btod_emul                            0x32001a5c   Section       52  btod.o(CL$$btod_emul)
    CL$$btod_mult_common                     0x32001a90   Section      616  btod.o(CL$$btod_mult_common)
    i.__ARM_common_call_via_r1               0x32001d40   Section        0  __printf.o(i.__ARM_common_call_via_r1)
    i.__ARM_common_call_via_r2               0x32001d42   Section        0  _printf_wctomb.o(i.__ARM_common_call_via_r2)
    i.__ARM_common_call_via_r3               0x32001d44   Section        0  _wcrtomb.o(i.__ARM_common_call_via_r3)
    i.__ARM_fpclassify                       0x32001d4c   Section        0  fpclassify.o(i.__ARM_fpclassify)
    i._is_digit                              0x32001d7c   Section        0  __printf_wp.o(i._is_digit)
    locale$$code                             0x32001d8c   Section       80  lc_numeric_c.o(locale$$code)
    locale$$code                             0x32001ddc   Section       80  lc_ctype_c.o(locale$$code)
    x$fpl$ieeestatus                         0x32001e30   Section        8  istatus.o(x$fpl$ieeestatus)
    x$fpl$printf1                            0x32001e38   Section        4  printf1.o(x$fpl$printf1)
    .constdata                               0x32001e3c   Section    153624  bmp.o(.constdata)
    x$fpl$usenofp                            0x32001e3c   Section        0  usenofp.o(x$fpl$usenofp)
    .constdata                               0x32027654   Section        8  _printf_wctomb.o(.constdata)
    initial_mbstate                          0x32027654   Data           8  _printf_wctomb.o(.constdata)
    .constdata                               0x3202765c   Section       40  _printf_hex_int_ll_ptr.o(.constdata)
    uc_hextab                                0x3202765c   Data          20  _printf_hex_int_ll_ptr.o(.constdata)
    lc_hextab                                0x32027670   Data          20  _printf_hex_int_ll_ptr.o(.constdata)
    .constdata                               0x32027684   Section       17  __printf_flags_ss_wp.o(.constdata)
    maptable                                 0x32027684   Data          17  __printf_flags_ss_wp.o(.constdata)
    .constdata                               0x32027698   Section      148  bigflt0.o(.constdata)
    tenpwrs_x                                0x32027698   Data          60  bigflt0.o(.constdata)
    tenpwrs_i                                0x320276d4   Data          64  bigflt0.o(.constdata)
    locale$$data                             0x3202772c   Section       28  lc_numeric_c.o(locale$$data)
    __lcnum_c_name                           0x32027730   Data           2  lc_numeric_c.o(locale$$data)
    __lcnum_c_start                          0x32027738   Data           0  lc_numeric_c.o(locale$$data)
    __lcnum_c_point                          0x32027744   Data           0  lc_numeric_c.o(locale$$data)
    __lcnum_c_thousands                      0x32027746   Data           0  lc_numeric_c.o(locale$$data)
    __lcnum_c_grouping                       0x32027747   Data           0  lc_numeric_c.o(locale$$data)
    locale$$data                             0x32027748   Section      272  lc_ctype_c.o(locale$$data)
    __lcnum_c_end                            0x32027748   Data           0  lc_numeric_c.o(locale$$data)
    __lcctype_c_name                         0x3202774c   Data           2  lc_ctype_c.o(locale$$data)
    __lcctype_c_start                        0x32027754   Data           0  lc_ctype_c.o(locale$$data)
    __lcctype_c_end                          0x32027858   Data           0  lc_ctype_c.o(locale$$data)
    .bss                                     0x33000000   Section    153600  lcd.o(.bss)
    LCD_BUFFER                               0x33000000   Data       153600  lcd.o(.bss)
    .bss                                     0x33025800   Section       20  rt_locale.o(.bss)
    __rt_locale_data                         0x33025800   Data          20  rt_locale.o(.bss)

    Global Symbols

    Symbol Name                              Value     Ov Type        Size  Object(Section)

    BuildAttributes$$THM_ISAv1$ARM_ISAv4$S$PE$A:L22$X:L11$S22$IEEE1$IW$USESV6$~STKCKD$USESV7$~SHL$OTIME$ROPI$IEEEJ$EBA8$STANDARDLIB$REQ8$PRES8$EABIv2 0x00000000   Number         0  anon$$obj.o ABSOLUTE
    _printf_flags                            0x00000000   Number         0  printf_stubs.o ABSOLUTE
    _printf_return_value                     0x00000000   Number         0  printf_stubs.o ABSOLUTE
    _printf_sizespec                         0x00000000   Number         0  printf_stubs.o ABSOLUTE
    _printf_widthprec                        0x00000000   Number         0  printf_stubs.o ABSOLUTE
    __ARM_exceptions_init                     - Undefined Weak Reference
    __alloca_initialize                       - Undefined Weak Reference
    __cpp_initialize__aeabi_                  - Undefined Weak Reference
    __sigvec_lookup                           - Undefined Weak Reference
    _atexit_init                              - Undefined Weak Reference
    _clock_init                               - Undefined Weak Reference
    _fp_trap_init                             - Undefined Weak Reference
    _get_lc_collate                           - Undefined Weak Reference
    _get_lc_monetary                          - Undefined Weak Reference
    _get_lc_time                              - Undefined Weak Reference
    _getenv_init                              - Undefined Weak Reference
    _handle_redirection                       - Undefined Weak Reference
    _init_alloc                               - Undefined Weak Reference
    _init_user_alloc                          - Undefined Weak Reference
    _initio                                   - Undefined Weak Reference
    _printf_fp_hex                            - Undefined Weak Reference
    _printf_mbtowc                            - Undefined Weak Reference
    _printf_wc                                - Undefined Weak Reference
    _rand_init                                - Undefined Weak Reference
    _signal_init                              - Undefined Weak Reference
    Inline Thumb to ARM Veneer to _printf_percent 0x3200000d   Thumb Code     4  _printf_percent.o(.ARM.Collect$$_printf_percent$$00000000)
    _printf_n                                0x32000010   ARM Code       0  _printf_n.o(.ARM.Collect$$_printf_percent$$00000001)
    _printf_percent                          0x32000010   ARM Code       0  _printf_percent.o(.ARM.Collect$$_printf_percent$$00000000)
    _printf_p                                0x32000018   ARM Code       0  _printf_p.o(.ARM.Collect$$_printf_percent$$00000002)
    _printf_f                                0x32000020   ARM Code       0  _printf_f.o(.ARM.Collect$$_printf_percent$$00000003)
    _printf_e                                0x32000028   ARM Code       0  _printf_e.o(.ARM.Collect$$_printf_percent$$00000004)
    _printf_g                                0x32000030   ARM Code       0  _printf_g.o(.ARM.Collect$$_printf_percent$$00000005)
    _printf_a                                0x32000038   ARM Code       0  _printf_a.o(.ARM.Collect$$_printf_percent$$00000006)
    _printf_ll                               0x32000040   ARM Code       0  _printf_ll.o(.ARM.Collect$$_printf_percent$$00000007)
    _printf_i                                0x3200004c   ARM Code       0  _printf_i.o(.ARM.Collect$$_printf_percent$$00000008)
    _printf_d                                0x32000054   ARM Code       0  _printf_d.o(.ARM.Collect$$_printf_percent$$00000009)
    _printf_u                                0x3200005c   ARM Code       0  _printf_u.o(.ARM.Collect$$_printf_percent$$0000000A)
    _printf_o                                0x32000064   ARM Code       0  _printf_o.o(.ARM.Collect$$_printf_percent$$0000000B)
    _printf_x                                0x3200006c   ARM Code       0  _printf_x.o(.ARM.Collect$$_printf_percent$$0000000C)
    _printf_lli                              0x32000074   ARM Code       0  _printf_lli.o(.ARM.Collect$$_printf_percent$$0000000D)
    _printf_lld                              0x3200007c   ARM Code       0  _printf_lld.o(.ARM.Collect$$_printf_percent$$0000000E)
    _printf_llu                              0x32000084   ARM Code       0  _printf_llu.o(.ARM.Collect$$_printf_percent$$0000000F)
    _printf_llo                              0x3200008c   ARM Code       0  _printf_llo.o(.ARM.Collect$$_printf_percent$$00000010)
    _printf_llx                              0x32000094   ARM Code       0  _printf_llx.o(.ARM.Collect$$_printf_percent$$00000011)
    _printf_l                                0x3200009c   ARM Code       0  _printf_l.o(.ARM.Collect$$_printf_percent$$00000012)
    _printf_c                                0x320000a8   ARM Code       0  _printf_c.o(.ARM.Collect$$_printf_percent$$00000013)
    _printf_s                                0x320000b0   ARM Code       0  _printf_s.o(.ARM.Collect$$_printf_percent$$00000014)
    _printf_lc                               0x320000b8   ARM Code       0  _printf_lc.o(.ARM.Collect$$_printf_percent$$00000015)
    _printf_ls                               0x320000c0   ARM Code       0  _printf_ls.o(.ARM.Collect$$_printf_percent$$00000016)
    _printf_percent_end                      0x320000c8   ARM Code       0  _printf_percent_end.o(.ARM.Collect$$_printf_percent$$00000017)
    __rt_lib_init_lc_ctype_2                 0x320000d1   Thumb Code     0  libinit2.o(.ARM.Collect$$libinit$$0000000F)
    __rt_lib_init_lc_numeric_2               0x320000d1   Thumb Code     0  libinit2.o(.ARM.Collect$$libinit$$00000013)
    ledMain                                  0x320000d0   ARM Code     116  led.o(.text)
    Paint_Bmp                                0x3200014c   ARM Code     116  lcd.o(.text)
    Pixel                                    0x320001c0   ARM Code      36  lcd.o(.text)
    Lcd_ClearScr                             0x320001e4   ARM Code      64  lcd.o(.text)
    Lcd_EnvidOnOff                           0x32000224   ARM Code      32  lcd.o(.text)
    Lcd_Init                                 0x32000244   ARM Code     148  lcd.o(.text)
    Lcd_Port_Init                            0x320002d8   ARM Code      36  lcd.o(.text)
    LCDmain                                  0x320002fc   ARM Code     152  lcd.o(.text)
    Uart_Init                                0x320003f4   ARM Code      76  uart.o(.text)
    Uart_SendByte                            0x32000440   ARM Code      56  uart.o(.text)
    Uart_SendString                          0x32000478   ARM Code      40  uart.o(.text)
    Delay                                    0x320004a0   ARM Code      52  uart.o(.text)
    Uart_Printf                              0x320004d4   ARM Code      48  uart.o(.text)
    Inline ARM to Thumb Veneer to __c89vsprintf 0x32000508   ARM Code       8  c89vsprintf.o(.text)
    __c89vsprintf                            0x32000511   Thumb Code    36  c89vsprintf.o(.text)
    _printf_pre_padding                      0x32000539   Thumb Code    48  _printf_pad.o(.text)
    _printf_post_padding                     0x32000569   Thumb Code    36  _printf_pad.o(.text)
    _printf_truncate_signed                  0x3200058d   Thumb Code    22  _printf_truncate.o(.text)
    _printf_truncate_unsigned                0x320005a3   Thumb Code    22  _printf_truncate.o(.text)
    _printf_str                              0x320005b9   Thumb Code    88  _printf_str.o(.text)
    Inline ARM to Thumb Veneer to _printf_int_dec 0x32000610   ARM Code       8  _printf_dec.o(.text)
    _printf_int_dec                          0x32000619   Thumb Code    94  _printf_dec.o(.text)
    Inline ARM to Thumb Veneer to _printf_charcount 0x32000688   ARM Code       8  _printf_charcount.o(.text)
    _printf_charcount                        0x32000691   Thumb Code    40  _printf_charcount.o(.text)
    _printf_char_common                      0x320006c3   Thumb Code    34  _printf_char_common.o(.text)
    _sputc                                   0x320006e9   Thumb Code    10  _sputc.o(.text)
    _printf_wctomb                           0x320006f5   Thumb Code   188  _printf_wctomb.o(.text)
    Inline ARM to Thumb Veneer to _printf_longlong_dec 0x320007b4   ARM Code       8  _printf_longlong_dec.o(.text)
    _printf_longlong_dec                     0x320007bd   Thumb Code    98  _printf_longlong_dec.o(.text)
    Inline ARM to Thumb Veneer to _printf_int_oct 0x32000830   ARM Code       8  _printf_oct_int_ll.o(.text)
    _printf_longlong_oct                     0x32000839   Thumb Code    72  _printf_oct_int_ll.o(.text)
    _printf_int_oct                          0x32000881   Thumb Code    28  _printf_oct_int_ll.o(.text)
    _printf_ll_oct                           0x3200089d   Thumb Code    10  _printf_oct_int_ll.o(.text)
    Inline ARM to Thumb Veneer to _printf_hex_ptr 0x320008b0   ARM Code       8  _printf_hex_int_ll_ptr.o(.text)
    _printf_longlong_hex                     0x320008b9   Thumb Code    92  _printf_hex_int_ll_ptr.o(.text)
    _printf_int_hex                          0x32000915   Thumb Code    32  _printf_hex_int_ll_ptr.o(.text)
    _printf_ll_hex                           0x32000935   Thumb Code    10  _printf_hex_int_ll_ptr.o(.text)
    _printf_hex_ptr                          0x3200093f   Thumb Code    22  _printf_hex_int_ll_ptr.o(.text)
    __printf                                 0x32000959   Thumb Code   412  __printf_flags_ss_wp.o(.text)
    Inline Thumb to ARM Veneer to _ll_udiv10 0x32000af9   Thumb Code     4  lludiv10.o(.text)
    _ll_udiv10                               0x32000afc   ARM Code     160  lludiv10.o(.text)
    _printf_int_common                       0x32000b9d   Thumb Code   182  _printf_intcommon.o(.text)
    __lib_sel_fp_printf                      0x32000c55   Thumb Code     2  _printf_fp_dec.o(.text)
    _printf_fp_dec_real                      0x32000def   Thumb Code   610  _printf_fp_dec.o(.text)
    Inline ARM to Thumb Veneer to _printf_char 0x3200105c   ARM Code       8  _printf_char.o(.text)
    _printf_cs_common                        0x32001065   Thumb Code    26  _printf_char.o(.text)
    _printf_char                             0x3200107f   Thumb Code    16  _printf_char.o(.text)
    _printf_string                           0x3200108f   Thumb Code     8  _printf_char.o(.text)
    Inline ARM to Thumb Veneer to _printf_wchar 0x32001098   ARM Code       8  _printf_wchar.o(.text)
    _printf_lcs_common                       0x320010a1   Thumb Code    26  _printf_wchar.o(.text)
    _printf_wchar                            0x320010bb   Thumb Code    16  _printf_wchar.o(.text)
    _printf_wstring                          0x320010cb   Thumb Code     8  _printf_wchar.o(.text)
    _wcrtomb                                 0x320010d3   Thumb Code    74  _wcrtomb.o(.text)
    Inline Thumb to ARM Veneer to __rt_udiv10 0x3200111d   Thumb Code     4  rtudiv10.o(.text)
    __rt_udiv10                              0x32001120   ARM Code      44  rtudiv10.o(.text)
    Inline Thumb to ARM Veneer to __rt_ctype_table 0x3200114d   Thumb Code     4  rt_ctype_table.o(.text)
    __rt_ctype_table                         0x32001150   ARM Code      24  rt_ctype_table.o(.text)
    Inline Thumb to ARM Veneer to __rt_locale 0x32001169   Thumb Code     4  rt_locale.o(.text)
    __rt_locale                              0x3200116c   ARM Code      12  rt_locale.o(.text)
    _printf_fp_infnan                        0x32001179   Thumb Code   124  _printf_fp_infnan.o(.text)
    _btod_etento                             0x32001205   Thumb Code   210  bigflt0.o(.text)
    strcmp                                   0x320012dc   ARM Code     156  strcmp.o(.text)
    Inline Thumb to ARM Veneer to __aeabi_idivmod 0x3200137d   Thumb Code     4  aeabi_sdiv.o(.text)
    __aeabi_idiv                             0x32001380   ARM Code       0  aeabi_sdiv.o(.text)
    __aeabi_idivmod                          0x32001380   ARM Code     384  aeabi_sdiv.o(.text)
    Inline Thumb to ARM Veneer to _btod_d2e  0x32001501   Thumb Code     4  btod.o(CL$$btod_d2e)
    _btod_d2e                                0x32001504   ARM Code      56  btod.o(CL$$btod_d2e)
    _d2e_denorm_low                          0x3200153c   ARM Code      84  btod.o(CL$$btod_d2e_denorm_low)
    _d2e_norm_op1                            0x32001590   ARM Code     104  btod.o(CL$$btod_d2e_norm_op1)
    __btod_div_common                        0x320015f8   ARM Code     716  btod.o(CL$$btod_div_common)
    _e2e                                     0x32001944   ARM Code     220  btod.o(CL$$btod_e2e)
    Inline Thumb to ARM Veneer to _btod_ediv 0x32001a21   Thumb Code     4  btod.o(CL$$btod_ediv)
    _btod_ediv                               0x32001a24   ARM Code      52  btod.o(CL$$btod_ediv)
    Inline Thumb to ARM Veneer to _btod_emul 0x32001a59   Thumb Code     4  btod.o(CL$$btod_emul)
    _btod_emul                               0x32001a5c   ARM Code      52  btod.o(CL$$btod_emul)
    __btod_mult_common                       0x32001a90   ARM Code     616  btod.o(CL$$btod_mult_common)
    Long ARM to Thumb Veneer to _printf_int_hex 0x32001cf8   ARM Code      12  anon$$obj.o(Veneer$$Code)
    Long ARM to Thumb Veneer to _printf_ll_oct 0x32001d04   ARM Code      12  anon$$obj.o(Veneer$$Code)
    Long ARM to Thumb Veneer to _printf_ll_hex 0x32001d10   ARM Code      12  anon$$obj.o(Veneer$$Code)
    Long ARM to Thumb Veneer to _printf_string 0x32001d1c   ARM Code      12  anon$$obj.o(Veneer$$Code)
    Long ARM to Thumb Veneer to _printf_wstring 0x32001d28   ARM Code      12  anon$$obj.o(Veneer$$Code)
    Long ARM to Thumb Veneer to _printf_fp_dec_real 0x32001d34   ARM Code      12  anon$$obj.o(Veneer$$Code)
    __ARM_common_call_via_r1                 0x32001d41   Thumb Code     2  __printf.o(i.__ARM_common_call_via_r1)
    __ARM_common_call_via_r2                 0x32001d43   Thumb Code     2  _printf_wctomb.o(i.__ARM_common_call_via_r2)
    __ARM_common_call_via_r3                 0x32001d45   Thumb Code     2  _wcrtomb.o(i.__ARM_common_call_via_r3)
    Inline Thumb to ARM Veneer to __ARM_fpclassify 0x32001d49   Thumb Code     4  fpclassify.o(i.__ARM_fpclassify)
    __ARM_fpclassify                         0x32001d4c   ARM Code      48  fpclassify.o(i.__ARM_fpclassify)
    _is_digit                                0x32001d7d   Thumb Code    14  __printf_wp.o(i._is_digit)
    _get_lc_numeric                          0x32001d8c   ARM Code      80  lc_numeric_c.o(locale$$code)
    _get_lc_ctype                            0x32001ddc   ARM Code      80  lc_ctype_c.o(locale$$code)
    Inline Thumb to ARM Veneer to __ieee_status 0x32001e2d   Thumb Code     4  istatus.o(x$fpl$ieeestatus)
    __ieee_status                            0x32001e30   ARM Code       8  istatus.o(x$fpl$ieeestatus)
    _printf_fp_dec                           0x32001e38   ARM Code       4  printf1.o(x$fpl$printf1)
    __I$use$fp                               0x32001e3c   ARM Code       0  usenofp.o(x$fpl$usenofp)
    bagua                                    0x32001e3c   Data       153624  bmp.o(.constdata)
    __ctype                                  0x32027755   Data           0  lc_ctype_c.o(locale$$data)



==============================================================================

Memory Map of the image

  Image Entry point : 0x32000000

  Load Region LR_IROM1 (Base: 0x32000000, Size: 0x00027858, Max: 0x01000000, ABSOLUTE)

    Execution Region RO (Base: 0x32000000, Size: 0x00027858, Max: 0xffffffff, ABSOLUTE)

    Base Addr    Size         Type   Attr      Idx    E Section Name        Object

    0x32000000   0x0000000c   Code   RO           18  * RESET               init.o
    0x3200000c   0x00000004   Ven    RO          187    .ARM.Collect$$_printf_percent$$00000000  c_t.l(_printf_percent.o)
    0x32000010   0x00000000   Code   RO          187    .ARM.Collect$$_printf_percent$$00000000  c_t.l(_printf_percent.o)
    0x32000010   0x00000008   Code   RO          176    .ARM.Collect$$_printf_percent$$00000001  c_t.l(_printf_n.o)
    0x32000018   0x00000008   Code   RO          178    .ARM.Collect$$_printf_percent$$00000002  c_t.l(_printf_p.o)
    0x32000020   0x00000008   Code   RO          183    .ARM.Collect$$_printf_percent$$00000003  c_t.l(_printf_f.o)
    0x32000028   0x00000008   Code   RO          184    .ARM.Collect$$_printf_percent$$00000004  c_t.l(_printf_e.o)
    0x32000030   0x00000008   Code   RO          185    .ARM.Collect$$_printf_percent$$00000005  c_t.l(_printf_g.o)
    0x32000038   0x00000008   Code   RO          186    .ARM.Collect$$_printf_percent$$00000006  c_t.l(_printf_a.o)
    0x32000040   0x0000000c   Code   RO          191    .ARM.Collect$$_printf_percent$$00000007  c_t.l(_printf_ll.o)
    0x3200004c   0x00000008   Code   RO          180    .ARM.Collect$$_printf_percent$$00000008  c_t.l(_printf_i.o)
    0x32000054   0x00000008   Code   RO          181    .ARM.Collect$$_printf_percent$$00000009  c_t.l(_printf_d.o)
    0x3200005c   0x00000008   Code   RO          182    .ARM.Collect$$_printf_percent$$0000000A  c_t.l(_printf_u.o)
    0x32000064   0x00000008   Code   RO          179    .ARM.Collect$$_printf_percent$$0000000B  c_t.l(_printf_o.o)
    0x3200006c   0x00000008   Code   RO          177    .ARM.Collect$$_printf_percent$$0000000C  c_t.l(_printf_x.o)
    0x32000074   0x00000008   Code   RO          188    .ARM.Collect$$_printf_percent$$0000000D  c_t.l(_printf_lli.o)
    0x3200007c   0x00000008   Code   RO          189    .ARM.Collect$$_printf_percent$$0000000E  c_t.l(_printf_lld.o)
    0x32000084   0x00000008   Code   RO          190    .ARM.Collect$$_printf_percent$$0000000F  c_t.l(_printf_llu.o)
    0x3200008c   0x00000008   Code   RO          195    .ARM.Collect$$_printf_percent$$00000010  c_t.l(_printf_llo.o)
    0x32000094   0x00000008   Code   RO          196    .ARM.Collect$$_printf_percent$$00000011  c_t.l(_printf_llx.o)
    0x3200009c   0x0000000c   Code   RO          192    .ARM.Collect$$_printf_percent$$00000012  c_t.l(_printf_l.o)
    0x320000a8   0x00000008   Code   RO          174    .ARM.Collect$$_printf_percent$$00000013  c_t.l(_printf_c.o)
    0x320000b0   0x00000008   Code   RO          175    .ARM.Collect$$_printf_percent$$00000014  c_t.l(_printf_s.o)
    0x320000b8   0x00000008   Code   RO          193    .ARM.Collect$$_printf_percent$$00000015  c_t.l(_printf_lc.o)
    0x320000c0   0x00000008   Code   RO          194    .ARM.Collect$$_printf_percent$$00000016  c_t.l(_printf_ls.o)
    0x320000c8   0x00000008   Code   RO          215    .ARM.Collect$$_printf_percent$$00000017  c_t.l(_printf_percent_end.o)
    0x320000d0   0x00000000   Code   RO          299    .ARM.Collect$$libinit$$0000000F  c_t.l(libinit2.o)
    0x320000d0   0x00000000   Code   RO          303    .ARM.Collect$$libinit$$00000013  c_t.l(libinit2.o)
    0x320000d0   0x0000007c   Code   RO            1    .text               led.o
    0x3200014c   0x000002a8   Code   RO           22    .text               lcd.o
    0x320003f4   0x00000114   Code   RO           57    .text               uart.o
    0x32000508   0x00000008   Ven    RO           97    .text               c_t.l(c89vsprintf.o)
    0x32000510   0x00000028   Code   RO           97    .text               c_t.l(c89vsprintf.o)
    0x32000538   0x00000054   Code   RO          105    .text               c_t.l(_printf_pad.o)
    0x3200058c   0x0000002c   Code   RO          107    .text               c_t.l(_printf_truncate.o)
    0x320005b8   0x00000058   Code   RO          109    .text               c_t.l(_printf_str.o)
    0x32000610   0x00000008   Ven    RO          111    .text               c_t.l(_printf_dec.o)
    0x32000618   0x00000070   Code   RO          111    .text               c_t.l(_printf_dec.o)
    0x32000688   0x00000008   Ven    RO          113    .text               c_t.l(_printf_charcount.o)
    0x32000690   0x00000028   Code   RO          113    .text               c_t.l(_printf_charcount.o)
    0x320006b8   0x00000030   Code   RO          115    .text               c_t.l(_printf_char_common.o)
    0x320006e8   0x0000000a   Code   RO          117    .text               c_t.l(_sputc.o)
    0x320006f2   0x00000002   PAD
    0x320006f4   0x000000c0   Code   RO          119    .text               c_t.l(_printf_wctomb.o)
    0x320007b4   0x00000008   Ven    RO          125    .text               c_t.l(_printf_longlong_dec.o)
    0x320007bc   0x00000074   Code   RO          125    .text               c_t.l(_printf_longlong_dec.o)
    0x32000830   0x00000008   Ven    RO          131    .text               c_t.l(_printf_oct_int_ll.o)
    0x32000838   0x00000078   Code   RO          131    .text               c_t.l(_printf_oct_int_ll.o)
    0x320008b0   0x00000008   Ven    RO          151    .text               c_t.l(_printf_hex_int_ll_ptr.o)
    0x320008b8   0x000000a0   Code   RO          151    .text               c_t.l(_printf_hex_int_ll_ptr.o)
    0x32000958   0x000001a0   Code   RO          171    .text               c_t.l(__printf_flags_ss_wp.o)
    0x32000af8   0x00000004   Ven    RO          199    .text               c_t.l(lludiv10.o)
    0x32000afc   0x000000a0   Code   RO          199    .text               c_t.l(lludiv10.o)
    0x32000b9c   0x000000b6   Code   RO          201    .text               c_t.l(_printf_intcommon.o)
    0x32000c52   0x00000002   PAD
    0x32000c54   0x00000408   Code   RO          203    .text               c_t.l(_printf_fp_dec.o)
    0x3200105c   0x00000008   Ven    RO          211    .text               c_t.l(_printf_char.o)
    0x32001064   0x00000032   Code   RO          211    .text               c_t.l(_printf_char.o)
    0x32001096   0x00000002   PAD
    0x32001098   0x00000008   Ven    RO          213    .text               c_t.l(_printf_wchar.o)
    0x320010a0   0x00000032   Code   RO          213    .text               c_t.l(_printf_wchar.o)
    0x320010d2   0x0000004a   Code   RO          216    .text               c_t.l(_wcrtomb.o)
    0x3200111c   0x00000004   Ven    RO          220    .text               c_t.l(rtudiv10.o)
    0x32001120   0x0000002c   Code   RO          220    .text               c_t.l(rtudiv10.o)
    0x3200114c   0x00000004   Ven    RO          222    .text               c_t.l(rt_ctype_table.o)
    0x32001150   0x00000018   Code   RO          222    .text               c_t.l(rt_ctype_table.o)
    0x32001168   0x00000004   Ven    RO          224    .text               c_t.l(rt_locale.o)
    0x3200116c   0x0000000c   Code   RO          224    .text               c_t.l(rt_locale.o)
    0x32001178   0x0000008c   Code   RO          229    .text               c_t.l(_printf_fp_infnan.o)
    0x32001204   0x000000d8   Code   RO          231    .text               c_t.l(bigflt0.o)
    0x320012dc   0x000000a0   Code   RO          270    .text               c_t.l(strcmp.o)
    0x3200137c   0x00000004   Ven    RO          272    .text               c_t.l(aeabi_sdiv.o)
    0x32001380   0x00000180   Code   RO          272    .text               c_t.l(aeabi_sdiv.o)
    0x32001500   0x00000004   Ven    RO          234    CL$$btod_d2e        c_t.l(btod.o)
    0x32001504   0x00000038   Code   RO          234    CL$$btod_d2e        c_t.l(btod.o)
    0x3200153c   0x00000054   Code   RO          236    CL$$btod_d2e_denorm_low  c_t.l(btod.o)
    0x32001590   0x00000068   Code   RO          235    CL$$btod_d2e_norm_op1  c_t.l(btod.o)
    0x320015f8   0x0000034c   Code   RO          244    CL$$btod_div_common  c_t.l(btod.o)
    0x32001944   0x000000dc   Code   RO          241    CL$$btod_e2e        c_t.l(btod.o)
    0x32001a20   0x00000004   Ven    RO          238    CL$$btod_ediv       c_t.l(btod.o)
    0x32001a24   0x00000034   Code   RO          238    CL$$btod_ediv       c_t.l(btod.o)
    0x32001a58   0x00000004   Ven    RO          237    CL$$btod_emul       c_t.l(btod.o)
    0x32001a5c   0x00000034   Code   RO          237    CL$$btod_emul       c_t.l(btod.o)
    0x32001a90   0x00000268   Code   RO          243    CL$$btod_mult_common  c_t.l(btod.o)
    0x32001cf8   0x0000000c   Ven    RO          406    Veneer$$Code        anon$$obj.o
    0x32001d04   0x0000000c   Ven    RO          407    Veneer$$Code        anon$$obj.o
    0x32001d10   0x0000000c   Ven    RO          408    Veneer$$Code        anon$$obj.o
    0x32001d1c   0x0000000c   Ven    RO          409    Veneer$$Code        anon$$obj.o
    0x32001d28   0x0000000c   Ven    RO          410    Veneer$$Code        anon$$obj.o
    0x32001d34   0x0000000c   Ven    RO          411    Veneer$$Code        anon$$obj.o
    0x32001d40   0x00000002   Code   RO          103    i.__ARM_common_call_via_r1  c_t.l(__printf.o)
    0x32001d42   0x00000002   Code   RO          123    i.__ARM_common_call_via_r2  c_t.l(_printf_wctomb.o)
    0x32001d44   0x00000002   Code   RO          218    i.__ARM_common_call_via_r3  c_t.l(_wcrtomb.o)
    0x32001d46   0x00000002   PAD
    0x32001d48   0x00000004   Ven    RO          262    i.__ARM_fpclassify  m_ts.l(fpclassify.o)
    0x32001d4c   0x00000030   Code   RO          262    i.__ARM_fpclassify  m_ts.l(fpclassify.o)
    0x32001d7c   0x0000000e   Code   RO          164    i._is_digit         c_t.l(__printf_wp.o)
    0x32001d8a   0x00000002   PAD
    0x32001d8c   0x00000050   Code   RO          257    locale$$code        c_t.l(lc_numeric_c.o)
    0x32001ddc   0x00000050   Code   RO          268    locale$$code        c_t.l(lc_ctype_c.o)
    0x32001e2c   0x00000004   Ven    RO          259    x$fpl$ieeestatus    fz_ts.l(istatus.o)
    0x32001e30   0x00000008   Code   RO          259    x$fpl$ieeestatus    fz_ts.l(istatus.o)
    0x32001e38   0x00000004   Code   RO          197    x$fpl$printf1       fz_ts.l(printf1.o)
    0x32001e3c   0x00000000   Code   RO          261    x$fpl$usenofp       fz_ts.l(usenofp.o)
    0x32001e3c   0x00025818   Data   RO           86    .constdata          bmp.o
    0x32027654   0x00000008   Data   RO          120    .constdata          c_t.l(_printf_wctomb.o)
    0x3202765c   0x00000028   Data   RO          152    .constdata          c_t.l(_printf_hex_int_ll_ptr.o)
    0x32027684   0x00000011   Data   RO          172    .constdata          c_t.l(__printf_flags_ss_wp.o)
    0x32027695   0x00000003   PAD
    0x32027698   0x00000094   Data   RO          232    .constdata          c_t.l(bigflt0.o)
    0x3202772c   0x0000001c   Data   RO          256    locale$$data        c_t.l(lc_numeric_c.o)
    0x32027748   0x00000110   Data   RO          267    locale$$data        c_t.l(lc_ctype_c.o)


    Execution Region RW (Base: 0x33000000, Size: 0x00000000, Max: 0x01000000, ABSOLUTE)

    **** No section assigned to this execution region ****


    Execution Region ZI (Base: 0x33000000, Size: 0x00025814, Max: 0xffffffff, ABSOLUTE)

    Base Addr    Size         Type   Attr      Idx    E Section Name        Object

    0x33000000   0x00025800   Zero   RW           23    .bss                lcd.o
    0x33025800   0x00000014   Zero   RW          225    .bss                c_t.l(rt_locale.o)


==============================================================================

Image component sizes


      Code (inc. data)   RO Data    RW Data    ZI Data      Debug   Object Name

         0          0     153624          0          0        372   bmp.o
        12          4          0          0          0        208   init.o
       680         96          0          0     153600       4789   lcd.o
       124          8          0          0          0       1846   led.o
       276          4          0          0          0       2158   uart.o

    ----------------------------------------------------------------------
      1164        136     153624          0     153600       9373   Object Totals
        72         24          0          0          0          0   (incl. Generated)
         0          0          0          0          0          3   (incl. Padding)

    ----------------------------------------------------------------------

      Code (inc. data)   RO Data    RW Data    ZI Data      Debug   Library Member Name

         2          0          0          0          0         60   __printf.o
       416          4         17          0          0         92   __printf_flags_ss_wp.o
        14          0          0          0          0         60   __printf_wp.o
         8          0          0          0          0          0   _printf_a.o
         8          0          0          0          0          0   _printf_c.o
        58          0          0          0          0        112   _printf_char.o
        48          4          0          0          0         96   _printf_char_common.o
        48          0          0          0          0         60   _printf_charcount.o
         8          0          0          0          0          0   _printf_d.o
       120         18          0          0          0         88   _printf_dec.o
         8          0          0          0          0          0   _printf_e.o
         8          0          0          0          0          0   _printf_f.o
      1032         12          0          0          0        200   _printf_fp_dec.o
       140         16          0          0          0         88   _printf_fp_infnan.o
         8          0          0          0          0          0   _printf_g.o
       168          4         40          0          0        176   _printf_hex_int_ll_ptr.o
         8          0          0          0          0          0   _printf_i.o
       182          0          0          0          0         96   _printf_intcommon.o
        12          0          0          0          0          0   _printf_l.o
         8          0          0          0          0          0   _printf_lc.o
        12          0          0          0          0          0   _printf_ll.o
         8          0          0          0          0          0   _printf_lld.o
         8          0          0          0          0          0   _printf_lli.o
         8          0          0          0          0          0   _printf_llo.o
         8          0          0          0          0          0   _printf_llu.o
         8          0          0          0          0          0   _printf_llx.o
       124         18          0          0          0         88   _printf_longlong_dec.o
         8          0          0          0          0          0   _printf_ls.o
         8          0          0          0          0          0   _printf_n.o
         8          0          0          0          0          0   _printf_o.o
       128         10          0          0          0        136   _printf_oct_int_ll.o
         8          0          0          0          0          0   _printf_p.o
        84          0          0          0          0        116   _printf_pad.o
         4          0          0          0          0          0   _printf_percent.o
         8          0          0          0          0          0   _printf_percent_end.o
         8          0          0          0          0          0   _printf_s.o
        88          0          0          0          0         84   _printf_str.o
        44          0          0          0          0         76   _printf_truncate.o
         8          0          0          0          0          0   _printf_u.o
        58          0          0          0          0        112   _printf_wchar.o
       194          4          8          0          0        156   _printf_wctomb.o
         8          0          0          0          0          0   _printf_x.o
        10          0          0          0          0         60   _sputc.o
        76          0          0          0          0        148   _wcrtomb.o
       388          0          0          0          0         80   aeabi_sdiv.o
       216          6        148          0          0         96   bigflt0.o
      2040        128          0          0          0        696   btod.o
        48          4          0          0          0         80   c89vsprintf.o
        80          8        272          0          0         92   lc_ctype_c.o
        80          8         28          0          0         92   lc_numeric_c.o
         0          0          0          0          0          0   libinit2.o
       164          0          0          0          0         96   lludiv10.o
        28          4          0          0          0         84   rt_ctype_table.o
        16          4          0          0         20         68   rt_locale.o
        48          0          0          0          0         68   rtudiv10.o
       160          4          0          0          0         80   strcmp.o
        12          0          0          0          0         68   istatus.o
         4          0          0          0          0         68   printf1.o
         0          0          0          0          0          0   usenofp.o
        52          0          0          0          0         68   fpclassify.o

    ----------------------------------------------------------------------
      6576        256        516          0         20       3840   Library Totals
        10          0          3          0          0          0   (incl. Padding)

    ----------------------------------------------------------------------

      Code (inc. data)   RO Data    RW Data    ZI Data      Debug   Library Name

      6498        256        513          0         20       3636   c_t.l
        16          0          0          0          0        136   fz_ts.l
        52          0          0          0          0         68   m_ts.l

    ----------------------------------------------------------------------
      6576        256        516          0         20       3840   Library Totals

    ----------------------------------------------------------------------

==============================================================================


      Code (inc. data)   RO Data    RW Data    ZI Data      Debug   

      7740        392     154140          0     153620      11008   Grand Totals
      7740        392     154140          0     153620      11008   ELF Image Totals
      7740        392     154140          0          0          0   ROM Totals

==============================================================================

    Total RO  Size (Code + RO Data)               161880 ( 158.09kB)
    Total RW  Size (RW Data + ZI Data)            153620 ( 150.02kB)
    Total ROM Size (Code + RO Data + RW Data)     161880 ( 158.09kB)

==============================================================================

