ARM Linker, 4.1 [Build 644] [Standard]

==============================================================================

Section Cross References

    startup_stm32f10x_md.o(RESET) refers to startup_stm32f10x_md.o(STACK) for __initial_sp
    startup_stm32f10x_md.o(RESET) refers to startup_stm32f10x_md.o(.text) for Reset_Handler
    startup_stm32f10x_md.o(RESET) refers to stm32f10x_it.o(.text) for NMI_Handler
    startup_stm32f10x_md.o(.text) refers to system_stm32f10x.o(.text) for SystemInit
    startup_stm32f10x_md.o(.text) refers to entry.o(.ARM.Collect$$$$00000000) for __main
    main.o(.text) refers to uart.o(.text) for USART_Configuration
    main.o(.text) refers to main.o(.data) for str
    main.o(.data) refers to main.o(.conststring) for .conststring
    stm32f10x_adc.o(.text) refers to stm32f10x_rcc.o(.text) for RCC_APB2PeriphResetCmd
    stm32f10x_bkp.o(.text) refers to stm32f10x_rcc.o(.text) for RCC_BackupResetCmd
    stm32f10x_can.o(.text) refers to stm32f10x_rcc.o(.text) for RCC_APB1PeriphResetCmd
    stm32f10x_cec.o(.text) refers to stm32f10x_rcc.o(.text) for RCC_APB1PeriphResetCmd
    stm32f10x_dac.o(.text) refers to stm32f10x_rcc.o(.text) for RCC_APB1PeriphResetCmd
    stm32f10x_gpio.o(.text) refers to stm32f10x_rcc.o(.text) for RCC_APB2PeriphResetCmd
    stm32f10x_i2c.o(.text) refers to stm32f10x_rcc.o(.text) for RCC_APB1PeriphResetCmd
    stm32f10x_pwr.o(.text) refers to stm32f10x_rcc.o(.text) for RCC_APB1PeriphResetCmd
    stm32f10x_rcc.o(.text) refers to stm32f10x_rcc.o(.data) for APBAHBPrescTable
    stm32f10x_spi.o(.text) refers to stm32f10x_rcc.o(.text) for RCC_APB2PeriphResetCmd
    stm32f10x_tim.o(.text) refers to stm32f10x_rcc.o(.text) for RCC_APB2PeriphResetCmd
    stm32f10x_usart.o(.text) refers to stm32f10x_rcc.o(.text) for RCC_APB2PeriphResetCmd
    stm32f10x_wwdg.o(.text) refers to stm32f10x_rcc.o(.text) for RCC_APB1PeriphResetCmd
    system_stm32f10x.o(.text) refers to system_stm32f10x.o(.data) for SystemCoreClock
    uart.o(.text) refers to stm32f10x_rcc.o(.text) for RCC_APB2PeriphClockCmd
    uart.o(.text) refers to stm32f10x_gpio.o(.text) for GPIO_Init
    uart.o(.text) refers to stm32f10x_usart.o(.text) for USART_ClockInit
    uart.o(.text) refers to uart.o(.data) for GPIO_InitStructure
    uart.o(.text) refers to uart.o(.bss) for USART_InitStructure
    entry.o(.ARM.Collect$$$$00000000) refers (Special) to entry7.o(.ARM.Collect$$$$00000007) for _main_init
    entry.o(.ARM.Collect$$$$00000000) refers (Special) to entry5.o(.ARM.Collect$$$$00000004) for _main_scatterload
    entry.o(.ARM.Collect$$$$00000000) refers (Special) to entry2.o(.ARM.Collect$$$$00000001) for _main_stk
    entry2.o(.ARM.Collect$$$$00000001) refers to entry2.o(.ARM.Collect$$$$00002712) for __lit__00000000
    entry2.o(.ARM.Collect$$$$00002712) refers to startup_stm32f10x_md.o(STACK) for __initial_sp
    entry2.o(__vectab_stack_and_reset_area) refers to startup_stm32f10x_md.o(STACK) for __initial_sp
    entry2.o(__vectab_stack_and_reset_area) refers to entry.o(.ARM.Collect$$$$00000000) for __main
    entry5.o(.ARM.Collect$$$$00000004) refers to init.o(.text) for __scatterload
    entry7.o(.ARM.Collect$$$$00000007) refers to main.o(.text) for main
    init.o(.text) refers to entry5.o(.ARM.Collect$$$$00000004) for __main_after_scatterload


==============================================================================

Removing Unused input sections from the image.

    Removing startup_stm32f10x_md.o(HEAP), (512 bytes).
    Removing misc.o(.text), (280 bytes).
    Removing stm32f10x_adc.o(.text), (1460 bytes).
    Removing stm32f10x_bkp.o(.text), (236 bytes).
    Removing stm32f10x_can.o(.text), (2968 bytes).
    Removing stm32f10x_cec.o(.text), (384 bytes).
    Removing stm32f10x_crc.o(.text), (84 bytes).
    Removing stm32f10x_dac.o(.text), (476 bytes).
    Removing stm32f10x_dbgmcu.o(.text), (52 bytes).
    Removing stm32f10x_dma.o(.text), (628 bytes).
    Removing stm32f10x_exti.o(.text), (380 bytes).
    Removing stm32f10x_flash.o(.text), (1732 bytes).
    Removing stm32f10x_fsmc.o(.text), (1712 bytes).
    Removing stm32f10x_i2c.o(.text), (1242 bytes).
    Removing stm32f10x_iwdg.o(.text), (76 bytes).
    Removing stm32f10x_pwr.o(.text), (256 bytes).
    Removing stm32f10x_rtc.o(.text), (420 bytes).
    Removing stm32f10x_sdio.o(.text), (588 bytes).
    Removing stm32f10x_spi.o(.text), (996 bytes).
    Removing stm32f10x_tim.o(.text), (4616 bytes).
    Removing stm32f10x_wwdg.o(.text), (156 bytes).
    Removing core_cm3.o(.emb_text), (32 bytes).

22 unused section(s) (total 19286 bytes) removed from the image.

==============================================================================

Image Symbol Table

    Local Symbols

    Symbol Name                              Value     Ov Type        Size  Object(Section)

    ../../microlib/init/entry.s              0x00000000   Number         0  entry7.o ABSOLUTE
    ../../microlib/init/entry.s              0x00000000   Number         0  entry5.o ABSOLUTE
    ../../microlib/init/entry.s              0x00000000   Number         0  entry2.o ABSOLUTE
    ../../microlib/init/entry.s              0x00000000   Number         0  entry.o ABSOLUTE
    ..\APP\Uart\uart.c                       0x00000000   Number         0  uart.o ABSOLUTE
    ..\CMSIS\core_cm3.c                      0x00000000   Number         0  core_cm3.o ABSOLUTE
    ..\CMSIS\startup\startup_stm32f10x_md.s  0x00000000   Number         0  startup_stm32f10x_md.o ABSOLUTE
    ..\CMSIS\system_stm32f10x.c              0x00000000   Number         0  system_stm32f10x.o ABSOLUTE
    ..\FWlib\src\misc.c                      0x00000000   Number         0  misc.o ABSOLUTE
    ..\FWlib\src\stm32f10x_adc.c             0x00000000   Number         0  stm32f10x_adc.o ABSOLUTE
    ..\FWlib\src\stm32f10x_bkp.c             0x00000000   Number         0  stm32f10x_bkp.o ABSOLUTE
    ..\FWlib\src\stm32f10x_can.c             0x00000000   Number         0  stm32f10x_can.o ABSOLUTE
    ..\FWlib\src\stm32f10x_cec.c             0x00000000   Number         0  stm32f10x_cec.o ABSOLUTE
    ..\FWlib\src\stm32f10x_crc.c             0x00000000   Number         0  stm32f10x_crc.o ABSOLUTE
    ..\FWlib\src\stm32f10x_dac.c             0x00000000   Number         0  stm32f10x_dac.o ABSOLUTE
    ..\FWlib\src\stm32f10x_dbgmcu.c          0x00000000   Number         0  stm32f10x_dbgmcu.o ABSOLUTE
    ..\FWlib\src\stm32f10x_dma.c             0x00000000   Number         0  stm32f10x_dma.o ABSOLUTE
    ..\FWlib\src\stm32f10x_exti.c            0x00000000   Number         0  stm32f10x_exti.o ABSOLUTE
    ..\FWlib\src\stm32f10x_flash.c           0x00000000   Number         0  stm32f10x_flash.o ABSOLUTE
    ..\FWlib\src\stm32f10x_fsmc.c            0x00000000   Number         0  stm32f10x_fsmc.o ABSOLUTE
    ..\FWlib\src\stm32f10x_gpio.c            0x00000000   Number         0  stm32f10x_gpio.o ABSOLUTE
    ..\FWlib\src\stm32f10x_i2c.c             0x00000000   Number         0  stm32f10x_i2c.o ABSOLUTE
    ..\FWlib\src\stm32f10x_iwdg.c            0x00000000   Number         0  stm32f10x_iwdg.o ABSOLUTE
    ..\FWlib\src\stm32f10x_pwr.c             0x00000000   Number         0  stm32f10x_pwr.o ABSOLUTE
    ..\FWlib\src\stm32f10x_rcc.c             0x00000000   Number         0  stm32f10x_rcc.o ABSOLUTE
    ..\FWlib\src\stm32f10x_rtc.c             0x00000000   Number         0  stm32f10x_rtc.o ABSOLUTE
    ..\FWlib\src\stm32f10x_sdio.c            0x00000000   Number         0  stm32f10x_sdio.o ABSOLUTE
    ..\FWlib\src\stm32f10x_spi.c             0x00000000   Number         0  stm32f10x_spi.o ABSOLUTE
    ..\FWlib\src\stm32f10x_tim.c             0x00000000   Number         0  stm32f10x_tim.o ABSOLUTE
    ..\FWlib\src\stm32f10x_usart.c           0x00000000   Number         0  stm32f10x_usart.o ABSOLUTE
    ..\FWlib\src\stm32f10x_wwdg.c            0x00000000   Number         0  stm32f10x_wwdg.o ABSOLUTE
    ..\\CMSIS\\core_cm3.c                    0x00000000   Number         0  core_cm3.o ABSOLUTE
    dc.s                                     0x00000000   Number         0  dc.o ABSOLUTE
    handlers.s                               0x00000000   Number         0  handlers.o ABSOLUTE
    init.s                                   0x00000000   Number         0  init.o ABSOLUTE
    main.c                                   0x00000000   Number         0  main.o ABSOLUTE
    stm32f10x_it.c                           0x00000000   Number         0  stm32f10x_it.o ABSOLUTE
    RESET                                    0x08000000   Section      236  startup_stm32f10x_md.o(RESET)
    .ARM.Collect$$$$00000000                 0x080000ec   Section        0  entry.o(.ARM.Collect$$$$00000000)
    .ARM.Collect$$$$00000001                 0x080000ec   Section        4  entry2.o(.ARM.Collect$$$$00000001)
    .ARM.Collect$$$$00000004                 0x080000f0   Section        4  entry5.o(.ARM.Collect$$$$00000004)
    .ARM.Collect$$$$00000007                 0x080000f4   Section        8  entry7.o(.ARM.Collect$$$$00000007)
    .ARM.Collect$$$$00002712                 0x080000fc   Section        4  entry2.o(.ARM.Collect$$$$00002712)
    __lit__00000000                          0x080000fc   Data           4  entry2.o(.ARM.Collect$$$$00002712)
    .text                                    0x08000100   Section       36  startup_stm32f10x_md.o(.text)
    .text                                    0x08000124   Section        0  main.o(.text)
    .text                                    0x08000138   Section        0  stm32f10x_it.o(.text)
    .text                                    0x08000154   Section        0  stm32f10x_gpio.o(.text)
    .text                                    0x0800056c   Section        0  stm32f10x_rcc.o(.text)
    .text                                    0x08000a10   Section        0  stm32f10x_usart.o(.text)
    .text                                    0x08000f0c   Section        0  system_stm32f10x.o(.text)
    SetSysClockTo72                          0x08000f0d   Thumb Code   210  system_stm32f10x.o(.text)
    SetSysClock                              0x08000fdf   Thumb Code     8  system_stm32f10x.o(.text)
    .text                                    0x08001104   Section        0  uart.o(.text)
    .text                                    0x080011f8   Section       36  init.o(.text)
    i.__scatterload_copy                     0x0800121c   Section       14  handlers.o(i.__scatterload_copy)
    i.__scatterload_null                     0x0800122a   Section        2  handlers.o(i.__scatterload_null)
    i.__scatterload_zeroinit                 0x0800122c   Section       14  handlers.o(i.__scatterload_zeroinit)
    .conststring                             0x0800123a   Section       13  main.o(.conststring)
    .data                                    0x20000000   Section        4  main.o(.data)
    .data                                    0x20000004   Section       20  stm32f10x_rcc.o(.data)
    APBAHBPrescTable                         0x20000004   Data          16  stm32f10x_rcc.o(.data)
    ADCPrescTable                            0x20000014   Data           4  stm32f10x_rcc.o(.data)
    .data                                    0x20000018   Section       20  system_stm32f10x.o(.data)
    .data                                    0x2000002c   Section       12  uart.o(.data)
    .bss                                     0x20000038   Section       16  uart.o(.bss)
    STACK                                    0x20000048   Section     1024  startup_stm32f10x_md.o(STACK)

    Global Symbols

    Symbol Name                              Value     Ov Type        Size  Object(Section)

    BuildAttributes$$THM_ISAv4$P$D$K$B$S$PE$A:L22UL41UL21$X:L11$S22US41US21$IEEE1$IW$USESV6$~STKCKD$USESV7$~SHL$OSPACE$EBA8$MICROLIB$REQ8$PRES8$EABIv2 0x00000000   Number         0  anon$$obj.o ABSOLUTE
    __ARM_use_no_argv                        0x00000000   Number         0  main.o ABSOLUTE
    __decompress                              - Undefined Weak Reference
    __Vectors_Size                           0x000000ec   Number         0  startup_stm32f10x_md.o ABSOLUTE
    __Vectors                                0x08000000   Data           4  startup_stm32f10x_md.o(RESET)
    __Vectors_End                            0x080000ec   Data           0  startup_stm32f10x_md.o(RESET)
    __main                                   0x080000ed   Thumb Code     0  entry.o(.ARM.Collect$$$$00000000)
    _main_stk                                0x080000ed   Thumb Code     0  entry2.o(.ARM.Collect$$$$00000001)
    _main_scatterload                        0x080000f1   Thumb Code     0  entry5.o(.ARM.Collect$$$$00000004)
    __main_after_scatterload                 0x080000f5   Thumb Code     0  entry5.o(.ARM.Collect$$$$00000004)
    _main_init                               0x080000f5   Thumb Code     0  entry7.o(.ARM.Collect$$$$00000007)
    Reset_Handler                            0x08000101   Thumb Code     8  startup_stm32f10x_md.o(.text)
    ADC1_2_IRQHandler                        0x0800011b   Thumb Code     0  startup_stm32f10x_md.o(.text)
    CAN1_RX1_IRQHandler                      0x0800011b   Thumb Code     0  startup_stm32f10x_md.o(.text)
    CAN1_SCE_IRQHandler                      0x0800011b   Thumb Code     0  startup_stm32f10x_md.o(.text)
    DMA1_Channel1_IRQHandler                 0x0800011b   Thumb Code     0  startup_stm32f10x_md.o(.text)
    DMA1_Channel2_IRQHandler                 0x0800011b   Thumb Code     0  startup_stm32f10x_md.o(.text)
    DMA1_Channel3_IRQHandler                 0x0800011b   Thumb Code     0  startup_stm32f10x_md.o(.text)
    DMA1_Channel4_IRQHandler                 0x0800011b   Thumb Code     0  startup_stm32f10x_md.o(.text)
    DMA1_Channel5_IRQHandler                 0x0800011b   Thumb Code     0  startup_stm32f10x_md.o(.text)
    DMA1_Channel6_IRQHandler                 0x0800011b   Thumb Code     0  startup_stm32f10x_md.o(.text)
    DMA1_Channel7_IRQHandler                 0x0800011b   Thumb Code     0  startup_stm32f10x_md.o(.text)
    EXTI0_IRQHandler                         0x0800011b   Thumb Code     0  startup_stm32f10x_md.o(.text)
    EXTI15_10_IRQHandler                     0x0800011b   Thumb Code     0  startup_stm32f10x_md.o(.text)
    EXTI1_IRQHandler                         0x0800011b   Thumb Code     0  startup_stm32f10x_md.o(.text)
    EXTI2_IRQHandler                         0x0800011b   Thumb Code     0  startup_stm32f10x_md.o(.text)
    EXTI3_IRQHandler                         0x0800011b   Thumb Code     0  startup_stm32f10x_md.o(.text)
    EXTI4_IRQHandler                         0x0800011b   Thumb Code     0  startup_stm32f10x_md.o(.text)
    EXTI9_5_IRQHandler                       0x0800011b   Thumb Code     0  startup_stm32f10x_md.o(.text)
    FLASH_IRQHandler                         0x0800011b   Thumb Code     0  startup_stm32f10x_md.o(.text)
    I2C1_ER_IRQHandler                       0x0800011b   Thumb Code     0  startup_stm32f10x_md.o(.text)
    I2C1_EV_IRQHandler                       0x0800011b   Thumb Code     0  startup_stm32f10x_md.o(.text)
    I2C2_ER_IRQHandler                       0x0800011b   Thumb Code     0  startup_stm32f10x_md.o(.text)
    I2C2_EV_IRQHandler                       0x0800011b   Thumb Code     0  startup_stm32f10x_md.o(.text)
    PVD_IRQHandler                           0x0800011b   Thumb Code     0  startup_stm32f10x_md.o(.text)
    RCC_IRQHandler                           0x0800011b   Thumb Code     0  startup_stm32f10x_md.o(.text)
    RTCAlarm_IRQHandler                      0x0800011b   Thumb Code     0  startup_stm32f10x_md.o(.text)
    RTC_IRQHandler                           0x0800011b   Thumb Code     0  startup_stm32f10x_md.o(.text)
    SPI1_IRQHandler                          0x0800011b   Thumb Code     0  startup_stm32f10x_md.o(.text)
    SPI2_IRQHandler                          0x0800011b   Thumb Code     0  startup_stm32f10x_md.o(.text)
    TAMPER_IRQHandler                        0x0800011b   Thumb Code     0  startup_stm32f10x_md.o(.text)
    TIM1_BRK_IRQHandler                      0x0800011b   Thumb Code     0  startup_stm32f10x_md.o(.text)
    TIM1_CC_IRQHandler                       0x0800011b   Thumb Code     0  startup_stm32f10x_md.o(.text)
    TIM1_TRG_COM_IRQHandler                  0x0800011b   Thumb Code     0  startup_stm32f10x_md.o(.text)
    TIM1_UP_IRQHandler                       0x0800011b   Thumb Code     0  startup_stm32f10x_md.o(.text)
    TIM2_IRQHandler                          0x0800011b   Thumb Code     0  startup_stm32f10x_md.o(.text)
    TIM3_IRQHandler                          0x0800011b   Thumb Code     0  startup_stm32f10x_md.o(.text)
    TIM4_IRQHandler                          0x0800011b   Thumb Code     0  startup_stm32f10x_md.o(.text)
    USART1_IRQHandler                        0x0800011b   Thumb Code     0  startup_stm32f10x_md.o(.text)
    USART2_IRQHandler                        0x0800011b   Thumb Code     0  startup_stm32f10x_md.o(.text)
    USART3_IRQHandler                        0x0800011b   Thumb Code     0  startup_stm32f10x_md.o(.text)
    USBWakeUp_IRQHandler                     0x0800011b   Thumb Code     0  startup_stm32f10x_md.o(.text)
    USB_HP_CAN1_TX_IRQHandler                0x0800011b   Thumb Code     0  startup_stm32f10x_md.o(.text)
    USB_LP_CAN1_RX0_IRQHandler               0x0800011b   Thumb Code     0  startup_stm32f10x_md.o(.text)
    WWDG_IRQHandler                          0x0800011b   Thumb Code     0  startup_stm32f10x_md.o(.text)
    main                                     0x08000125   Thumb Code    16  main.o(.text)
    NMI_Handler                              0x08000139   Thumb Code     2  stm32f10x_it.o(.text)
    HardFault_Handler                        0x0800013b   Thumb Code     4  stm32f10x_it.o(.text)
    MemManage_Handler                        0x0800013f   Thumb Code     4  stm32f10x_it.o(.text)
    BusFault_Handler                         0x08000143   Thumb Code     4  stm32f10x_it.o(.text)
    UsageFault_Handler                       0x08000147   Thumb Code     4  stm32f10x_it.o(.text)
    SVC_Handler                              0x0800014b   Thumb Code     2  stm32f10x_it.o(.text)
    DebugMon_Handler                         0x0800014d   Thumb Code     2  stm32f10x_it.o(.text)
    PendSV_Handler                           0x0800014f   Thumb Code     2  stm32f10x_it.o(.text)
    SysTick_Handler                          0x08000151   Thumb Code     2  stm32f10x_it.o(.text)
    GPIO_DeInit                              0x08000155   Thumb Code   172  stm32f10x_gpio.o(.text)
    GPIO_AFIODeInit                          0x08000201   Thumb Code    20  stm32f10x_gpio.o(.text)
    GPIO_Init                                0x08000215   Thumb Code   342  stm32f10x_gpio.o(.text)
    GPIO_StructInit                          0x0800036b   Thumb Code    20  stm32f10x_gpio.o(.text)
    GPIO_ReadInputDataBit                    0x0800037f   Thumb Code    30  stm32f10x_gpio.o(.text)
    GPIO_ReadInputData                       0x0800039d   Thumb Code     8  stm32f10x_gpio.o(.text)
    GPIO_ReadOutputDataBit                   0x080003a5   Thumb Code    30  stm32f10x_gpio.o(.text)
    GPIO_ReadOutputData                      0x080003c3   Thumb Code     8  stm32f10x_gpio.o(.text)
    GPIO_SetBits                             0x080003cb   Thumb Code     4  stm32f10x_gpio.o(.text)
    GPIO_ResetBits                           0x080003cf   Thumb Code     4  stm32f10x_gpio.o(.text)
    GPIO_WriteBit                            0x080003d3   Thumb Code    10  stm32f10x_gpio.o(.text)
    GPIO_Write                               0x080003dd   Thumb Code     4  stm32f10x_gpio.o(.text)
    GPIO_PinLockConfig                       0x080003e1   Thumb Code    28  stm32f10x_gpio.o(.text)
    GPIO_EventOutputConfig                   0x080003fd   Thumb Code    42  stm32f10x_gpio.o(.text)
    GPIO_EventOutputCmd                      0x08000427   Thumb Code     6  stm32f10x_gpio.o(.text)
    GPIO_PinRemapConfig                      0x0800042d   Thumb Code   180  stm32f10x_gpio.o(.text)
    GPIO_EXTILineConfig                      0x080004e1   Thumb Code   128  stm32f10x_gpio.o(.text)
    GPIO_ETH_MediaInterfaceConfig            0x08000561   Thumb Code     6  stm32f10x_gpio.o(.text)
    RCC_DeInit                               0x0800056d   Thumb Code    68  stm32f10x_rcc.o(.text)
    RCC_HSEConfig                            0x080005b1   Thumb Code    70  stm32f10x_rcc.o(.text)
    RCC_GetFlagStatus                        0x080005f7   Thumb Code    84  stm32f10x_rcc.o(.text)
    RCC_WaitForHSEStartUp                    0x0800064b   Thumb Code    64  stm32f10x_rcc.o(.text)
    RCC_AdjustHSICalibrationValue            0x0800068b   Thumb Code    32  stm32f10x_rcc.o(.text)
    RCC_HSICmd                               0x080006ab   Thumb Code     6  stm32f10x_rcc.o(.text)
    RCC_PLLConfig                            0x080006b1   Thumb Code    36  stm32f10x_rcc.o(.text)
    RCC_PLLCmd                               0x080006d5   Thumb Code     6  stm32f10x_rcc.o(.text)
    RCC_SYSCLKConfig                         0x080006db   Thumb Code    32  stm32f10x_rcc.o(.text)
    RCC_GetSYSCLKSource                      0x080006fb   Thumb Code    10  stm32f10x_rcc.o(.text)
    RCC_HCLKConfig                           0x08000705   Thumb Code    32  stm32f10x_rcc.o(.text)
    RCC_PCLK1Config                          0x08000725   Thumb Code    32  stm32f10x_rcc.o(.text)
    RCC_PCLK2Config                          0x08000745   Thumb Code    32  stm32f10x_rcc.o(.text)
    RCC_ITConfig                             0x08000765   Thumb Code    36  stm32f10x_rcc.o(.text)
    RCC_USBCLKConfig                         0x08000789   Thumb Code     6  stm32f10x_rcc.o(.text)
    RCC_ADCCLKConfig                         0x0800078f   Thumb Code    32  stm32f10x_rcc.o(.text)
    RCC_LSEConfig                            0x080007af   Thumb Code    50  stm32f10x_rcc.o(.text)
    RCC_LSICmd                               0x080007e1   Thumb Code     6  stm32f10x_rcc.o(.text)
    RCC_RTCCLKConfig                         0x080007e7   Thumb Code    14  stm32f10x_rcc.o(.text)
    RCC_RTCCLKCmd                            0x080007f5   Thumb Code     6  stm32f10x_rcc.o(.text)
    RCC_GetClocksFreq                        0x080007fb   Thumb Code   250  stm32f10x_rcc.o(.text)
    RCC_AHBPeriphClockCmd                    0x080008f5   Thumb Code    30  stm32f10x_rcc.o(.text)
    RCC_APB2PeriphClockCmd                   0x08000913   Thumb Code    30  stm32f10x_rcc.o(.text)
    RCC_APB1PeriphClockCmd                   0x08000931   Thumb Code    80  stm32f10x_rcc.o(.text)
    RCC_APB2PeriphResetCmd                   0x08000981   Thumb Code    30  stm32f10x_rcc.o(.text)
    RCC_APB1PeriphResetCmd                   0x0800099f   Thumb Code    30  stm32f10x_rcc.o(.text)
    RCC_BackupResetCmd                       0x080009bd   Thumb Code     6  stm32f10x_rcc.o(.text)
    RCC_ClockSecuritySystemCmd               0x080009c3   Thumb Code     6  stm32f10x_rcc.o(.text)
    RCC_MCOConfig                            0x080009c9   Thumb Code     6  stm32f10x_rcc.o(.text)
    RCC_ClearFlag                            0x080009cf   Thumb Code    14  stm32f10x_rcc.o(.text)
    RCC_GetITStatus                          0x080009dd   Thumb Code    32  stm32f10x_rcc.o(.text)
    RCC_ClearITPendingBit                    0x080009fd   Thumb Code     6  stm32f10x_rcc.o(.text)
    USART_DeInit                             0x08000a11   Thumb Code   134  stm32f10x_usart.o(.text)
    USART_Init                               0x08000a97   Thumb Code   278  stm32f10x_usart.o(.text)
    USART_StructInit                         0x08000bad   Thumb Code    30  stm32f10x_usart.o(.text)
    USART_ClockInit                          0x08000bcb   Thumb Code    54  stm32f10x_usart.o(.text)
    USART_ClockStructInit                    0x08000c01   Thumb Code    14  stm32f10x_usart.o(.text)
    USART_Cmd                                0x08000c0f   Thumb Code    26  stm32f10x_usart.o(.text)
    USART_ITConfig                           0x08000c29   Thumb Code   102  stm32f10x_usart.o(.text)
    USART_DMACmd                             0x08000c8f   Thumb Code    30  stm32f10x_usart.o(.text)
    USART_SetAddress                         0x08000cad   Thumb Code    22  stm32f10x_usart.o(.text)
    USART_WakeUpConfig                       0x08000cc3   Thumb Code    22  stm32f10x_usart.o(.text)
    USART_ReceiverWakeUpCmd                  0x08000cd9   Thumb Code    26  stm32f10x_usart.o(.text)
    USART_LINBreakDetectLengthConfig         0x08000cf3   Thumb Code    22  stm32f10x_usart.o(.text)
    USART_LINCmd                             0x08000d09   Thumb Code    26  stm32f10x_usart.o(.text)
    USART_SendData                           0x08000d23   Thumb Code     8  stm32f10x_usart.o(.text)
    USART_ReceiveData                        0x08000d2b   Thumb Code    10  stm32f10x_usart.o(.text)
    USART_SendBreak                          0x08000d35   Thumb Code    10  stm32f10x_usart.o(.text)
    USART_SetGuardTime                       0x08000d3f   Thumb Code    16  stm32f10x_usart.o(.text)
    USART_SetPrescaler                       0x08000d4f   Thumb Code    18  stm32f10x_usart.o(.text)
    USART_SmartCardCmd                       0x08000d61   Thumb Code    26  stm32f10x_usart.o(.text)
    USART_SmartCardNACKCmd                   0x08000d7b   Thumb Code    26  stm32f10x_usart.o(.text)
    USART_HalfDuplexCmd                      0x08000d95   Thumb Code    26  stm32f10x_usart.o(.text)
    USART_OverSampling8Cmd                   0x08000daf   Thumb Code    22  stm32f10x_usart.o(.text)
    USART_OneBitMethodCmd                    0x08000dc5   Thumb Code    26  stm32f10x_usart.o(.text)
    USART_IrDAConfig                         0x08000ddf   Thumb Code    42  stm32f10x_usart.o(.text)
    USART_IrDACmd                            0x08000e09   Thumb Code    26  stm32f10x_usart.o(.text)
    USART_GetFlagStatus                      0x08000e23   Thumb Code    38  stm32f10x_usart.o(.text)
    USART_ClearFlag                          0x08000e49   Thumb Code    20  stm32f10x_usart.o(.text)
    USART_GetITStatus                        0x08000e5d   Thumb Code   128  stm32f10x_usart.o(.text)
    USART_ClearITPendingBit                  0x08000edd   Thumb Code    46  stm32f10x_usart.o(.text)
    SystemInit                               0x08000fe7   Thumb Code    82  system_stm32f10x.o(.text)
    SystemCoreClockUpdate                    0x08001039   Thumb Code   166  system_stm32f10x.o(.text)
    USART_Configuration                      0x08001105   Thumb Code   134  uart.o(.text)
    USART2_Putc                              0x0800118b   Thumb Code    28  uart.o(.text)
    USART2_Puts                              0x080011a7   Thumb Code    42  uart.o(.text)
    Delay                                    0x080011d1   Thumb Code    20  uart.o(.text)
    __scatterload                            0x080011f9   Thumb Code    28  init.o(.text)
    __scatterload_rt2                        0x080011f9   Thumb Code     0  init.o(.text)
    __scatterload_copy                       0x0800121d   Thumb Code    14  handlers.o(i.__scatterload_copy)
    __scatterload_null                       0x0800122b   Thumb Code     2  handlers.o(i.__scatterload_null)
    __scatterload_zeroinit                   0x0800122d   Thumb Code    14  handlers.o(i.__scatterload_zeroinit)
    Region$$Table$$Base                      0x08001248   Number         0  anon$$obj.o(Region$$Table)
    Region$$Table$$Limit                     0x08001268   Number         0  anon$$obj.o(Region$$Table)
    str                                      0x20000000   Data           4  main.o(.data)
    SystemCoreClock                          0x20000018   Data           4  system_stm32f10x.o(.data)
    AHBPrescTable                            0x2000001c   Data          16  system_stm32f10x.o(.data)
    GPIO_InitStructure                       0x2000002c   Data           4  uart.o(.data)
    USART_ClockInitStructure                 0x20000030   Data           8  uart.o(.data)
    USART_InitStructure                      0x20000038   Data          16  uart.o(.bss)
    __initial_sp                             0x20000448   Data           0  startup_stm32f10x_md.o(STACK)



==============================================================================

Memory Map of the image

  Image Entry point : 0x080000ed

  Load Region LR_IROM1 (Base: 0x08000000, Size: 0x000012a0, Max: 0x00020000, ABSOLUTE)

    Execution Region ER_IROM1 (Base: 0x08000000, Size: 0x00001268, Max: 0x00020000, ABSOLUTE)

    Base Addr    Size         Type   Attr      Idx    E Section Name        Object

    0x08000000   0x000000ec   Data   RO            3    RESET               startup_stm32f10x_md.o
    0x080000ec   0x00000000   Code   RO          456  * .ARM.Collect$$$$00000000  mc_w.l(entry.o)
    0x080000ec   0x00000004   Code   RO          459    .ARM.Collect$$$$00000001  mc_w.l(entry2.o)
    0x080000f0   0x00000004   Code   RO          462    .ARM.Collect$$$$00000004  mc_w.l(entry5.o)
    0x080000f4   0x00000008   Code   RO          463    .ARM.Collect$$$$00000007  mc_w.l(entry7.o)
    0x080000fc   0x00000004   Code   RO          460    .ARM.Collect$$$$00002712  mc_w.l(entry2.o)
    0x08000100   0x00000024   Code   RO            4    .text               startup_stm32f10x_md.o
    0x08000124   0x00000014   Code   RO           10    .text               main.o
    0x08000138   0x0000001a   Code   RO          116    .text               stm32f10x_it.o
    0x08000152   0x00000002   PAD
    0x08000154   0x00000418   Code   RO          275    .text               stm32f10x_gpio.o
    0x0800056c   0x000004a4   Code   RO          323    .text               stm32f10x_rcc.o
    0x08000a10   0x000004fa   Code   RO          385    .text               stm32f10x_usart.o
    0x08000f0a   0x00000002   PAD
    0x08000f0c   0x000001f8   Code   RO          419    .text               system_stm32f10x.o
    0x08001104   0x000000f4   Code   RO          437    .text               uart.o
    0x080011f8   0x00000024   Code   RO          464    .text               mc_w.l(init.o)
    0x0800121c   0x0000000e   Code   RO          468    i.__scatterload_copy  mc_w.l(handlers.o)
    0x0800122a   0x00000002   Code   RO          469    i.__scatterload_null  mc_w.l(handlers.o)
    0x0800122c   0x0000000e   Code   RO          470    i.__scatterload_zeroinit  mc_w.l(handlers.o)
    0x0800123a   0x0000000d   Data   RO           11    .conststring        main.o
    0x08001247   0x00000001   PAD
    0x08001248   0x00000020   Data   RO          466    Region$$Table       anon$$obj.o


    Execution Region RW_IRAM1 (Base: 0x20000000, Size: 0x00000448, Max: 0x00004000, ABSOLUTE)

    Base Addr    Size         Type   Attr      Idx    E Section Name        Object

    0x20000000   0x00000004   Data   RW           12    .data               main.o
    0x20000004   0x00000014   Data   RW          324    .data               stm32f10x_rcc.o
    0x20000018   0x00000014   Data   RW          420    .data               system_stm32f10x.o
    0x2000002c   0x0000000c   Data   RW          439    .data               uart.o
    0x20000038   0x00000010   Zero   RW          438    .bss                uart.o
    0x20000048   0x00000400   Zero   RW            1    STACK               startup_stm32f10x_md.o


==============================================================================

Image component sizes


      Code (inc. data)   RO Data    RW Data    ZI Data      Debug   Object Name

        20          4         13          4          0     230477   main.o
        36          8        236          0       1024        760   startup_stm32f10x_md.o
      1048         46          0          0          0       5637   stm32f10x_gpio.o
        26          0          0          0          0       1110   stm32f10x_it.o
      1188         64          0         20          0       8704   stm32f10x_rcc.o
      1274         20          0          0          0       8316   stm32f10x_usart.o
       504         38          0         20          0       1575   system_stm32f10x.o
       244         20          0         12         16       1258   uart.o

    ----------------------------------------------------------------------
      4344        200        282         56       1040     257837   Object Totals
         0          0         32          0          0          0   (incl. Generated)
         4          0          1          0          0          3   (incl. Padding)

    ----------------------------------------------------------------------

      Code (inc. data)   RO Data    RW Data    ZI Data      Debug   Library Member Name

         0          0          0          0          0          0   entry.o
         8          4          0          0          0          0   entry2.o
         4          0          0          0          0          0   entry5.o
         8          4          0          0          0          0   entry7.o
        30          0          0          0          0          0   handlers.o
        36          8          0          0          0         68   init.o

    ----------------------------------------------------------------------
        86         16          0          0          0         68   Library Totals
         0          0          0          0          0          0   (incl. Padding)

    ----------------------------------------------------------------------

      Code (inc. data)   RO Data    RW Data    ZI Data      Debug   Library Name

        86         16          0          0          0         68   mc_w.l

    ----------------------------------------------------------------------
        86         16          0          0          0         68   Library Totals

    ----------------------------------------------------------------------

==============================================================================


      Code (inc. data)   RO Data    RW Data    ZI Data      Debug   

      4430        216        282         56       1040     257336   Grand Totals
      4430        216        282         56       1040     257336   ELF Image Totals
      4430        216        282         56          0          0   ROM Totals

==============================================================================

    Total RO  Size (Code + RO Data)                 4712 (   4.60kB)
    Total RW  Size (RW Data + ZI Data)              1096 (   1.07kB)
    Total ROM Size (Code + RO Data + RW Data)       4768 (   4.66kB)

==============================================================================

