 lencod

 Timestamp is 50892d4d (Thu Oct 25 20:15:09 2012)

 Preferred load address is 00400000

 Start         Length     Name                   Class
 0001:00000000 00077ffaH .text                   CODE
 0002:00000000 0000da61H .rdata                  DATA
 0002:0000da61 00000000H .edata                  DATA
 0003:00000000 00000004H .CRT$XCA                DATA
 0003:00000004 00000004H .CRT$XCZ                DATA
 0003:00000008 00000004H .CRT$XIA                DATA
 0003:0000000c 00000008H .CRT$XIC                DATA
 0003:00000014 00000004H .CRT$XIZ                DATA
 0003:00000018 00000004H .CRT$XPA                DATA
 0003:0000001c 00000004H .CRT$XPX                DATA
 0003:00000020 00000004H .CRT$XPZ                DATA
 0003:00000024 00000004H .CRT$XTA                DATA
 0003:00000028 00000004H .CRT$XTZ                DATA
 0003:00000030 0000411cH .data                   DATA
 0003:00004150 0003e1c8H .bss                    DATA
 0004:00000000 00000014H .idata$2                DATA
 0004:00000014 00000014H .idata$3                DATA
 0004:00000028 000000fcH .idata$4                DATA
 0004:00000124 000000fcH .idata$5                DATA
 0004:00000220 00000466H .idata$6                DATA

  Address         Publics by Value              Rva+Base     Lib:Object

 0001:00000000       _WriteAnnexbNALU           00401000 f   annexb.obj
 0001:00000340       _OpenAnnexbFile            00401340 f   annexb.obj
 0001:000003a0       _CloseAnnexbFile           004013a0 f   annexb.obj
 0001:000003f0       _arienco_create_encoding_environment 004013f0 f   biariencode.obj
 0001:00000440       _arienco_delete_encoding_environment 00401440 f   biariencode.obj
 0001:000004b0       _arienco_start_encoding    004014b0 f   biariencode.obj
 0001:00000540       _arienco_bits_written      00401540 f   biariencode.obj
 0001:00000580       _arienco_done_encoding     00401580 f   biariencode.obj
 0001:00000970       _biari_encode_symbol       00401970 f   biariencode.obj
 0001:00000d70       _biari_encode_symbol_eq_prob 00401d70 f   biariencode.obj
 0001:00001090       _biari_encode_symbol_final 00402090 f   biariencode.obj
 0001:000013f0       _biari_init_context        004023f0 f   biariencode.obj
 0001:000014b0       _intrapred_luma            004024b0 f   block.obj
 0001:000026d0       _intrapred_luma_16x16      004036d0 f   block.obj
 0001:00002f60       _dct_luma_16x16            00403f60 f   block.obj
 0001:00004380       _dct_luma                  00405380 f   block.obj
 0001:00004d80       _dct_chroma                00405d80 f   block.obj
 0001:00005e00       _dct_luma_sp               00406e00 f   block.obj
 0001:00006ef0       _dct_chroma_sp             00407ef0 f   block.obj
 0001:00008a00       _copyblock_sp              00409a00 f   block.obj
 0001:00009100       _create_contexts_MotionInfo 0040a100 f   cabac.obj
 0001:00009160       _create_contexts_TextureInfo 0040a160 f   cabac.obj
 0001:000091c0       _delete_contexts_MotionInfo 0040a1c0 f   cabac.obj
 0001:00009200       _delete_contexts_TextureInfo 0040a200 f   cabac.obj
 0001:00009240       _writeSyntaxElement_CABAC  0040a240 f   cabac.obj
 0001:000092d0       _writeFieldModeInfo_CABAC  0040a2d0 f   cabac.obj
 0001:00009400       _writeMB_skip_flagInfo_CABAC 0040a400 f   cabac.obj
 0001:00009600       _writeMB_typeInfo_CABAC    0040a600 f   cabac.obj
 0001:0000a0b0       _writeB8_typeInfo_CABAC    0040b0b0 f   cabac.obj
 0001:0000a4d0       _writeIntraPredMode_CABAC  0040b4d0 f   cabac.obj
 0001:0000a5a0       _writeRefFrame_CABAC       0040b5a0 f   cabac.obj
 0001:0000a970       _writeDquant_CABAC         0040b970 f   cabac.obj
 0001:0000aaa0       _writeMVD_CABAC            0040baa0 f   cabac.obj
 0001:0000af00       _writeCIPredMode_CABAC     0040bf00 f   cabac.obj
 0001:0000b020       _writeCBP_BIT_CABAC        0040c020 f   cabac.obj
 0001:0000b140       _writeCBP_CABAC            0040c140 f   cabac.obj
 0001:0000b350       _write_and_store_CBP_block_bit 0040c350 f   cabac.obj
 0001:0000b860       _write_significance_map    0040c860 f   cabac.obj
 0001:0000bab0       _write_significant_coefficients 0040cab0 f   cabac.obj
 0001:0000bc50       _writeRunLevel_CABAC       0040cc50 f   cabac.obj
 0001:0000bdd0       _unary_bin_encode          0040cdd0 f   cabac.obj
 0001:0000be70       _unary_bin_max_encode      0040ce70 f   cabac.obj
 0001:0000bf20       _exp_golomb_encode_eq_prob 0040cf20 f   cabac.obj
 0001:0000bfd0       _unary_exp_golomb_level_encode 0040cfd0 f   cabac.obj
 0001:0000c0b0       _unary_exp_golomb_mv_encode 0040d0b0 f   cabac.obj
 0001:0000c1c0       _Configure                 0040d1c0 f   configfile.obj
 0001:0000d650       _PatchInputNoFrames        0040e650 f   configfile.obj
 0001:0000d6e0       _create_context_memory     0040e6e0 f   context_ini.obj
 0001:0000da10       _free_context_memory       0040ea10 f   context_ini.obj
 0001:0000daf0       _SetCtxModelNumber         0040eaf0 f   context_ini.obj
 0001:0000dc30       _init_contexts             0040ec30 f   context_ini.obj
 0001:0000e8a0       _XRate                     0040f8a0 f   context_ini.obj
 0001:0000ea00       _GetCtxModelNumber         0040fa00 f   context_ini.obj
 0001:0000f670       _store_contexts            00410670 f   context_ini.obj
 0001:0000f740       _update_field_frame_contexts 00410740 f   context_ini.obj
 0001:0000f8a0       _decode_one_b8block        004108a0 f   decoder.obj
 0001:0000ff40       _decode_one_mb             00410f40 f   decoder.obj
 0001:00010070       _Get_Reference_Block       00411070 f   decoder.obj
 0001:00010120       _Get_Reference_Pixel       00411120 f   decoder.obj
 0001:000112a0       _UpdateDecoders            004122a0 f   decoder.obj
 0001:00011360       _DecOneForthPix            00412360 f   decoder.obj
 0001:00011400       _compute_residue_b8block   00412400 f   decoder.obj
 0001:00011590       _compute_residue_mb        00412590 f   decoder.obj
 0001:00011600       _Build_Status_Map          00412600 f   decoder.obj
 0001:000117e0       _Error_Concealment         004127e0 f   decoder.obj
 0001:000118a0       _Conceal_Error             004128a0 f   decoder.obj
 0001:000121c0       _error                     004131c0 f   filehandle.obj
 0001:00012210       _start_sequence            00413210 f   filehandle.obj
 0001:00012360       _terminate_sequence        00413360 f   filehandle.obj
 0001:00012400       _FmoInit                   00413400 f   fmo.obj
 0001:000126c0       _FmoUninit                 004136c0 f   fmo.obj
 0001:00012700       _FmoStartPicture           00413700 f   fmo.obj
 0001:000127f0       _FmoEndPicture             004137f0 f   fmo.obj
 0001:00012820       _FmoMB2SliceGroup          00413820 f   fmo.obj
 0001:000128b0       _FmoGetNextMBNr            004138b0 f   fmo.obj
 0001:00012950       _FmoGetFirstMBOfSliceGroup 00413950 f   fmo.obj
 0001:000129c0       _FmoGetLastCodedMBOfSliceGroup 004139c0 f   fmo.obj
 0001:00012a30       _FmoSetLastMacroblockInSlice 00413a30 f   fmo.obj
 0001:00012ab0       _FmoGetFirstMacroblockInSlice 00413ab0 f   fmo.obj
 0001:00012ae0       _FmoSliceGroupCompletelyCoded 00413ae0 f   fmo.obj
 0001:00012c80       _FmoGenerateType2MBAmap    00413c80 f   fmo.obj
 0001:00012de0       _FmoInitEvolvingMBAmap     00413de0 f   fmo.obj
 0001:00012fc0       _FmoUpdateEvolvingMBAmap   00413fc0 f   fmo.obj
 0001:000139e0       _SliceHeader               004149e0 f   header.obj
 0001:000149c0       _get_picture_type          004159c0 f   header.obj
 0001:00014a50       _Partition_BC_Header       00415a50 f   header.obj
 0001:00014be0       _code_a_picture            00415be0 f   image.obj
 0001:00014f60       _encode_one_frame          00415f60 f   image.obj
 0001:00015860       _frame_picture             00416860 f   image.obj
 0001:00015b00       _field_picture             00416b00 f   image.obj
 0001:00018140       _UnifiedOneForthPix        00419140 f   image.obj
 0001:0001af40       _dummy_slice_too_big       0041bf40 f   image.obj
 0001:0001af70       _copy_rdopt_data           0041bf70 f   image.obj
 0001:0001f7c0       _get_block                 004207c0 f   image.obj
 0001:00020ee0       _RandomIntraInit           00421ee0 f   intrarefresh.obj
 0001:00021020       _RandomIntra               00422020 f   intrarefresh.obj
 0001:00021080       _RandomIntraNewPicture     00422080 f   intrarefresh.obj
 0001:00021100       _RandomIntraUninit         00422100 f   intrarefresh.obj
 0001:00021150       _get_LeakyBucketRate       00422150 f   leaky_bucket.obj
 0001:00021220       _PutBigDoubleWord          00422220 f   leaky_bucket.obj
 0001:000212b0       _write_buffer              004222b0 f   leaky_bucket.obj
 0001:000214a0       _Sort                      004224a0 f   leaky_bucket.obj
 0001:00021540       _calc_buffer               00422540 f   leaky_bucket.obj
 0001:00021950       _main                      00422950 f   lencod.obj
 0001:00022150       _init_poc                  00423150 f   lencod.obj
 0001:000222e0       _push_poc                  004232e0 f   lencod.obj
 0001:00022370       _CAVLC_init                00423370 f   lencod.obj
 0001:00022450       _init_img                  00423450 f   lencod.obj
 0001:00022de0       _free_img                  00423de0 f   lencod.obj
 0001:00022f10       _malloc_picture            00423f10 f   lencod.obj
 0001:00022f70       _free_picture              00423f70 f   lencod.obj
 0001:00022fc0       _report                    00423fc0 f   lencod.obj
 0001:000254e0       _information_init          004264e0 f   lencod.obj
 0001:000255a0       _init_global_buffers       004265a0 f   lencod.obj
 0001:000261b0       _free_global_buffers       004271b0 f   lencod.obj
 0001:00026820       _get_mem_mv                00427820 f   lencod.obj
 0001:00026a30       _free_mem_mv               00427a30 f   lencod.obj
 0001:00026b60       _get_mem_ACcoeff           00427b60 f   lencod.obj
 0001:00026cd0       _get_mem_DCcoeff           00427cd0 f   lencod.obj
 0001:00026dd0       _free_mem_ACcoeff          00427dd0 f   lencod.obj
 0001:00026eb0       _free_mem_DCcoeff          00427eb0 f   lencod.obj
 0001:00026f50       _combine_field             00427f50 f   lencod.obj
 0001:00027120       _decide_fld_frame          00428120 f   lencod.obj
 0001:00027170       _process_2nd_IGOP          00428170 f   lencod.obj
 0001:00027240       _SetImgType                00428240 f   lencod.obj
 0001:00027350       _poc_distance              00428350 f   lencod.obj
 0001:00027390       _DeblockFrame              00428390 f   loopFilter.obj
 0001:00027410       _DeblockMb                 00428410 f   loopFilter.obj
 0001:000277d0       _GetStrength               004287d0 f   loopFilter.obj
 0001:00027f50       _EdgeLoop                  00428f50 f   loopFilter.obj
 0001:00028720       _set_MB_parameters         00429720 f   macroblock.obj
 0001:00028950       _clip1a                    00429950 f   macroblock.obj
 0001:000289a0       _proceed2nextMacroblock    004299a0 f   macroblock.obj
 0001:00028cf0       _start_macroblock          00429cf0 f   macroblock.obj
 0001:000292b0       _terminate_macroblock      0042a2b0 f   macroblock.obj
 0001:00029aa0       _slice_too_big             0042aaa0 f   macroblock.obj
 0001:00029bd0       _OneComponentLumaPrediction4x4 0042abd0 f   macroblock.obj
 0001:00029f30       _copyblock4x4              0042af30 f   macroblock.obj
 0001:0002a090       _LumaPrediction4x4         0042b090 f   macroblock.obj
 0001:0002add0       _LumaResidualCoding8x8     0042bdd0 f   macroblock.obj
 0001:0002b1f0       _SetModesAndRefframe       0042c1f0 f   macroblock.obj
 0001:0002b5c0       _LumaResidualCoding        0042c5c0 f   macroblock.obj
 0001:0002b7d0       _OneComponentChromaPrediction4x4 0042c7d0 f   macroblock.obj
 0001:0002bf40       _IntraChromaPrediction4x4  0042cf40 f   macroblock.obj
 0001:0002c000       _ChromaPrediction4x4       0042d000 f   macroblock.obj
 0001:0002cc70       _ChromaResidualCoding      0042dc70 f   macroblock.obj
 0001:0002d130       _IntraChromaPrediction8x8  0042e130 f   macroblock.obj
 0001:0002dfe0       _SetRefFrameInfo           0042efe0 f   macroblock.obj
 0001:0002e0f0       _ZeroRef                   0042f0f0 f   macroblock.obj
 0001:0002e1e0       _MBType2Value              0042f1e0 f   macroblock.obj
 0001:0002e350       _writeIntra4x4Modes        0042f350 f   macroblock.obj
 0001:0002e6a0       _B8Mode2Value              0042f6a0 f   macroblock.obj
 0001:0002e6f0       _writeMBHeader             0042f6f0 f   macroblock.obj
 0001:0002f3e0       _write_terminating_bit     004303e0 f   macroblock.obj
 0001:0002f4b0       _writeChromaIntraPredMode  004304b0 f   macroblock.obj
 0001:0002f630       _write_one_macroblock      00430630 f   macroblock.obj
 0001:0002f890       _BType2CtxRef              00430890 f   macroblock.obj
 0001:0002f8c0       _writeReferenceFrame       004308c0 f   macroblock.obj
 0001:0002fb30       _writeMotionVector8x8      00430b30 f   macroblock.obj
 0001:00030210       _writeMotionInfo2NAL       00431210 f   macroblock.obj
 0001:000309c0       _writeChromaCoeff          004319c0 f   macroblock.obj
 0001:00031000       _writeLumaCoeff4x4_CABAC   00432000 f   macroblock.obj
 0001:000312a0       _writeLumaCoeff8x8         004322a0 f   macroblock.obj
 0001:00031340       _writeCBPandLumaCoeff      00432340 f   macroblock.obj
 0001:00031c10       _predict_nnz               00432c10 f   macroblock.obj
 0001:00031e70       _predict_nnz_chroma        00432e70 f   macroblock.obj
 0001:000320e0       _writeCoeff4x4_CAVLC       004330e0 f   macroblock.obj
 0001:00032cd0       _find_sad_16x16            00433cd0 f   macroblock.obj
 0001:00033950       _mb_is_available           00434950 f   mb_access.obj
 0001:000339d0       _CheckAvailabilityOfNeighbors 004349d0 f   mb_access.obj
 0001:00033d90       _get_mb_block_pos          00434d90 f   mb_access.obj
 0001:00033e40       _get_mb_pos                00434e40 f   mb_access.obj
 0001:00033ea0       _getNonAffNeighbour        00434ea0 f   mb_access.obj
 0001:000340a0       _getAffNeighbour           004350a0 f   mb_access.obj
 0001:00034880       _getNeighbour              00435880 f   mb_access.obj
 0001:00034900       _getLuma4x4Neighbour       00435900 f   mb_access.obj
 0001:000349c0       _getChroma4x4Neighbour     004359c0 f   mb_access.obj
 0001:00034a80       _dump_dpb                  00435a80 f   mbuffer.obj
 0001:00034c00       _init_dpb                  00435c00 f   mbuffer.obj
 0001:00034dd0       _free_dpb                  00435dd0 f   mbuffer.obj
 0001:00034ed0       _alloc_frame_store         00435ed0 f   mbuffer.obj
 0001:00034f60       _alloc_storable_picture    00435f60 f   mbuffer.obj
 0001:00035160       _free_frame_store          00436160 f   mbuffer.obj
 0001:00035210       _free_storable_picture     00436210 f   mbuffer.obj
 0001:00035350       _is_short_ref              00436350 f   mbuffer.obj
 0001:000353a0       _is_long_ref               004363a0 f   mbuffer.obj
 0001:000353f0       _init_lists                004363f0 f   mbuffer.obj
 0001:00036640       _init_mbaff_lists          00437640 f   mbuffer.obj
 0001:00036840       _reorder_ref_pic_list      00437840 f   mbuffer.obj
 0001:00036ea0       _update_ref_list           00437ea0 f   mbuffer.obj
 0001:00036f60       _update_ltref_list         00437f60 f   mbuffer.obj
 0001:00037020       _mm_update_max_long_term_frame_idx 00438020 f   mbuffer.obj
 0001:00037160       _store_picture_in_dpb      00438160 f   mbuffer.obj
 0001:00038d70       _flush_dpb                 00439d70 f   mbuffer.obj
 0001:00038df0       _dpb_split_field           00439df0 f   mbuffer.obj
 0001:00039390       _dpb_combine_field         0043a390 f   mbuffer.obj
 0001:0003a860       _alloc_ref_pic_list_reordering_buffer 0043b860 f   mbuffer.obj
 0001:0003aa10       _free_ref_pic_list_reordering_buffer 0043ba10 f   mbuffer.obj
 0001:0003ab10       _get_mem2D                 0043bb10 f   memalloc.obj
 0001:0003abd0       _get_mem2Dint              0043bbd0 f   memalloc.obj
 0001:0003aca0       _get_mem3D                 0043bca0 f   memalloc.obj
 0001:0003ad40       _get_mem3Dint              0043bd40 f   memalloc.obj
 0001:0003ade0       _get_mem4Dint              0043bde0 f   memalloc.obj
 0001:0003ae80       _free_mem2D                0043be80 f   memalloc.obj
 0001:0003af00       _free_mem2Dint             0043bf00 f   memalloc.obj
 0001:0003af80       _free_mem3D                0043bf80 f   memalloc.obj
 0001:0003b000       _free_mem3Dint             0043c000 f   memalloc.obj
 0001:0003b080       _free_mem4Dint             0043c080 f   memalloc.obj
 0001:0003b100       _no_mem_exit               0043c100 f   memalloc.obj
 0001:0003b160       _InitializeFastFullIntegerSearch 0043c160 f   mv-search.obj
 0001:0003b6f0       _ClearFastFullIntegerSearch 0043c6f0 f   mv-search.obj
 0001:0003b940       _ResetFastFullIntegerSearch 0043c940 f   mv-search.obj
 0001:0003b9c0       _SetupLargerBlocks         0043c9c0 f   mv-search.obj
 0001:0003c4f0       _SetupFastFullPelSearch    0043d4f0 f   mv-search.obj
 0001:0003d4c0       _SetMotionVectorPredictor  0043e4c0 f   mv-search.obj
 0001:0003e070       _Init_Motion_Search_Module 0043f070 f   mv-search.obj
 0001:0003e570       _Clear_Motion_Search_Module 0043f570 f   mv-search.obj
 0001:0003e630       _FullPelBlockMotionSearch  0043f630 f   mv-search.obj
 0001:0003e9e0       _FastFullPelBlockMotionSearch 0043f9e0 f   mv-search.obj
 0001:0003eca0       _SATD                      0043fca0 f   mv-search.obj
 0001:0003f0d0       _SubPelBlockMotionSearch   004400d0 f   mv-search.obj
 0001:000401a0       _BlockMotionSearch         004411a0 f   mv-search.obj
 0001:00040950       _BIDPartitionCost          00441950 f   mv-search.obj
 0001:00040eb0       _ABIDPartitionCost         00441eb0 f   mv-search.obj
 0001:00041650       _BBIDPartitionCost         00442650 f   mv-search.obj
 0001:000424c0       _GetSkipCostMB             004434c0 f   mv-search.obj
 0001:00042620       _FindSkipModeMotionVector  00443620 f   mv-search.obj
 0001:00042a50       _Get_Direct_Cost8x8        00443a50 f   mv-search.obj
 0001:00042ca0       _Get_Direct_CostMB         00443ca0 f   mv-search.obj
 0001:00042d10       _PartitionMotionSearch     00443d10 f   mv-search.obj
 0001:000433d0       _Get_Direct_Motion_Vectors 004443d0 f   mv-search.obj
 0001:00045430       _sign                      00446430 f   mv-search.obj
 0001:00045480       _SODBtoRBSP                00446480 f   nal.obj
 0001:00045520       _RBSPtoEBSP                00446520 f   nal.obj
 0001:00045670       _AllocNalPayloadBuffer     00446670 f   nal.obj
 0001:000456f0       _FreeNalPayloadBuffer      004466f0 f   nal.obj
 0001:00045740       _RBSPtoNALU                00446740 f   nalu.obj
 0001:000458a0       _AllocNALU                 004468a0 f   nalucommon.obj
 0001:00045930       _FreeNALU                  00446930 f   nalucommon.obj
 0001:00045990       _write_picture             00446990 f   output.obj
 0001:00045b10       _init_out_buffer           00446b10 f   output.obj
 0001:00045b50       _uninit_out_buffer         00446b50 f   output.obj
 0001:00045ba0       _clear_picture             00446ba0 f   output.obj
 0001:00045cb0       _write_unpaired_field      00446cb0 f   output.obj
 0001:00045e10       _flush_direct_output       00446e10 f   output.obj
 0001:00045ec0       _write_stored_frame        00446ec0 f   output.obj
 0001:00045f30       _direct_output             00446f30 f   output.obj
 0001:000460b0       _GenerateParameterSets     004470b0 f   parset.obj
 0001:00046120       _FreeParameterSets         00447120 f   parset.obj
 0001:00046170       _GenerateSeq_parameter_set_NALU 00447170 f   parset.obj
 0001:00046210       _GeneratePic_parameter_set_NALU 00447210 f   parset.obj
 0001:000462b0       _FillParameterSetStructures 004472b0 f   parset.obj
 0001:00046780       _GenerateSeq_parameter_set_rbsp 00447780 f   parset.obj
 0001:00046c90       _GeneratePic_parameter_set_rbsp 00447c90 f   parset.obj
 0001:00047260       _AllocPPS                  00448260 f   parsetcommon.obj
 0001:000472f0       _AllocSPS                  004482f0 f   parsetcommon.obj
 0001:00047350       _FreePPS                   00448350 f   parsetcommon.obj
 0001:000473d0       _FreeSPS                   004483d0 f   parsetcommon.obj
 0001:00047430       _clear_rdopt               00448430 f   rdopt.obj
 0001:00047500       _init_rdopt                00448500 f   rdopt.obj
 0001:000475c0       _UpdatePixelMap            004485c0 f   rdopt.obj
 0001:000477e0       _CheckReliabilityOfRef     004487e0 f   rdopt.obj
 0001:00048410       _RDCost_for_4x4IntraBlocks 00449410 f   rdopt.obj
 0001:000487a0       _Mode_Decision_for_4x4IntraBlocks 004497a0 f   rdopt.obj
 0001:00049120       _Mode_Decision_for_8x8IntraBlocks 0044a120 f   rdopt.obj
 0001:000491d0       _Mode_Decision_for_Intra4x4Macroblock 0044a1d0 f   rdopt.obj
 0001:00049270       _RDCost_for_8x8blocks      0044a270 f   rdopt.obj
 0001:00049b00       _I16Offset                 0044ab00 f   rdopt.obj
 0001:00049b40       _SetModesAndRefframeForBlocks 0044ab40 f   rdopt.obj
 0001:0004b070       _Intra16x16_Mode_Decision  0044c070 f   rdopt.obj
 0001:0004b0d0       _SetCoeffAndReconstruction8x8 0044c0d0 f   rdopt.obj
 0001:0004b3b0       _SetMotionVectorsMB        0044c3b0 f   rdopt.obj
 0001:0004d0a0       _RDCost_for_macroblocks    0044e0a0 f   rdopt.obj
 0001:0004d770       _store_macroblock_parameters 0044e770 f   rdopt.obj
 0001:0004e070       _set_stored_macroblock_parameters 0044f070 f   rdopt.obj
 0001:0004f550       _SetRefAndMotionVectors    00450550 f   rdopt.obj
 0001:000502a0       _encode_one_macroblock     004512a0 f   rdopt.obj
 0001:00055580       _set_mbaff_parameters      00456580 f   rdopt.obj
 0001:00055c20       _delete_coding_state       00456c20 f   rdopt_coding_state.obj
 0001:00055cb0       _create_coding_state       00456cb0 f   rdopt_coding_state.obj
 0001:00055de0       _store_coding_state        00456de0 f   rdopt_coding_state.obj
 0001:00055fa0       _reset_coding_state        00456fa0 f   rdopt_coding_state.obj
 0001:00056160       _PutPel_14                 00457160 f   refbuf.obj
 0001:000561a0       _PutPel_11                 004571a0 f   refbuf.obj
 0001:000561e0       _FastPelY_11               004571e0 f   refbuf.obj
 0001:00056220       _FastLine16Y_11            00457220 f   refbuf.obj
 0001:00056260       _FastLineX                 00457260 f   refbuf.obj
 0001:000562a0       _UMVPelY_11                004572a0 f   refbuf.obj
 0001:000563e0       _UMVLine16Y_11             004573e0 f   refbuf.obj
 0001:000565d0       _UMVLineX                  004575d0 f   refbuf.obj
 0001:000567c0       _FastPelY_12               004577c0 f   refbuf.obj
 0001:00056800       _UMVPelY_12                00457800 f   refbuf.obj
 0001:00056850       _UMVPelY_14                00457850 f   refbuf.obj
 0001:000569d0       _FastPelY_14               004579d0 f   refbuf.obj
 0001:00056a00       _ComposeRTPPacket          00457a00 f   rtp.obj
 0001:00056c90       _WriteRTPPacket            00457c90 f   rtp.obj
 0001:00056d70       _WriteRTPNALU              00457d70 f   rtp.obj
 0001:00056fd0       _RTPUpdateTimestamp        00457fd0 f   rtp.obj
 0001:00057050       _OpenRTPFile               00458050 f   rtp.obj
 0001:000570b0       _CloseRTPFile              004580b0 f   rtp.obj
 0001:000570f0       _InitSEIMessages           004580f0 f   sei.obj
 0001:000571e0       _CloseSEIMessages          004581e0 f   sei.obj
 0001:00057290       _HaveAggregationSEI        00458290 f   sei.obj
 0001:00057360       _write_sei_message         00458360 f   sei.obj
 0001:000574b0       _finalize_sei_message      004584b0 f   sei.obj
 0001:00057520       _clear_sei_message         00458520 f   sei.obj
 0001:00057590       _AppendTmpbits2Buf         00458590 f   sei.obj
 0001:00057760       _InitSparePicture          00458760 f   sei.obj
 0001:00057860       _CloseSparePicture         00458860 f   sei.obj
 0001:000578f0       _CalculateSparePicture     004588f0 f   sei.obj
 0001:00057910       _ComposeSparePictureMessage 00458910 f   sei.obj
 0001:000579b0       _CompressSpareMBMap        004589b0 f   sei.obj
 0001:00057ff0       _FinalizeSpareMBMap        00458ff0 f   sei.obj
 0001:00058280       _InitSubseqInfo            00459280 f   sei.obj
 0001:000583a0       _UpdateSubseqInfo          004593a0 f   sei.obj
 0001:000584f0       _FinalizeSubseqInfo        004594f0 f   sei.obj
 0001:000586c0       _ClearSubseqInfoPayload    004596c0 f   sei.obj
 0001:00058750       _CloseSubseqInfo           00459750 f   sei.obj
 0001:000587d0       _InitSubseqLayerInfo       004597d0 f   sei.obj
 0001:00058850       _CloseSubseqLayerInfo      00459850 f   sei.obj
 0001:00058870       _FinalizeSubseqLayerInfo   00459870 f   sei.obj
 0001:00058910       _InitSubseqChar            00459910 f   sei.obj
 0001:00058a00       _ClearSubseqCharPayload    00459a00 f   sei.obj
 0001:00058a80       _UpdateSubseqChar          00459a80 f   sei.obj
 0001:00058b30       _FinalizeSubseqChar        00459b30 f   sei.obj
 0001:00058e00       _CloseSubseqChar           00459e00 f   sei.obj
 0001:00058e60       _InitSceneInformation      00459e60 f   sei.obj
 0001:00058f20       _CloseSceneInformation     00459f20 f   sei.obj
 0001:00058f80       _FinalizeSceneInformation  00459f80 f   sei.obj
 0001:00059110       _UpdateSceneInformation    0045a110 f   sei.obj
 0001:000591d0       _InitPanScanRectInfo       0045a1d0 f   sei.obj
 0001:000592a0       _ClearPanScanRectInfoPayload 0045a2a0 f   sei.obj
 0001:00059320       _UpdatePanScanRectInfo     0045a320 f   sei.obj
 0001:00059380       _FinalizePanScanRectInfo   0045a380 f   sei.obj
 0001:00059550       _ClosePanScanRectInfo      0045a550 f   sei.obj
 0001:000595b0       _InitUser_data_unregistered 0045a5b0 f   sei.obj
 0001:00059690       _ClearUser_data_unregistered 0045a690 f   sei.obj
 0001:00059730       _UpdateUser_data_unregistered 0045a730 f   sei.obj
 0001:000597e0       _FinalizeUser_data_unregistered 0045a7e0 f   sei.obj
 0001:00059950       _CloseUser_data_unregistered 0045a950 f   sei.obj
 0001:000599d0       _InitUser_data_registered_itu_t_t35 0045a9d0 f   sei.obj
 0001:00059ab0       _ClearUser_data_registered_itu_t_t35 0045aab0 f   sei.obj
 0001:00059b60       _UpdateUser_data_registered_itu_t_t35 0045ab60 f   sei.obj
 0001:00059c40       _FinalizeUser_data_registered_itu_t_t35 0045ac40 f   sei.obj
 0001:00059e10       _CloseUser_data_registered_itu_t_t35 0045ae10 f   sei.obj
 0001:00059e90       _InitRandomAccess          0045ae90 f   sei.obj
 0001:00059f40       _ClearRandomAccess         0045af40 f   sei.obj
 0001:00059fd0       _UpdateRandomAccess        0045afd0 f   sei.obj
 0001:0005a030       _FinalizeRandomAccess      0045b030 f   sei.obj
 0001:0005a1c0       _CloseRandomAccess         0045b1c0 f   sei.obj
 0001:0005a220       _init_ref_pic_list_reordering 0045b220 f   slice.obj
 0001:0005a270       _start_slice               0045b270 f   slice.obj
 0001:0005a3d0       _terminate_slice           0045b3d0 f   slice.obj
 0001:0005a570       _SetStateVariablesForFrameMode 0045b570 f   slice.obj
 0001:0005a5c0       _SetStateVariablesForFieldMode 0045b5c0 f   slice.obj
 0001:0005a600       _encode_one_slice          0045b600 f   slice.obj
 0001:0005b140       _free_slice_list           0045c140 f   slice.obj
 0001:0005b2a0       _modify_redundant_pic_cnt  0045c2a0 f   slice.obj
 0001:0005b2f0       _ue_v                      0045c2f0 f   vlc.obj
 0001:0005b3b0       _se_v                      0045c3b0 f   vlc.obj
 0001:0005b470       _u_1                       0045c470 f   vlc.obj
 0001:0005b540       _u_v                       0045c540 f   vlc.obj
 0001:0005b610       _ue_linfo                  0045c610 f   vlc.obj
 0001:0005b6b0       _se_linfo                  0045c6b0 f   vlc.obj
 0001:0005b770       _cbp_linfo_intra           0045c770 f   vlc.obj
 0001:0005b7c0       _cbp_linfo_inter           0045c7c0 f   vlc.obj
 0001:0005b810       _levrun_linfo_c2x2         0045c810 f   vlc.obj
 0001:0005b950       _levrun_linfo_inter        0045c950 f   vlc.obj
 0001:0005bb50       _levrun_linfo_intra        0045cb50 f   vlc.obj
 0001:0005bd50       _symbol2uvlc               0045cd50 f   vlc.obj
 0001:0005bdb0       _writeSyntaxElement_UVLC   0045cdb0 f   vlc.obj
 0001:0005be60       _writeSyntaxElement_fixed  0045ce60 f   vlc.obj
 0001:0005bed0       _writeSyntaxElement_Intra4x4PredictionMode 0045ced0 f   vlc.obj
 0001:0005bf80       _writeSyntaxElement2Buf_UVLC 0045cf80 f   vlc.obj
 0001:0005c010       _writeUVLC2buffer          0045d010 f   vlc.obj
 0001:0005c0f0       _writeSyntaxElement2Buf_Fixed 0045d0f0 f   vlc.obj
 0001:0005c150       _symbol2vlc                0045d150 f   vlc.obj
 0001:0005c1c0       _writeSyntaxElement_VLC    0045d1c0 f   vlc.obj
 0001:0005c240       _writeSyntaxElement_NumCoeffTrailingOnes 0045d240 f   vlc.obj
 0001:0005d320       _writeSyntaxElement_NumCoeffTrailingOnesChromaDC 0045e320 f   vlc.obj
 0001:0005d520       _writeSyntaxElement_TotalZeros 0045e520 f   vlc.obj
 0001:0005e250       _writeSyntaxElement_TotalZerosChromaDC 0045f250 f   vlc.obj
 0001:0005e3d0       _writeSyntaxElement_Run    0045f3d0 f   vlc.obj
 0001:0005e8e0       _writeSyntaxElement_Level_VLC1 0045f8e0 f   vlc.obj
 0001:0005e9d0       _writeSyntaxElement_Level_VLCN 0045f9d0 f   vlc.obj
 0001:0005eaf0       _trace2out                 0045faf0 f   vlc.obj
 0001:0005ed80       _writeVlcByteAlign         0045fd80 f   vlc.obj
 0001:0005ee40       _fprintf                   0045fe40 f   LIBCD:fprintf.obj
 0001:0005eef0       _fflush                    0045fef0 f   LIBCD:fflush.obj
 0001:0005ef50       __flush                    0045ff50 f   LIBCD:fflush.obj
 0001:0005f010       __flushall                 00460010 f   LIBCD:fflush.obj
 0001:0005f100       __cinit                    00460100 f   LIBCD:crt0dat.obj
 0001:0005f140       _exit                      00460140 f   LIBCD:crt0dat.obj
 0001:0005f160       __exit                     00460160 f   LIBCD:crt0dat.obj
 0001:0005f180       __cexit                    00460180 f   LIBCD:crt0dat.obj
 0001:0005f1a0       __c_exit                   004601a0 f   LIBCD:crt0dat.obj
 0001:0005f2d0       _printf                    004602d0 f   LIBCD:printf.obj
 0001:0005f350       _fwrite                    00460350 f   LIBCD:fwrite.obj
 0001:0005f570       __flsbuf                   00460570 f   LIBCD:_flsbuf.obj
 0001:0005f7f0       __assert                   004607f0 f   LIBCD:assert.obj
 0001:0005fb70       __chkesp                   00460b70 f   LIBCD:chkesp.obj
 0001:0005fbb0       __fsopen                   00460bb0 f   LIBCD:fopen.obj
 0001:0005fca0       _fopen                     00460ca0 f   LIBCD:fopen.obj
 0001:0005fcc0       _fclose                    00460cc0 f   LIBCD:fclose.obj
 0001:0005fda0       _malloc                    00460da0 f   LIBCD:dbgheap.obj
 0001:0005fdd0       __malloc_dbg               00460dd0 f   LIBCD:dbgheap.obj
 0001:0005fe00       __nh_malloc                00460e00 f   LIBCD:dbgheap.obj
 0001:0005fe20       __nh_malloc_dbg            00460e20 f   LIBCD:dbgheap.obj
 0001:0005fe70       __heap_alloc               00460e70 f   LIBCD:dbgheap.obj
 0001:0005fe90       __heap_alloc_dbg           00460e90 f   LIBCD:dbgheap.obj
 0001:000601b0       _calloc                    004611b0 f   LIBCD:dbgheap.obj
 0001:000601e0       __calloc_dbg               004611e0 f   LIBCD:dbgheap.obj
 0001:00060240       _realloc                   00461240 f   LIBCD:dbgheap.obj
 0001:00060270       __realloc_dbg              00461270 f   LIBCD:dbgheap.obj
 0001:000607c0       __expand                   004617c0 f   LIBCD:dbgheap.obj
 0001:000607f0       __expand_dbg               004617f0 f   LIBCD:dbgheap.obj
 0001:00060820       _free                      00461820 f   LIBCD:dbgheap.obj
 0001:00060840       __free_dbg                 00461840 f   LIBCD:dbgheap.obj
 0001:00060c30       __msize                    00461c30 f   LIBCD:dbgheap.obj
 0001:00060c50       __msize_dbg                00461c50 f   LIBCD:dbgheap.obj
 0001:00060da0       __CrtSetBreakAlloc         00461da0 f   LIBCD:dbgheap.obj
 0001:00060dc0       __CrtSetDbgBlockType       00461dc0 f   LIBCD:dbgheap.obj
 0001:00060e50       __CrtSetAllocHook          00461e50 f   LIBCD:dbgheap.obj
 0001:00060f00       __CrtCheckMemory           00461f00 f   LIBCD:dbgheap.obj
 0001:00061260       __CrtSetDbgFlag            00462260 f   LIBCD:dbgheap.obj
 0001:00061290       __CrtDoForAllClientObjects 00462290 f   LIBCD:dbgheap.obj
 0001:000612f0       __CrtIsValidPointer        004622f0 f   LIBCD:dbgheap.obj
 0001:00061340       __CrtIsValidHeapPointer    00462340 f   LIBCD:dbgheap.obj
 0001:00061470       __CrtIsMemoryBlock         00462470 f   LIBCD:dbgheap.obj
 0001:00061550       __CrtSetDumpClient         00462550 f   LIBCD:dbgheap.obj
 0001:00061570       __CrtMemCheckpoint         00462570 f   LIBCD:dbgheap.obj
 0001:000616d0       __CrtMemDifference         004626d0 f   LIBCD:dbgheap.obj
 0001:00061800       __CrtMemDumpAllObjectsSince 00462800 f   LIBCD:dbgheap.obj
 0001:00061bd0       __CrtDumpMemoryLeaks       00462bd0 f   LIBCD:dbgheap.obj
 0001:00061c50       __CrtMemDumpStatistics     00462c50 f   LIBCD:dbgheap.obj
 0001:00061d20       __snprintf                 00462d20 f   LIBCD:snprintf.obj
 0001:00061e20       _abs                       00462e20 f   LIBCD:abs.obj
 0001:00061e50       __CIpow                    00462e50 f   LIBCD:pow.obj
 0001:00061e69       _pow                       00462e69 f   LIBCD:pow.obj
 0001:00062070       __fpmath                   00463070 f   LIBCD:fpinit.obj
 0001:000620a0       __fpclear                  004630a0 f   LIBCD:fpinit.obj
 0001:000620b0       __cfltcvt_init             004630b0 f   LIBCD:fpinit.obj
 0001:00062100       ___setfflag                00463100 f   LIBCD:fpinit.obj
 0001:00062120       _strncmp                   00463120 f   LIBCD:strncmp.obj
 0001:00062160       _strlen                    00463160 f   LIBCD:strlen.obj
 0001:000621e0       _memset                    004631e0 f   LIBCD:memset.obj
 0001:00062240       _fread                     00463240 f   LIBCD:fread.obj
 0001:00062410       _ftell                     00463410 f   LIBCD:ftell.obj
 0001:000626a0       _fseek                     004636a0 f   LIBCD:fseek.obj
 0001:000627d0       _memcpy                    004637d0 f   LIBCD:memcpy.obj
 0001:00062b10       _strcpy                    00463b10 f   LIBCD:strcat.obj
 0001:00062b20       _strcat                    00463b20 f   LIBCD:strcat.obj
 0001:00062c00       _sscanf                    00463c00 f   LIBCD:sscanf.obj
 0001:00062cc0       _strcmp                    00463cc0 f   LIBCD:strcmp.obj
 0001:00062d50       __alloca_probe             00463d50 f   LIBCD:chkstk.obj
 0001:00062d50       __chkstk                   00463d50 f   LIBCD:chkstk.obj
 0001:00062d80       __CIlog10                  00463d80 f   LIBCD:log10.obj
 0001:00062d94       _log10                     00463d94 f   LIBCD:log10.obj
 0001:00062e50       _srand                     00463e50 f   LIBCD:rand.obj
 0001:00062e60       _rand                      00463e60 f   LIBCD:rand.obj
 0001:00062e90       ___initstdio               00463e90 f   LIBCD:_file.obj
 0001:00062fc0       ___endstdio                00463fc0 f   LIBCD:_file.obj
 0001:00062fe0       _strncpy                   00463fe0 f   LIBCD:strncpy.obj
 0001:000630e0       _time                      004640e0 f   LIBCD:time.obj
 0001:00063270       __ftime                    00464270 f   LIBCD:ftime.obj
 0001:00063380       __ftol                     00464380 f   LIBCD:ftol.obj
 0001:000633b0       _fscanf                    004643b0 f   LIBCD:fscanf.obj
 0001:00063440       _fputc                     00464440 f   LIBCD:fputc.obj
 0001:000634e0       _putc                      004644e0 f   LIBCD:fputc.obj
 0001:00063500       __strtime                  00464500 f   LIBCD:strtime.obj
 0001:000635d0       __strdate                  004645d0 f   LIBCD:strdate.obj
 0001:000636a0       _sprintf                   004646a0 f   LIBCD:sprintf.obj
 0001:000637a0       _qsort                     004647a0 f   LIBCD:qsort.obj
 0001:00063aa0       _ceil                      00464aa0 f   LIBCD:ceil.obj
 0001:00063be0       _floor                     00464be0 f   LIBCD:floor.obj
 0001:00063d20       __CIlog                    00464d20 f   LIBCD:log.obj
 0001:00063d34       _log                       00464d34 f   LIBCD:log.obj
 0001:00063df0       __CIsqrt                   00464df0 f   LIBCD:sqrt.obj
 0001:00063e04       _sqrt                      00464e04 f   LIBCD:sqrt.obj
 0001:00063eb0       _mainCRTStartup            00464eb0 f   LIBCD:crt0.obj
 0001:00063fe0       __amsg_exit                00464fe0 f   LIBCD:crt0.obj
 0001:00064040       __stbuf                    00465040 f   LIBCD:_sftbuf.obj
 0001:000641a0       __ftbuf                    004651a0 f   LIBCD:_sftbuf.obj
 0001:00064260       __output                   00465260 f   LIBCD:output.obj
 0001:00065190       __CrtDbgBreak              00466190 f   LIBCD:dbgrpt.obj
 0001:000651a0       __CrtSetReportMode         004661a0 f   LIBCD:dbgrpt.obj
 0001:00065200       __CrtSetReportFile         00466200 f   LIBCD:dbgrpt.obj
 0001:00065280       __CrtSetReportHook         00466280 f   LIBCD:dbgrpt.obj
 0001:000652a0       __CrtDbgReport             004662a0 f   LIBCD:dbgrpt.obj
 0001:00065940       __commit                   00466940 f   LIBCD:commit.obj
 0001:000659f0       __write                    004669f0 f   LIBCD:write.obj
 0001:00065ca0       __lseek                    00466ca0 f   LIBCD:lseek.obj
 0001:00065d90       __ioinit                   00466d90 f   LIBCD:ioinit.obj
 0001:000660a0       __ioterm                   004670a0 f   LIBCD:ioinit.obj
 0001:00066100       __getbuf                   00467100 f   LIBCD:_getbuf.obj
 0001:000661d0       __isatty                   004671d0 f   LIBCD:isatty.obj
 0001:00066200       _abort                     00467200 f   LIBCD:abort.obj
 0001:00066220       _signal                    00467220 f   LIBCD:winsig.obj
 0001:00066430       _raise                     00467430 f   LIBCD:winsig.obj
 0001:00066650       ___crtMessageBoxA          00467650 f   LIBCD:crtmbox.obj
 0001:00066710       __itoa                     00467710 f   LIBCD:xtoa.obj
 0001:00066830       __ltoa                     00467830 f   LIBCD:xtoa.obj
 0001:00066870       __ultoa                    00467870 f   LIBCD:xtoa.obj
 0001:00066890       __i64toa                   00467890 f   LIBCD:xtoa.obj
 0001:000669e0       __ui64toa                  004679e0 f   LIBCD:xtoa.obj
 0001:00066a00       _strncat                   00467a00 f   LIBCD:strncat.obj
 0001:00066b30       _setvbuf                   00467b30 f   LIBCD:setvbuf.obj
 0001:00066c90       __openfile                 00467c90 f   LIBCD:_open.obj
 0001:00067020       __getstream                00468020 f   LIBCD:stream.obj
 0001:00067110       __close                    00468110 f   LIBCD:close.obj
 0001:00067200       __freebuf                  00468200 f   LIBCD:_freebuf.obj
 0001:000672a0       ?_set_new_handler@@YAP6AHI@ZP6AHI@Z@Z 004682a0 f   LIBCD:handler.obj
 0001:000672c0       ?_query_new_handler@@YAP6AHI@ZXZ 004682c0 f   LIBCD:handler.obj
 0001:000672d0       __callnewh                 004682d0 f   LIBCD:handler.obj
 0001:00067300       __malloc_base              00468300 f   LIBCD:malloc.obj
 0001:00067320       __nh_malloc_base           00468320 f   LIBCD:malloc.obj
 0001:00067380       __heap_alloc_base          00468380 f   LIBCD:malloc.obj
 0001:00067450       __CrtDefaultAllocHook      00468450 f   LIBCD:dbghook.obj
 0001:00067460       __expand_base              00468460 f   LIBCD:expand.obj
 0001:000675e0       __realloc_base             004685e0 f   LIBCD:realloc.obj
 0001:00067a00       __free_base                00468a00 f   LIBCD:free.obj
 0001:00067ad0       __heapchk                  00468ad0 f   LIBCD:heapchk.obj
 0001:00067b60       __heapset                  00468b60 f   LIBCD:heapchk.obj
 0001:00067b70       __get_sbh_threshold        00468b70 f   LIBCD:sbheap.obj
 0001:00067ba0       __set_sbh_threshold        00468ba0 f   LIBCD:sbheap.obj
 0001:00067cb0       ___sbh_heap_init           00468cb0 f   LIBCD:sbheap.obj
 0001:00067d20       ___sbh_find_block          00468d20 f   LIBCD:sbheap.obj
 0001:00067d80       ___sbh_verify_block        00468d80 f   LIBCD:sbheap.obj
 0001:00067de0       ___sbh_free_block          00468de0 f   LIBCD:sbheap.obj
 0001:000683c0       ___sbh_alloc_block         004693c0 f   LIBCD:sbheap.obj
 0001:00068900       ___sbh_alloc_new_region    00469900 f   LIBCD:sbheap.obj
 0001:00068a10       ___sbh_alloc_new_group     00469a10 f   LIBCD:sbheap.obj
 0001:00068c00       ___sbh_resize_block        00469c00 f   LIBCD:sbheap.obj
 0001:000691f0       ___sbh_heapmin             0046a1f0 f   LIBCD:sbheap.obj
 0001:00069320       ___sbh_heap_check          0046a320 f   LIBCD:sbheap.obj
 0001:00069940       __get_old_sbh_threshold    0046a940 f   LIBCD:sbheap.obj
 0001:00069950       __set_old_sbh_threshold    0046a950 f   LIBCD:sbheap.obj
 0001:00069980       ___old_sbh_new_region      0046a980 f   LIBCD:sbheap.obj
 0001:00069b60       ___old_sbh_release_region  0046ab60 f   LIBCD:sbheap.obj
 0001:00069be0       ___old_sbh_decommit_pages  0046abe0 f   LIBCD:sbheap.obj
 0001:00069d40       ___old_sbh_find_block      0046ad40 f   LIBCD:sbheap.obj
 0001:00069dd0       ___old_sbh_free_block      0046add0 f   LIBCD:sbheap.obj
 0001:00069e40       ___old_sbh_alloc_block     0046ae40 f   LIBCD:sbheap.obj
 0001:0006a200       ___old_sbh_alloc_block_from_page 0046b200 f   LIBCD:sbheap.obj
 0001:0006a4b0       ___old_sbh_resize_block    0046b4b0 f   LIBCD:sbheap.obj
 0001:0006a620       ___old_sbh_heap_check      0046b620 f   LIBCD:sbheap.obj
 0001:0006a860       __GetLinkerVersion         0046b860 f   LIBCD:heapinit.obj
 0001:0006a8c0       ___heap_select             0046b8c0 f   LIBCD:heapinit.obj
 0001:0006aaf0       __heap_init                0046baf0 f   LIBCD:heapinit.obj
 0001:0006ab80       __heap_term                0046bb80 f   LIBCD:heapinit.obj
 0001:0006ac70       __isctype                  0046bc70 f   LIBCD:isctype.obj
 0001:0006ad41       __fFEXP                    0046bd41 f   LIBCD:87tran.obj
 0001:0006ada8       __rtinfpopse               0046bda8 f   LIBCD:87tran.obj
 0001:0006adaa       __rtinfnpopse              0046bdaa f   LIBCD:87tran.obj
 0001:0006adba       __fFLN                     0046bdba f   LIBCD:87tran.obj
 0001:0006ae6f       __rtinfpop                 0046be6f f   LIBCD:87tran.obj
 0001:0006ae71       __rtinfnpop                0046be71 f   LIBCD:87tran.obj
 0001:0006ae8e       __ffexpm1                  0046be8e f   LIBCD:87tran.obj
 0001:0006af40       __trandisp1                0046bf40 f   LIBCD:87disp.obj
 0001:0006afa7       __trandisp2                0046bfa7 f   LIBCD:87disp.obj
 0001:0006b033       __rttospopde               0046c033 f   LIBCD:87disp.obj
 0001:0006b038       __rttospop                 0046c038 f   LIBCD:87disp.obj
 0001:0006b03a       __rtnospop                 0046c03a f   LIBCD:87disp.obj
 0001:0006b03c       __rttosnpop                0046c03c f   LIBCD:87disp.obj
 0001:0006b03d       __rtnospopde               0046c03d f   LIBCD:87disp.obj
 0001:0006b044       __rtzeropop                0046c044 f   LIBCD:87disp.obj
 0001:0006b046       __rtzeronpop               0046c046 f   LIBCD:87disp.obj
 0001:0006b04b       __rtonepop                 0046c04b f   LIBCD:87disp.obj
 0001:0006b04d       __rtonenpop                0046c04d f   LIBCD:87disp.obj
 0001:0006b052       __tosnan1                  0046c052 f   LIBCD:87disp.obj
 0001:0006b07d       __nosnan2                  0046c07d f   LIBCD:87disp.obj
 0001:0006b07f       __tosnan2                  0046c07f f   LIBCD:87disp.obj
 0001:0006b0a7       __nan2                     0046c0a7 f   LIBCD:87disp.obj
 0001:0006b0e6       __rtindfpop                0046c0e6 f   LIBCD:87disp.obj
 0001:0006b0e8       __rtindfnpop               0046c0e8 f   LIBCD:87disp.obj
 0001:0006b0f9       __rttosnpopde              0046c0f9 f   LIBCD:87disp.obj
 0001:0006b103       __rtchsifneg               0046c103 f   LIBCD:87disp.obj
 0001:0006b110       __startTwoArgErrorHandling 0046c110 f   LIBCD:genexcep.obj
 0001:0006b127       __startOneArgErrorHandling 0046c127 f   LIBCD:genexcep.obj
 0001:0006b170       __twoToTOS                 0046c170 f   LIBCD:common.obj
 0001:0006b185       __load_CW                  0046c185 f   LIBCD:common.obj
 0001:0006b19c       __convertTOStoQNaN         0046c19c f   LIBCD:common.obj
 0001:0006b1b5       __fload_withFB             0046c1b5 f   LIBCD:common.obj
 0001:0006b1f8       __checkTOS_withFB          0046c1f8 f   LIBCD:common.obj
 0001:0006b20e       __fast_exit                0046c20e f   LIBCD:common.obj
 0001:0006b21b       __math_exit                0046c21b f   LIBCD:common.obj
 0001:0006b245       __check_overflow_exit      0046c245 f   LIBCD:common.obj
 0001:0006b259       __check_range_exit         0046c259 f   LIBCD:common.obj
 0001:0006b300       __powhlp                   0046c300 f   LIBCD:powhlp.obj
 0001:0006b570       __d_inttype                0046c570 f   LIBCD:powhlp.obj
 0001:0006b5f0       __setdefaultprecision      0046c5f0 f   LIBCD:fp8.obj
 0001:0006b610       __ms_p5_test_fdiv          0046c610 f   LIBCD:testfdiv.obj
 0001:0006b670       __ms_p5_mp_test_fdiv       0046c670 f   LIBCD:testfdiv.obj
 0001:0006b6c0       __forcdecpt                0046c6c0 f   LIBCD:cvt.obj
 0001:0006b770       __cropzeros                0046c770 f   LIBCD:cvt.obj
 0001:0006b850       __positive                 0046c850 f   LIBCD:cvt.obj
 0001:0006b880       __fassign                  0046c880 f   LIBCD:cvt.obj
 0001:0006b8d0       __cftoe                    0046c8d0 f   LIBCD:cvt.obj
 0001:0006ba90       __cftof                    0046ca90 f   LIBCD:cvt.obj
 0001:0006bc20       __cftog                    0046cc20 f   LIBCD:cvt.obj
 0001:0006bd90       __cfltcvt                  0046cd90 f   LIBCD:cvt.obj
 0001:0006be20       __filbuf                   0046ce20 f   LIBCD:_filbuf.obj
 0001:0006c000       __read                     0046d000 f   LIBCD:read.obj
 0001:0006c460       __input                    0046d460 f   LIBCD:input.obj
 0001:0006d960       __fcloseall                0046e960 f   LIBCD:closeall.obj
 0001:0006da10       ___loctotime_t             0046ea10 f   LIBCD:dtoxtime.obj
 0001:0006db00       ___tzset                   0046eb00 f   LIBCD:tzset.obj
 0001:0006db30       __tzset                    0046eb30 f   LIBCD:tzset.obj
 0001:0006deb0       __isindst                  0046eeb0 f   LIBCD:tzset.obj
 0001:0006e3b0       __aullrem                  0046f3b0 f   LIBCD:ullrem.obj
 0001:0006e430       __aulldiv                  0046f430 f   LIBCD:ulldiv.obj
 0001:0006e4a0       __frnd                     0046f4a0 f   LIBCD:frnd.obj
 0001:0006e4c0       __handle_qnan1             0046f4c0 f   LIBCD:fpexcept.obj
 0001:0006e520       __handle_qnan2             0046f520 f   LIBCD:fpexcept.obj
 0001:0006e590       __except1                  0046f590 f   LIBCD:fpexcept.obj
 0001:0006e650       __except2                  0046f650 f   LIBCD:fpexcept.obj
 0001:0006e720       __raise_exc                0046f720 f   LIBCD:fpexcept.obj
 0001:0006ebf0       __handle_exc               0046fbf0 f   LIBCD:fpexcept.obj
 0001:0006ef70       __umatherr                 0046ff70 f   LIBCD:fpexcept.obj
 0001:0006f010       __set_errno                00470010 f   LIBCD:fpexcept.obj
 0001:0006f090       __errcode                  00470090 f   LIBCD:fpexcept.obj
 0001:0006f110       __set_exp                  00470110 f   LIBCD:util.obj
 0001:0006f150       __get_exp                  00470150 f   LIBCD:util.obj
 0001:0006f180       __add_exp                  00470180 f   LIBCD:util.obj
 0001:0006f1c0       __set_bexp                 004701c0 f   LIBCD:util.obj
 0001:0006f200       __sptype                   00470200 f   LIBCD:util.obj
 0001:0006f280       __decomp                   00470280 f   LIBCD:util.obj
 0001:0006f3c0       __statfp                   004703c0 f   LIBCD:fpctrl.obj
 0001:0006f3e0       __clrfp                    004703e0 f   LIBCD:fpctrl.obj
 0001:0006f400       __ctrlfp                   00470400 f   LIBCD:fpctrl.obj
 0001:0006f440       __set_statfp               00470440 f   LIBCD:fpctrl.obj
 0001:0006f4c0       __XcptFilter               004704c0 f   LIBCD:winxfltr.obj
 0001:0006f6d0       __setenvp                  004706d0 f   LIBCD:stdenvp.obj
 0001:0006f820       __setargv                  00470820 f   LIBCD:stdargv.obj
 0001:0006fd30       ___crtGetEnvironmentStringsA 00470d30 f   LIBCD:a_env.obj
 0001:0006ff4c       __global_unwind2           00470f4c f   LIBCD:exsup.obj
 0001:0006ff8e       __local_unwind2            00470f8e f   LIBCD:exsup.obj
 0001:0006ffe6       __NLG_Return2              00470fe6 f   LIBCD:exsup.obj
 0001:0006fff6       __abnormal_termination     00470ff6 f   LIBCD:exsup.obj
 0001:00070019       __NLG_Notify1              00471019 f   LIBCD:exsup.obj
 0001:00070022       __NLG_Notify               00471022 f   LIBCD:exsup.obj
 0001:00070035       __NLG_Dispatch             00471035 f   LIBCD:exsup.obj
 0001:00070044       __except_handler3          00471044 f   LIBCD:exsup3.obj
 0001:00070101       __seh_longjmp_unwind@4     00471101 f   LIBCD:exsup3.obj
 0001:00070120       __FF_MSGBANNER             00471120 f   LIBCD:crt0msg.obj
 0001:00070170       __NMSG_WRITE               00471170 f   LIBCD:crt0msg.obj
 0001:00070330       __GET_RTERRMSG             00471330 f   LIBCD:crt0msg.obj
 0001:00070380       _wctomb                    00471380 f   LIBCD:wctomb.obj
 0001:00070420       __vsnprintf                00471420 f   LIBCD:vsnprint.obj
 0001:00070520       __alloc_osfhnd             00471520 f   LIBCD:osfinfo.obj
 0001:00070650       __set_osfhnd               00471650 f   LIBCD:osfinfo.obj
 0001:00070700       __free_osfhnd              00471700 f   LIBCD:osfinfo.obj
 0001:000707d0       __get_osfhandle            004717d0 f   LIBCD:osfinfo.obj
 0001:00070830       __open_osfhandle           00471830 f   LIBCD:osfinfo.obj
 0001:00070920       __dosmaperr                00471920 f   LIBCD:dosmap.obj
 0001:000709b0       __open                     004719b0 f   LIBCD:open.obj
 0001:000709f0       __sopen                    004719f0 f   LIBCD:open.obj
 0001:00070ee0       _memmove                   00471ee0 f   LIBCD:memmove.obj
 0001:00071220       _strtol                    00472220 f   LIBCD:strtol.obj
 0001:00071570       _strtoul                   00472570 f   LIBCD:strtol.obj
 0001:000715a0       _strchr                    004725a0 f   LIBCD:strchr.obj
 0001:000715a6       ___from_strstr_to_strchr   004725a6 f   LIBCD:strchr.obj
 0001:00071660       _strstr                    00472660 f   LIBCD:strstr.obj
 0001:000716e0       ___crtGetStringTypeA       004726e0 f   LIBCD:a_str.obj
 0001:000718a0       _fdiv_main_routine         004728a0 f   LIBCD:adj_fdiv.obj
 0001:000719b7       __adj_fdiv_r               004729b7 f   LIBCD:adj_fdiv.obj
 0001:00071e56       __fdivp_sti_st             00472e56 f   LIBCD:adj_fdiv.obj
 0001:00071e69       __fdivrp_sti_st            00472e69 f   LIBCD:adj_fdiv.obj
 0001:00071e7c       __adj_fdiv_m32             00472e7c f   LIBCD:adj_fdiv.obj
 0001:00071ec8       __adj_fdiv_m64             00472ec8 f   LIBCD:adj_fdiv.obj
 0001:00071f14       __adj_fdiv_m16i            00472f14 f   LIBCD:adj_fdiv.obj
 0001:00071f48       __adj_fdiv_m32i            00472f48 f   LIBCD:adj_fdiv.obj
 0001:00071f7c       __adj_fdivr_m32            00472f7c f   LIBCD:adj_fdiv.obj
 0001:00071fc8       __adj_fdivr_m64            00472fc8 f   LIBCD:adj_fdiv.obj
 0001:00072014       __adj_fdivr_m16i           00473014 f   LIBCD:adj_fdiv.obj
 0001:00072048       __adj_fdivr_m32i           00473048 f   LIBCD:adj_fdiv.obj
 0001:0007207c       __safe_fdiv                0047307c f   LIBCD:adj_fdiv.obj
 0001:00072091       __safe_fdivr               00473091 f   LIBCD:adj_fdiv.obj
 0001:000720a6       __fprem_common             004730a6 f   LIBCD:adj_fdiv.obj
 0001:000722ac       __adj_fprem                004732ac f   LIBCD:adj_fdiv.obj
 0001:0007235e       __fprem1_common            0047335e f   LIBCD:adj_fdiv.obj
 0001:00072564       __adj_fprem1               00473564 f   LIBCD:adj_fdiv.obj
 0001:00072619       __safe_fprem               00473619 f   LIBCD:adj_fdiv.obj
 0001:0007261f       __safe_fprem1              0047361f f   LIBCD:adj_fdiv.obj
 0001:00072625       __adj_fpatan               00473625 f   LIBCD:adj_fdiv.obj
 0001:00072628       __adj_fptan                00473628 f   LIBCD:adj_fdiv.obj
 0001:00072630       __87except                 00473630 f   LIBCD:87except.obj
 0001:000727b0       __copysign                 004737b0 f   LIBCD:ieeemisc.obj
 0001:000727e0       __chgsign                  004737e0 f   LIBCD:ieeemisc.obj
 0001:00072810       __scalb                    00473810 f   LIBCD:ieeemisc.obj
 0001:00072830       __logb                     00473830 f   LIBCD:ieeemisc.obj
 0001:00072960       __nextafter                00473960 f   LIBCD:ieeemisc.obj
 0001:00072ca0       __finite                   00473ca0 f   LIBCD:ieeemisc.obj
 0001:00072cd0       __isnan                    00473cd0 f   LIBCD:ieeemisc.obj
 0001:00072d20       __fpclass                  00473d20 f   LIBCD:ieeemisc.obj
 0001:00072e00       __statusfp                 00473e00 f   LIBCD:ieee87.obj
 0001:00072e20       __clearfp                  00473e20 f   LIBCD:ieee87.obj
 0001:00072e40       __control87                00473e40 f   LIBCD:ieee87.obj
 0001:00072e90       __controlfp                00473e90 f   LIBCD:ieee87.obj
 0001:00072eb0       __fpreset                  00473eb0 f   LIBCD:ieee87.obj
 0001:000732a0       __tolower                  004742a0 f   LIBCD:tolower.obj
 0001:000732b0       _tolower                   004742b0 f   LIBCD:tolower.obj
 0001:000733e0       __ZeroTail                 004743e0 f   LIBCD:intrncvt.obj
 0001:00073470       __IncMan                   00474470 f   LIBCD:intrncvt.obj
 0001:00073520       __RoundMan                 00474520 f   LIBCD:intrncvt.obj
 0001:00073600       __CopyMan                  00474600 f   LIBCD:intrncvt.obj
 0001:00073650       __FillZeroMan              00474650 f   LIBCD:intrncvt.obj
 0001:00073680       __IsZeroMan                00474680 f   LIBCD:intrncvt.obj
 0001:000736c0       __ShrMan                   004746c0 f   LIBCD:intrncvt.obj
 0001:000737b0       __ld12cvt                  004747b0 f   LIBCD:intrncvt.obj
 0001:00073a00       __ld12tod                  00474a00 f   LIBCD:intrncvt.obj
 0001:00073a20       __ld12tof                  00474a20 f   LIBCD:intrncvt.obj
 0001:00073a40       __ld12told                 00474a40 f   LIBCD:intrncvt.obj
 0001:00073b00       __atodbl                   00474b00 f   LIBCD:intrncvt.obj
 0001:00073b40       __atoldbl                  00474b40 f   LIBCD:intrncvt.obj
 0001:00073b80       __atoflt                   00474b80 f   LIBCD:intrncvt.obj
 0001:00073bc0       __fptostr                  00474bc0 f   LIBCD:_fptostr.obj
 0001:00073cc0       __fltout                   00474cc0 f   LIBCD:cfout.obj
 0001:00073d40       ___dtold                   00474d40 f   LIBCD:cfout.obj
 0001:00073eb0       __fptrap                   00474eb0 f   LIBCD:crt0fp.obj
 0001:00073ec0       _mbtowc                    00474ec0 f   LIBCD:mbtowc.obj
 0001:00074020       _isalpha                   00475020 f   LIBCD:_ctype.obj
 0001:00074070       _isupper                   00475070 f   LIBCD:_ctype.obj
 0001:000740b0       _islower                   004750b0 f   LIBCD:_ctype.obj
 0001:000740f0       _isdigit                   004750f0 f   LIBCD:_ctype.obj
 0001:00074130       _isxdigit                  00475130 f   LIBCD:_ctype.obj
 0001:00074180       _isspace                   00475180 f   LIBCD:_ctype.obj
 0001:000741c0       _ispunct                   004751c0 f   LIBCD:_ctype.obj
 0001:00074200       _isalnum                   00475200 f   LIBCD:_ctype.obj
 0001:00074250       _isprint                   00475250 f   LIBCD:_ctype.obj
 0001:000742a0       _isgraph                   004752a0 f   LIBCD:_ctype.obj
 0001:000742f0       _iscntrl                   004752f0 f   LIBCD:_ctype.obj
 0001:00074330       ___isascii                 00475330 f   LIBCD:_ctype.obj
 0001:00074340       ___toascii                 00475340 f   LIBCD:_ctype.obj
 0001:00074350       ___iscsymf                 00475350 f   LIBCD:_ctype.obj
 0001:000743b0       ___iscsym                  004753b0 f   LIBCD:_ctype.obj
 0001:00074410       __allshl                   00475410 f   LIBCD:llshl.obj
 0001:00074430       _ungetc                    00475430 f   LIBCD:ungetc.obj
 0001:00074570       _atol                      00475570 f   LIBCD:atox.obj
 0001:00074670       _atoi                      00475670 f   LIBCD:atox.obj
 0001:00074690       __atoi64                   00475690 f   LIBCD:atox.obj
 0001:000747c0       _getenv                    004757c0 f   LIBCD:getenv.obj
 0001:00074890       __matherr                  00475890 f   LIBCD:matherr.obj
 0001:000748a0       __setmbcp                  004758a0 f   LIBCD:mbctype.obj
 0001:00075010       __getmbcp                  00476010 f   LIBCD:mbctype.obj
 0001:00075030       ___initmbctable            00476030 f   LIBCD:mbctype.obj
 0001:00075060       __chsize                   00476060 f   LIBCD:chsize.obj
 0001:000752d0       __toupper                  004762d0 f   LIBCD:toupper.obj
 0001:000752e0       _toupper                   004762e0 f   LIBCD:toupper.obj
 0001:00075410       _ldexp                     00476410 f   LIBCD:ldexp.obj
 0001:000756d0       ___crtLCMapStringA         004766d0 f   LIBCD:a_map.obj
 0001:00075a30       ___addl                    00476a30 f   LIBCD:mantold.obj
 0001:00075a70       ___add_12                  00476a70 f   LIBCD:mantold.obj
 0001:00075b20       ___shl_12                  00476b20 f   LIBCD:mantold.obj
 0001:00075b80       ___shr_12                  00476b80 f   LIBCD:mantold.obj
 0001:00075bf0       ___mtold12                 00476bf0 f   LIBCD:mantold.obj
 0001:00075d30       ___strgtold12              00476d30 f   LIBCD:strgtold.obj
 0001:00076860       ___STRINGTOLD              00477860 f   LIBCD:strgtold.obj
 0001:000768b0       _$I10_OUTPUT               004778b0 f   LIBCD:x10fout.obj
 0001:00076dd0       __allmul                   00477dd0 f   LIBCD:llmul.obj
 0001:00076e10       __mbsnbicoll               00477e10 f   LIBCD:mbsnbico.obj
 0001:00076e60       ___wtomb_environ           00477e60 f   LIBCD:wtombenv.obj
 0001:00076f10       __setmode                  00477f10 f   LIBCD:setmode.obj
 0001:00077010       ___ld12mul                 00478010 f   LIBCD:tenpow.obj
 0001:00077450       ___multtenpow12            00478450 f   LIBCD:tenpow.obj
 0001:00077520       ___crtCompareStringA       00478520 f   LIBCD:a_cmp.obj
 0001:00077970       ___crtsetenv               00478970 f   LIBCD:setenv.obj
 0001:00077dc0       __mbschr                   00478dc0 f   LIBCD:mbschr.obj
 0001:00077e86       _ExitProcess@4             00478e86 f   kernel32:KERNEL32.dll
 0001:00077e8c       _TerminateProcess@8        00478e8c f   kernel32:KERNEL32.dll
 0001:00077e92       _GetCurrentProcess@0       00478e92 f   kernel32:KERNEL32.dll
 0001:00077e98       _GetModuleFileNameA@12     00478e98 f   kernel32:KERNEL32.dll
 0001:00077e9e       _IsBadWritePtr@8           00478e9e f   kernel32:KERNEL32.dll
 0001:00077ea4       _IsBadReadPtr@8            00478ea4 f   kernel32:KERNEL32.dll
 0001:00077eaa       _HeapValidate@12           00478eaa f   kernel32:KERNEL32.dll
 0001:00077eb0       _GetTimeZoneInformation@4  00478eb0 f   kernel32:KERNEL32.dll
 0001:00077eb6       _GetSystemTime@4           00478eb6 f   kernel32:KERNEL32.dll
 0001:00077ebc       _GetLocalTime@4            00478ebc f   kernel32:KERNEL32.dll
 0001:00077ec2       _GetSystemTimeAsFileTime@4 00478ec2 f   kernel32:KERNEL32.dll
 0001:00077ec8       _GetCommandLineA@0         00478ec8 f   kernel32:KERNEL32.dll
 0001:00077ece       _GetVersion@0              00478ece f   kernel32:KERNEL32.dll
 0001:00077ed4       _DebugBreak@0              00478ed4 f   kernel32:KERNEL32.dll
 0001:00077eda       _GetStdHandle@4            00478eda f   kernel32:KERNEL32.dll
 0001:00077ee0       _WriteFile@20              00478ee0 f   kernel32:KERNEL32.dll
 0001:00077ee6       _InterlockedDecrement@4    00478ee6 f   kernel32:KERNEL32.dll
 0001:00077eec       _OutputDebugStringA@4      00478eec f   kernel32:KERNEL32.dll
 0001:00077ef2       _GetProcAddress@8          00478ef2 f   kernel32:KERNEL32.dll
 0001:00077ef8       _LoadLibraryA@4            00478ef8 f   kernel32:KERNEL32.dll
 0001:00077efe       _InterlockedIncrement@4    00478efe f   kernel32:KERNEL32.dll
 0001:00077f04       _GetLastError@0            00478f04 f   kernel32:KERNEL32.dll
 0001:00077f0a       _FlushFileBuffers@4        00478f0a f   kernel32:KERNEL32.dll
 0001:00077f10       _SetFilePointer@16         00478f10 f   kernel32:KERNEL32.dll
 0001:00077f16       _SetHandleCount@4          00478f16 f   kernel32:KERNEL32.dll
 0001:00077f1c       _GetFileType@4             00478f1c f   kernel32:KERNEL32.dll
 0001:00077f22       _GetStartupInfoA@4         00478f22 f   kernel32:KERNEL32.dll
 0001:00077f28       _SetConsoleCtrlHandler@8   00478f28 f   kernel32:KERNEL32.dll
 0001:00077f2e       _CloseHandle@4             00478f2e f   kernel32:KERNEL32.dll
 0001:00077f34       _HeapAlloc@12              00478f34 f   kernel32:KERNEL32.dll
 0001:00077f3a       _HeapReAlloc@16            00478f3a f   kernel32:KERNEL32.dll
 0001:00077f40       _HeapFree@12               00478f40 f   kernel32:KERNEL32.dll
 0001:00077f46       _VirtualFree@12            00478f46 f   kernel32:KERNEL32.dll
 0001:00077f4c       _VirtualAlloc@16           00478f4c f   kernel32:KERNEL32.dll
 0001:00077f52       _GetModuleHandleA@4        00478f52 f   kernel32:KERNEL32.dll
 0001:00077f58       _GetEnvironmentVariableA@12 00478f58 f   kernel32:KERNEL32.dll
 0001:00077f5e       _GetVersionExA@4           00478f5e f   kernel32:KERNEL32.dll
 0001:00077f64       _HeapDestroy@4             00478f64 f   kernel32:KERNEL32.dll
 0001:00077f6a       _HeapCreate@12             00478f6a f   kernel32:KERNEL32.dll
 0001:00077f70       _ReadFile@20               00478f70 f   kernel32:KERNEL32.dll
 0001:00077f76       _WideCharToMultiByte@32    00478f76 f   kernel32:KERNEL32.dll
 0001:00077f7c       _RaiseException@16         00478f7c f   kernel32:KERNEL32.dll
 0001:00077f82       _UnhandledExceptionFilter@4 00478f82 f   kernel32:KERNEL32.dll
 0001:00077f88       _FreeEnvironmentStringsA@4 00478f88 f   kernel32:KERNEL32.dll
 0001:00077f8e       _FreeEnvironmentStringsW@4 00478f8e f   kernel32:KERNEL32.dll
 0001:00077f94       _GetEnvironmentStrings@0   00478f94 f   kernel32:KERNEL32.dll
 0001:00077f9a       _GetEnvironmentStringsW@0  00478f9a f   kernel32:KERNEL32.dll
 0001:00077fa0       _RtlUnwind@16              00478fa0 f   kernel32:KERNEL32.dll
 0001:00077fa6       _SetStdHandle@8            00478fa6 f   kernel32:KERNEL32.dll
 0001:00077fac       _CreateFileA@28            00478fac f   kernel32:KERNEL32.dll
 0001:00077fb2       _MultiByteToWideChar@24    00478fb2 f   kernel32:KERNEL32.dll
 0001:00077fb8       _GetStringTypeA@20         00478fb8 f   kernel32:KERNEL32.dll
 0001:00077fbe       _GetStringTypeW@16         00478fbe f   kernel32:KERNEL32.dll
 0001:00077fc4       _GetCPInfo@8               00478fc4 f   kernel32:KERNEL32.dll
 0001:00077fca       _GetACP@0                  00478fca f   kernel32:KERNEL32.dll
 0001:00077fd0       _GetOEMCP@0                00478fd0 f   kernel32:KERNEL32.dll
 0001:00077fd6       _SetEndOfFile@4            00478fd6 f   kernel32:KERNEL32.dll
 0001:00077fdc       _LCMapStringA@24           00478fdc f   kernel32:KERNEL32.dll
 0001:00077fe2       _LCMapStringW@24           00478fe2 f   kernel32:KERNEL32.dll
 0001:00077fe8       _CompareStringA@24         00478fe8 f   kernel32:KERNEL32.dll
 0001:00077fee       _CompareStringW@24         00478fee f   kernel32:KERNEL32.dll
 0001:00077ff4       _SetEnvironmentVariableA@8 00478ff4 f   kernel32:KERNEL32.dll
 0002:0000001c       ??_C@_0GD@HIOB@?6?6Annex?5B?5NALU?5w?1?5?$CFs?5startcode?0?5@ 0047901c     annexb.obj
 0002:00000080       ??_C@_05BODP@short?$AA@    00479080     annexb.obj
 0002:00000088       ??_C@_04LHCN@long?$AA@     00479088     annexb.obj
 0002:00000090       ??_C@_0DL@CHMC@Fatal?3?5cannot?5write?5?$CFd?5bytes?5to?5@ 00479090     annexb.obj
 0002:000000cc       ??_C@_0DL@GKAF@n?9?$DOstartcodeprefix_len?5?$DN?$DN?53?5?$HM?$HM?5n@ 004790cc     annexb.obj
 0002:00000108       ??_C@_09CKMK@f?5?$CB?$DN?5NULL?$AA@ 00479108     annexb.obj
 0002:00000114       ??_C@_0BG@FMF@n?9?$DOforbidden_bit?5?$DN?$DN?50?$AA@ 00479114     annexb.obj
 0002:0000012c       ??_C@_09DIIL@n?5?$CB?$DN?5NULL?$AA@ 0047912c     annexb.obj
 0002:00000138       ??_C@_0EG@GMGA@c?3?2documents?5and?5settings?2admini@ 00479138     annexb.obj
 0002:00000180       ??_C@_0DM@JJNP@Fatal?3?5cannot?5open?5Annex?5B?5bytes@ 00479180     annexb.obj
 0002:000001bc       ??_C@_02NGAF@wb?$AA@       004791bc     annexb.obj
 0002:000001c0       ??_C@_0DI@OEKJ@Fatal?3?5cannot?5close?5Annex?5B?5byte@ 004791c0     annexb.obj
 0002:000001f8       _rLPS_table_64x4           004791f8     biariencode.obj
 0002:000002f8       _AC_next_state_MPS_64      004792f8     biariencode.obj
 0002:00000378       _AC_next_state_LPS_64      00479378     biariencode.obj
 0002:000003f8       ??_C@_0CJ@NMAN@arienco_create_encoding_environm@ 004793f8     biariencode.obj
 0002:00000424       ??_C@_0CB@MEMM@Error?5freeing?5eep?5?$CINULL?5pointer?$CJ@ 00479424     biariencode.obj
 0002:00000448       _QP_SCALE_CR               00479448     block.obj
 0002:0000047c       _SNGL_SCAN                 0047947c     block.obj
 0002:0000049c       _FIELD_SCAN                0047949c     block.obj
 0002:000004bc       _COEFF_COST                004794bc     block.obj
 0002:000004cc       _COEFF_BIT_COST            004794cc     block.obj
 0002:00000b10       __real@8@40018000000000000000 00479b10     block.obj
 0002:00000b18       __real@8@3ffed999999999999800 00479b18     block.obj
 0002:00000b20       __real@8@4000c000000000000000 00479b20     block.obj
 0002:00001188       ??_C@_0CF@EOAB@create_contexts_MotionInfo?3?5enco@ 0047a188     cabac.obj
 0002:000011b0       ??_C@_0CG@OJGF@create_contexts_TextureInfo?3?5enc@ 0047a1b0     cabac.obj
 0002:000011d8       ??_C@_0DA@GMA@Unsupported?5MB?9MODE?5in?5writeMB_t@ 0047a1d8     cabac.obj
 0002:00001208       ??_C@_0BB@FPCC@FixedModelNumber?$AA@ 0047a208     configfile.obj
 0002:0000121c       ??_C@_0BC@HNFO@ContextInitMethod?$AA@ 0047a21c     configfile.obj
 0002:00001230       ??_C@_0BA@BMPJ@PicOrderCntType?$AA@ 0047a230     configfile.obj
 0002:00001240       ??_C@_0BC@NPHE@UseRedundantSlice?$AA@ 0047a240     configfile.obj
 0002:00001254       ??_C@_0O@IJLC@FmoChangeRate?$AA@ 0047a254     configfile.obj
 0002:00001264       ??_C@_0BD@FMA@FmoChangeDirection?$AA@ 0047a264     configfile.obj
 0002:00001278       ??_C@_0BB@GDGI@FmoBottomRightMB?$AA@ 0047a278     configfile.obj
 0002:0000128c       ??_C@_0N@CNME@FmoTopLeftMB?$AA@ 0047a28c     configfile.obj
 0002:0000129c       ??_C@_0BK@BGDF@SparePicturePercentageThr?$AA@ 0047a29c     configfile.obj
 0002:000012b8       ??_C@_0BJ@MMCC@SparePictureDetectionThr?$AA@ 0047a2b8     configfile.obj
 0002:000012d4       ??_C@_0BD@HMBG@SparePictureOption?$AA@ 0047a2d4     configfile.obj
 0002:000012e8       ??_C@_0BF@MAED@LoopFilterBetaOffset?$AA@ 0047a2e8     configfile.obj
 0002:00001300       ??_C@_0BI@PDFE@LoopFilterAlphaC0Offset?$AA@ 0047a300     configfile.obj
 0002:00001318       ??_C@_0BC@BMHD@LoopFilterDisable?$AA@ 0047a318     configfile.obj
 0002:0000132c       ??_C@_0BJ@KJHH@LoopFilterParametersFlag?$AA@ 0047a32c     configfile.obj
 0002:00001348       ??_C@_0BA@MHKC@StoredBPictures?$AA@ 0047a348     configfile.obj
 0002:00001358       ??_C@_0BF@OJFM@WeightedBiprediction?$AA@ 0047a358     configfile.obj
 0002:00001370       ??_C@_0BD@FAHK@WeightedPrediction?$AA@ 0047a370     configfile.obj
 0002:00001384       ??_C@_0BC@DGFJ@FmoConfigFileName?$AA@ 0047a384     configfile.obj
 0002:00001398       ??_C@_07MOPI@FmoType?$AA@  0047a398     configfile.obj
 0002:000013a0       ??_C@_0BI@PIGK@num_slice_groups_minus1?$AA@ 0047a3a0     configfile.obj
 0002:000013b8       ??_C@_0BF@JIMN@RandomIntraMBRefresh?$AA@ 0047a3b8     configfile.obj
 0002:000013d0       ??_C@_0BK@BNHM@NumberOfFrameInSecondIGOP?$AA@ 0047a3d0     configfile.obj
 0002:000013ec       ??_C@_0CK@JKHH@NumberFramesInEnhancementLayerSu@ 0047a3ec     configfile.obj
 0002:00001418       ??_C@_0BG@ODEM@InterlaceCodingOption?$AA@ 0047a418     configfile.obj
 0002:00001430       ??_C@_0BF@HIDE@LeakyBucketParamFile?$AA@ 0047a430     configfile.obj
 0002:00001448       ??_C@_0BE@IDDA@LeakyBucketRateFile?$AA@ 0047a448     configfile.obj
 0002:0000145c       ??_C@_0BF@JGPP@NumberofLeakyBuckets?$AA@ 0047a45c     configfile.obj
 0002:00001474       ??_C@_0BJ@CEHC@AdditionalReferenceFrame?$AA@ 0047a474     configfile.obj
 0002:00001490       ??_C@_0BC@NMFL@RestrictRefFrames?$AA@ 0047a490     configfile.obj
 0002:000014a4       ??_C@_0BB@EBEI@NumberOfDecoders?$AA@ 0047a4a4     configfile.obj
 0002:000014b8       ??_C@_09LMGI@LossRateC?$AA@ 0047a4b8     configfile.obj
 0002:000014c4       ??_C@_09BGPP@LossRateB?$AA@ 0047a4c4     configfile.obj
 0002:000014d0       ??_C@_09OJEG@LossRateA?$AA@ 0047a4d0     configfile.obj
 0002:000014dc       ??_C@_0P@KKMN@RDOptimization?$AA@ 0047a4dc     configfile.obj
 0002:000014ec       ??_C@_0O@GALO@ChangeQPStart?$AA@ 0047a4ec     configfile.obj
 0002:000014fc       ??_C@_09CLLI@ChangeQPB?$AA@ 0047a4fc     configfile.obj
 0002:00001508       ??_C@_09NHOG@ChangeQPP?$AA@ 0047a508     configfile.obj
 0002:00001514       ??_C@_0BA@HGMP@LastFrameNumber?$AA@ 0047a514     configfile.obj
 0002:00001524       ??_C@_0BE@OCHA@RestrictSearchRange?$AA@ 0047a524     configfile.obj
 0002:00001538       ??_C@_0P@NKCH@InterSearch4x4?$AA@ 0047a538     configfile.obj
 0002:00001548       ??_C@_0P@CEMD@InterSearch4x8?$AA@ 0047a548     configfile.obj
 0002:00001558       ??_C@_0P@CMI@InterSearch8x4?$AA@ 0047a558     configfile.obj
 0002:00001568       ??_C@_0P@PMCM@InterSearch8x8?$AA@ 0047a568     configfile.obj
 0002:00001578       ??_C@_0BA@HMOA@InterSearch8x16?$AA@ 0047a578     configfile.obj
 0002:00001588       ??_C@_0BA@CINL@InterSearch16x8?$AA@ 0047a588     configfile.obj
 0002:00001598       ??_C@_0BB@KCDE@InterSearch16x16?$AA@ 0047a598     configfile.obj
 0002:000015ac       ??_C@_0BE@KCMC@PictureTypeSequence?$AA@ 0047a5ac     configfile.obj
 0002:000015c0       ??_C@_0O@IJBD@PartitionMode?$AA@ 0047a5c0     configfile.obj
 0002:000015d0       ??_C@_0M@LJMP@OutFileMode?$AA@ 0047a5d0     configfile.obj
 0002:000015dc       ??_C@_0L@FOCK@SymbolMode?$AA@ 0047a5dc     configfile.obj
 0002:000015e8       ??_C@_0N@LHOK@QPSP2Picture?$AA@ 0047a5e8     configfile.obj
 0002:000015f8       ??_C@_0M@NMDA@QPSPPicture?$AA@ 0047a5f8     configfile.obj
 0002:00001604       ??_C@_0BF@NAOC@SPPicturePeriodicity?$AA@ 0047a604     configfile.obj
 0002:0000161c       ??_C@_0P@DKCN@DirectModeType?$AA@ 0047a61c     configfile.obj
 0002:0000162c       ??_C@_0L@OGBN@QPBPicture?$AA@ 0047a62c     configfile.obj
 0002:00001638       ??_C@_0O@KPDJ@NumberBFrames?$AA@ 0047a638     configfile.obj
 0002:00001648       ??_C@_09FMNH@TraceFile?$AA@ 0047a648     configfile.obj
 0002:00001654       ??_C@_09OMKI@ReconFile?$AA@ 0047a654     configfile.obj
 0002:00001660       ??_C@_0L@EMP@OutputFile?$AA@ 0047a660     configfile.obj
 0002:0000166c       ??_C@_0BC@GBMB@InputHeaderLength?$AA@ 0047a66c     configfile.obj
 0002:00001680       ??_C@_09CG@InputFile?$AA@  0047a680     configfile.obj
 0002:0000168c       ??_C@_0BI@INBP@UseConstrainedIntraPred?$AA@ 0047a68c     configfile.obj
 0002:000016a4       ??_C@_0O@OGC@SliceArgument?$AA@ 0047a6a4     configfile.obj
 0002:000016b4       ??_C@_09ILN@SliceMode?$AA@ 0047a6b4     configfile.obj
 0002:000016c0       ??_C@_0BC@MKPG@MbLineIntraUpdate?$AA@ 0047a6c0     configfile.obj
 0002:000016d4       ??_C@_0N@HFCM@SourceHeight?$AA@ 0047a6d4     configfile.obj
 0002:000016e4       ??_C@_0M@CHMF@SourceWidth?$AA@ 0047a6e4     configfile.obj
 0002:000016f0       ??_C@_0BG@EKCP@NumberReferenceFrames?$AA@ 0047a6f0     configfile.obj
 0002:00001708       ??_C@_0M@DOEN@SearchRange?$AA@ 0047a708     configfile.obj
 0002:00001714       ??_C@_0M@JPPO@UseHadamard?$AA@ 0047a714     configfile.obj
 0002:00001720       ??_C@_09IIKJ@FrameSkip?$AA@ 0047a720     configfile.obj
 0002:0000172c       ??_C@_0BB@DAJC@QPRemainingFrame?$AA@ 0047a72c     configfile.obj
 0002:00001740       ??_C@_0N@PEGJ@QPFirstFrame?$AA@ 0047a740     configfile.obj
 0002:00001750       ??_C@_0BC@POLE@FramesToBeEncoded?$AA@ 0047a750     configfile.obj
 0002:00001764       ??_C@_0M@PFDC@IntraPeriod?$AA@ 0047a764     configfile.obj
 0002:00001770       ??_C@_0EP@LDKL@Error?5in?5command?5line?0?5ac?5?$CFd?0?5ar@ 0047a770     configfile.obj
 0002:000017c0       ??_C@_0CB@PKKJ@Parsing?5command?5line?5string?5?8?$CFs?8@ 0047a7c0     configfile.obj
 0002:000017e4       ??_C@_0BD@NOMJ@Configure?3?5content?$AA@ 0047a7e4     configfile.obj
 0002:000017f8       ??_C@_02HCFG@?9p?$AA@      0047a7f8     configfile.obj
 0002:000017fc       ??_C@_02CEFE@?9f?$AA@      0047a7fc     configfile.obj
 0002:00001800       ??_C@_01BJG@?6?$AA@        0047a800     configfile.obj
 0002:00001804       ??_C@_0BG@OPG@Parsing?5Configfile?5?$CFs?$AA@ 0047a804     configfile.obj
 0002:0000181c       ??_C@_0M@JHBB@encoder?4cfg?$AA@ 0047a81c     configfile.obj
 0002:00001828       ??_C@_0BK@EAGM@GetConfigFileContent?3?5buf?$AA@ 0047a828     configfile.obj
 0002:00001844       ??_C@_0EH@EGNP@Unreasonable?5Filesize?5?$CFd?5reporte@ 0047a844     configfile.obj
 0002:0000188c       ??_C@_0CI@MKMC@Cannot?5fseek?5in?5configuration?5fi@ 0047a88c     configfile.obj
 0002:000018b4       ??_C@_0CE@KCAO@Cannot?5open?5configuration?5file?5?$CF@ 0047a8b4     configfile.obj
 0002:000018d8       ??_C@_01LHO@r?$AA@         0047a8d8     configfile.obj
 0002:000018dc       ??_C@_0DL@PCLH@?$CCUnknown?5value?5type?5in?5the?5map?5d@ 0047a8dc     configfile.obj
 0002:00001918       ??_C@_0EK@DNHM@c?3?2documents?5and?5settings?2admini@ 0047a918     configfile.obj
 0002:00001964       ??_C@_0DJ@IAFG@Unknown?5value?5type?5in?5the?5map?5de@ 0047a964     configfile.obj
 0002:000019a0       ??_C@_01PJCK@?4?$AA@       0047a9a0     configfile.obj
 0002:000019a4       ??_C@_0EK@CIGP@?5Parsing?5error?3?5Expected?5numeric@ 0047a9a4     configfile.obj
 0002:000019f0       ??_C@_02MECO@?$CFd?$AA@    0047a9f0     configfile.obj
 0002:000019f4       ??_C@_0EO@ELOP@?5Parsing?5error?5in?5config?5file?3?5?8@ 0047a9f4     configfile.obj
 0002:00001a44       ??_C@_01KPOD@?$DN?$AA@     0047aa44     configfile.obj
 0002:00001a48       ??_C@_0ED@KPCM@?5Parsing?5error?5in?5config?5file?3?5P@ 0047aa48     configfile.obj
 0002:00001a8c       ??_C@_0EG@NPKJ@Enhanced?5GOP?5is?5not?5supported?5in@ 0047aa8c     configfile.obj
 0002:00001ad4       ??_C@_0EC@EGII@Weighted?5prediction?5coding?5is?5no@ 0047aad4     configfile.obj
 0002:00001b18       ??_C@_0FD@FAMN@Weighted?5bi?9prediction?5coding?5is@ 0047ab18     configfile.obj
 0002:00001b6c       ??_C@_0GI@EILO@Stored?5B?5Picture?5coding?5is?5not?5s@ 0047ab6c     configfile.obj
 0002:00001bd4       ??_C@_0EA@NIPP@Only?5RTP?5output?5mode?5is?5compatib@ 0047abd4     configfile.obj
 0002:00001c14       ??_C@_0CO@PPIH@The?5AFF?5is?5not?5compatible?5with?5s@ 0047ac14     configfile.obj
 0002:00001c44       ??_C@_0EC@PFDP@Enhanced?5GOP?5is?5not?5supported?5in@ 0047ac44     configfile.obj
 0002:00001c88       ??_C@_0DB@FGLG@NumFramesInELSubSeq?5?$CI?$CFd?$CJ?5is?5out?5@ 0047ac88     configfile.obj
 0002:00001cbc       ??_C@_0DH@NPJM@MB?5AFF?5is?5not?5compatible?5with?5no@ 0047acbc     configfile.obj
 0002:00001cf4       ??_C@_0FB@LJND@Unsupported?5image?5format?5y?$DN?$CFd?0?5m@ 0047acf4     configfile.obj
 0002:00001d48       ??_C@_0GF@EIEI@Unsupported?5InterlaceCodingOptio@ 0047ad48     configfile.obj
 0002:00001db0       ??_C@_01LLF@w?$AA@         0047adb0     configfile.obj
 0002:00001db4       ??_C@_0BD@BKGP@Error?5open?5file?5?$CFs?$AA@ 0047adb4     configfile.obj
 0002:00001dc8       ??_C@_0BN@BEIH@Input?5file?5?$CFs?5does?5not?5exist?$AA@ 0047adc8     configfile.obj
 0002:00001de8       ??_C@_02JKAF@rb?$AA@       0047ade8     configfile.obj
 0002:00001dec       ??_C@_0DC@OMMP@Unsupported?5symbol?5mode?$DN?$CFd?0?5use?5@ 0047adec     configfile.obj
 0002:00001e20       ??_C@_0DI@PDOH@Unsupported?5direct?5mode?$DN?$CFd?0?5use?5@ 0047ae20     configfile.obj
 0002:00001e58       ??_C@_0EC@JAMG@Number?5of?5B?9frames?5?$CFd?5can?5not?5ex@ 0047ae58     configfile.obj
 0002:00001e9c       ??_C@_0DG@INDG@Unsupported?5Output?5file?5mode?0?5mu@ 0047ae9c     configfile.obj
 0002:00001ed4       ??_C@_0DO@NFNO@For?5Partition?5mode?51?5UseConstrai@ 0047aed4     configfile.obj
 0002:00001f14       ??_C@_0M@CDFM@Why?5this?$DP?$DP?$DP?$AA@ 0047af14     configfile.obj
 0002:00001f20       ??_C@_0DE@KMMN@Unsupported?5Partition?5mode?0?5must@ 0047af20     configfile.obj
 0002:00001f54       ??_C@_0DN@KHPD@Error?5input?5parameter?5LFBetaOffs@ 0047af54     configfile.obj
 0002:00001f94       ??_C@_0EA@BGOP@Error?5input?5parameter?5LFAlphaC0O@ 0047af94     configfile.obj
 0002:00001fd4       ??_C@_0EA@DOOD@Number?5of?5Leaky?5Buckets?5should?5b@ 0047afd4     configfile.obj
 0002:00002014       ??_C@_0DN@JKLA@Unsupported?5image?5format?5x?$DN?$CFd?0y?$DN@ 0047b014     configfile.obj
 0002:00002054       ??_C@_0DO@DFJE@Error?5input?5parameter?5sp_periodi@ 0047b054     configfile.obj
 0002:00002094       ??_C@_0DN@HJNN@Error?5input?5parameter?5quant_sp_p@ 0047b094     configfile.obj
 0002:000020d4       ??_C@_0DI@OAHB@Error?5input?5parameter?5quant_sp?0c@ 0047b0d4     configfile.obj
 0002:0000210c       ??_C@_0DH@CON@Error?5input?5parameter?5quant_B?0ch@ 0047b10c     configfile.obj
 0002:00002144       ??_C@_0DH@LGLB@Error?5input?5parameter?5quant_n?0ch@ 0047b144     configfile.obj
 0002:0000217c       ??_C@_0DH@FBMP@Error?5input?5parameter?5quant_0?0ch@ 0047b17c     configfile.obj
 0002:00007958       __real@8@3fff8000000000000000 00480958     context_ini.obj
 0002:00007960       ??_C@_0CE@HGAB@create_context_memory?3?5model_num@ 00480960     context_ini.obj
 0002:00007984       ??_C@_0CD@BNIN@create_context_memory?3?5initializ@ 00480984     context_ini.obj
 0002:000079a8       __real@8@40048000000000000000 004809a8     context_ini.obj
 0002:000079c8       __real@8@4005c800000000000000 004809c8     decoder.obj
 0002:000079d0       __real@8@400dfffe000000000000 004809d0     decoder.obj
 0002:000079d8       ??_C@_03HHKO@?$CFs?6?$AA@  004809d8     filehandle.obj
 0002:000079dc       ??_C@_0CC@IGIG@Output?5File?5Mode?5?$CFd?5not?5supporte@ 004809dc     filehandle.obj
 0002:00007a00       ??_C@_0BM@BMB@Illegal?5FmoMode?5?$CFd?5?0?5exit?5?6?$AA@ 00480a00     fmo.obj
 0002:00007a1c       ??_C@_0BE@HKDD@NumSliceGroups?5?$DN?$DN?51?$AA@ 00480a1c     fmo.obj
 0002:00007a30       ??_C@_0BD@IFG@NumSliceGroups?5?$DM?58?$AA@ 00480a30     fmo.obj
 0002:00007a44       ??_C@_0BE@LPFC@NumSliceGroups?5?$DO?$DN?50?$AA@ 00480a44     fmo.obj
 0002:00007a58       ??_C@_0CF@HFJB@PictureYSize?5?$DN?$DN?5input?9?$DOimg_heigh@ 00480a58     fmo.obj
[...]
 0001:00062840       LeadUp1                    00463840 f   LIBCD:memcpy.obj
 0001:0006286c       LeadUp2                    0046386c f   LIBCD:memcpy.obj
 0001:00062890       LeadUp3                    00463890 f   LIBCD:memcpy.obj
 0001:0006290f       UnwindUp0                  0046390f f   LIBCD:memcpy.obj
 0001:000628fc       UnwindUp1                  004638fc f   LIBCD:memcpy.obj
 0001:000628f4       UnwindUp2                  004638f4 f   LIBCD:memcpy.obj
 0001:000628ec       UnwindUp3                  004638ec f   LIBCD:memcpy.obj
 0001:000628e4       UnwindUp4                  004638e4 f   LIBCD:memcpy.obj
 0001:000628dc       UnwindUp5                  004638dc f   LIBCD:memcpy.obj
 0001:000628d4       UnwindUp6                  004638d4 f   LIBCD:memcpy.obj
 0001:000628cc       UnwindUp7                  004638cc f   LIBCD:memcpy.obj
 0001:00062928       TrailUp0                   00463928 f   LIBCD:memcpy.obj
 0001:00062930       TrailUp1                   00463930 f   LIBCD:memcpy.obj
 0001:0006293c       TrailUp2                   0046393c f   LIBCD:memcpy.obj
 0001:00062950       TrailUp3                   00463950 f   LIBCD:memcpy.obj
 0001:000629c8       LeadDown1                  004639c8 f   LIBCD:memcpy.obj
 0001:000629e8       LeadDown2                  004639e8 f   LIBCD:memcpy.obj
 0001:00062a10       LeadDown3                  00463a10 f   LIBCD:memcpy.obj
 0001:00062a64       UnwindDown7                00463a64 f   LIBCD:memcpy.obj
 0001:00062a6c       UnwindDown6                00463a6c f   LIBCD:memcpy.obj
 0001:00062a74       UnwindDown5                00463a74 f   LIBCD:memcpy.obj
 0001:00062a7c       UnwindDown4                00463a7c f   LIBCD:memcpy.obj
 0001:00062a84       UnwindDown3                00463a84 f   LIBCD:memcpy.obj
 0001:00062a8c       UnwindDown2                00463a8c f   LIBCD:memcpy.obj
 0001:00062a94       UnwindDown1                00463a94 f   LIBCD:memcpy.obj
 0001:00062aa7       UnwindDown0                00463aa7 f   LIBCD:memcpy.obj
 0001:00062ac0       TrailDown0                 00463ac0 f   LIBCD:memcpy.obj
 0001:00062ac8       TrailDown1                 00463ac8 f   LIBCD:memcpy.obj
 0001:00062ad8       TrailDown2                 00463ad8 f   LIBCD:memcpy.obj
 0001:00062aec       TrailDown3                 00463aec f   LIBCD:memcpy.obj
 0001:000627f0       CopyUp                     004637f0 f   LIBCD:memcpy.obj
 0001:0006280c       CopyLeadUp                 0046380c f   LIBCD:memcpy.obj
 0001:00062824       ByteCopyUp                 00463824 f   LIBCD:memcpy.obj
 0001:0006282c       CopyUnwindUp               0046382c f   LIBCD:memcpy.obj
 0001:00062968       CopyDown                   00463968 f   LIBCD:memcpy.obj
 0001:00062990       CopyUnwindDown             00463990 f   LIBCD:memcpy.obj
 0001:0006299c       CopyLeadDown               0046399c f   LIBCD:memcpy.obj
 0001:000629b4       ByteCopyDown               004639b4 f   LIBCD:memcpy.obj
 0001:00062203       adjust_loop                00463203 f   LIBCD:memset.obj
 0001:00062209       dwords                     00463209 f   LIBCD:memset.obj
 0001:00062223       main_loop_tail             00463223 f   LIBCD:memset.obj
 0001:00062227       tail                       00463227 f   LIBCD:memset.obj
 0001:0006222d       finish                     0046322d f   LIBCD:memset.obj
 0001:00062233       toend                      00463233 f   LIBCD:memset.obj
 0001:0006216c       str_misaligned             0046316c f   LIBCD:strlen.obj
 0001:00062180       main_loop                  00463180 f   LIBCD:strlen.obj
 0001:000621b3       byte_3                     004631b3 f   LIBCD:strlen.obj
 0001:000621bd       byte_2                     004631bd f   LIBCD:strlen.obj
 0001:000621c7       byte_1                     004631c7 f   LIBCD:strlen.obj
 0001:000621d1       byte_0                     004631d1 f   LIBCD:strlen.obj
 0001:0006213a       okay                       0046313a f   LIBCD:strncmp.obj
 0001:0006214d       firstbig                   0046314d f   LIBCD:strncmp.obj
 0001:0006214f       lastbig                    0046314f f   LIBCD:strncmp.obj
 0001:00062151       toend                      00463151 f   LIBCD:strncmp.obj
 0001:000602a0       _realloc_help              004612a0 f   LIBCD:dbgheap.obj
 0001:00060e70       _CheckBytes                00461e70 f   LIBCD:dbgheap.obj
 0001:00061ab0       __printMemBlockData        00462ab0 f   LIBCD:dbgheap.obj
 0001:0005f1c0       _doexit                    004601c0 f   LIBCD:crt0dat.obj
 0001:0005f2a0       __initterm                 004602a0 f   LIBCD:crt0dat.obj
 0001:0005f020       _flsall                    00460020 f   LIBCD:fflush.obj

FIXUPS: 6011d 12 1d 20 1e 20 8d 12 13 19 fffffc87 e 28 76 6e 7d 41 fffffd92
FIXUPS: 5fe90 1e 17 13 b2f 16 14 f e 1e 20 16 15 16 14 16 14 19 19 a 1c
FIXUPS: 60590 108 10 3e 54 4b 28 fffffc42 5a 4f 79 fffffde5 19 18 14 9f8
FIXUPS: 60d42 f 27 fffffe58 2e 2a 2e 14 22 22 fffffee4 fffffc9f 1e d 19
FIXUPS: 6088b 14 2c 1b 17 27 16 16 14 c 1d 16 15 16 14 11 182a 142 23 1c
FIXUPS: 623f7 84 58 bf fd 76 11e a1 20 31 28 4f 3a 31 18 45 18 1f 8c 69
FIXUPS: 62baa 34 39 16 7c 2a 28 ffffe011 d6c 2b c 41 6b 56 36 c 2b 1c 2c
FIXUPS: 61c82 18 1f 62 51 60 5a ac 4e 51 2b 28 28 28 ac 2b 32 2b 39 20
FIXUPS: 621ea fffff0dd 21 1b 1c 6b 28 32 4f 18 1f 5b 66 25 25 b3 19 59
FIXUPS: 616f9 54 86 38 1f 2a 1c 50 1d 1f 62 34 3b 2b 3b 14db 3d 3b 14 60
FIXUPS: 63001 14 7 fffffd30 2a 44 4b ffffdfb0 36 27 23 20 29 2f 1c 69 28
FIXUPS: 60fb9 54 21 128 1e 1b 34 3e 52 38 2b0e 3a 10 29 2a 10 fffffde6
FIXUPS: 63c56 33 1a fffffa1e 66 1b 6c fffffc82 3e 146 70 fffffcbb 7a 6a
FIXUPS: 63077 5 a fffffde8 14 1b 25 14 10 d 10 1c4f 12 21 20 25 fffffc42
FIXUPS: 64836 8e 19 15a fffffc95 2a 45 4b fffffcda 5f 2d fffffeea 2a 20
FIXUPS: 6427a 32 92 e 26 fffffed0 fffffc8f 35 18 a6 10 fffffdb3 1266 9
FIXUPS: 6501d 9 fffffdd1 12 18 16 10 1c 31 10 fffffe83 12 3a 10 29 2a 10
FIXUPS: 64bf2 2e 28 1e 2c 12 21 20 25 fffffda8 2e 28 1e ff0 1b 131 25 123
FIXUPS: 65dc8 30 75 32 22 26 14 170 55 53 ffffef4d 21 7e c8 33 49 fffffcec
FIXUPS: 64f3d f 10 a 5 5 25 f 17 10 166e 1e d 2f 15 11 1d 21 14 26 19d
FIXUPS: 668e6 19 19 a ffffea3b 34 24 cb 67 133 18 21 34 30 a8 e2 d5 ce
FIXUPS: 65a9d 31 1e 1f0a fffff92e 182 35 fffffd2b a a ffffff04 37 fffffc53
FIXUPS: 66dbb dd 23f fffffc1a 59 fffffd3a 1ae fffffd6f fffff908 10b 2a
FIXUPS: 663f6 38 16 2b 14 2e 18 18 7a 63 34 1ec2 80 36 fffffda5 2a 29 3b
FIXUPS: 683ee fffffe2f 3a ffffff09 1b c 10 29 2a fffffea5 fffffc37 2a 2a
FIXUPS: 67f41 fffffc16 50 c 5a fffffb21 18 11b 21 4b 5d 17 358e a3 102
FIXUPS: 6b18d ffffd958 1b 64 fffffebb 19 38 1d fffffb6a 17 31 30 18 3f
FIXUPS: 686d2 13 70 10 5c 62 37 1b 40 14 59 14 3f 6b fffffaa5 3e1a fffffead
FIXUPS: 6bd70 12 1d 5 55 3c 7 2f b2 15 fffffdd7 fffffbc0 b6 7f 24 62 38
FIXUPS: 6bb1d 18 28 ffffd0c6 23 3c 6ef 192 19 de0 7e5 236 11a 18c5 19f
FIXUPS: 6c8b5 57 14 32 64 140 2a 34 35 6b 12 29 43 5a 3d 33 3c 38 1c 1a
FIXUPS: 6cdfe 17 fffff895 ffffff54 fffffeb9 c8 1d 27 fffffc77 5e 1dc4 c1
FIXUPS: 6e141 e5 39 76 4a 3d 76 6c 62 20 77 27 70 46 31 35 44 35 1c 147
FIXUPS: 6e8e0 32 24 f ffffe835 2a3 fffffa23 82 2a fffff7e2 231b ffffea9d
FIXUPS: 6d4b3 47 4a 9 19 a4 1aa 1d 118 1de 32 97 1f 58 a8 28 33 43 64 46
FIXUPS: 6de38 12 2f 4d 23 10 70 24 5a 46 1c14 33 1b6 f4 27 36 44 c 10 16
FIXUPS: 6fffd ffffeb19 4b 15d 19 18 c 25 15 3b 5b 52 6c c7 53 66 53 25
FIXUPS: 6f0a4 fffff9f7 45 fffffede 1d22 36 28 1f 29 26 17 12 1c fffffcda
FIXUPS: 701aa 1c3 17 fffff167 1d 53 1d 2b 2c c 3a e 11 2f 44 c 3e e 11
FIXUPS: 6f892 1d8 1ac 1830 2a 44 4b fffffc45 1c 77 3a 59 15 17 1d 14 13
FIXUPS: 712ee 1a 19 fffffd7e d 11 2f 25 fffffe4f fffffec4 4a 94 2b fffff903
FIXUPS: 70886 1e 13 22 33b3 b7 fffff97e 72 13 24 17 fffff076 1d fffffebb
FIXUPS: 72232 48 141 52 35 140 fffff462 2a0 5a 34 37 60 21 20 1d 11 15
FIXUPS: 71e42 fffff792 2bf 2d 2f 323c 30 10 30 10 fffff74a a7 fffffa75
FIXUPS: 73e32 21 24 2a 23 fffff95c 21 2b 28 1e 2c 38 16 22 23 ac 4e 23
FIXUPS: 73bb3 1c 2b 37 1d 2b 159e 50 50 4d 65 60 fffffb20 ffffffcd fffffe19
FIXUPS: 74cf8 ffffffa0 17 fffff815 41 8c 14 26f 19 1c 13 2a 3a 10 13 16
FIXUPS: 7491f 1e 41 93 20 68 82 d90 23 5 111 43 107 4a 12 5 25e 35 35 1e8
FIXUPS: 757ee 29 19 2c fffffd2e 85 69 33 8c 34 fffffce3 5f fffffb8a 4d
FIXUPS: 750c4 40 43 4d 40 1591 98 f6 fffffb2e 2b 28 2c 3a 26 1c 5e 25 28
FIXUPS: 765f8 43 28 31 16 14 fffffc67 a7 fffffc9d 73 1c 1f 49 11 71 5f
FIXUPS: 7625e c 47 1b8d fffffba4 43 33 24 bd 2d 9b 32 43 c 10 c fffff35c
FIXUPS: 77147 eb 1c8 8c 152 6d 238 13 fffff1f7 21 35 35 13a c 10 c 27 6c
FIXUPS: 13e7 779ef fffffbae 45 29 3a 40 3e 33 4b 59 5a c 19 42 3c a7 19
FIXUPS: 78d66 c 21 fffff822 19 d9 13f 9e fffff9e4 70 4f 1df fffff9aa 43
FIXUPS: 9cc7 2b 3f8 ffff7323 16 13 38 12 e 10 fffffb9d 26 26 2d 61 64 5f
FIXUPS: 1237 4c 1c a 1a 4c e 13 32 1f a d 27 11 a 66f0 40f aa 945 6b 1e
FIXUPS: 899e 69 68 36 68 42 11 15f 3b 45 2d 219 a6 1a 7b 8c 8a 51 8a 42
FIXUPS: 9304 177 3b 6b 34 498 ffffae39 53 60 442 74 95 54a 42f 8a 70 4db
FIXUPS: 6284 8e 5d 1f9 bd 82 750 103 650 97 1d 6f 83 87 49 87 42 11 159
FIXUPS: 7a31 65 53aa 14 10 35 14 33 1c 10 4b 2b 2d 19 38 17 3f 1c 17 10
FIXUPS: d0ed 17 48 45 17 10 ffff537d 22 23 23 111f c6 1e 7b1 7c09 310 1e
FIXUPS: beba 1e 13 d5 1b 1e 10 11b 10 b0 99 b6 10 4fd 13 1b7 2b 47 1f 100
FIXUPS: cbfb 32 15 109 2c 1c 26 40 14 ffffe50d 29 1a 1d 17 2c 29 1a 1d
FIXUPS: b449 19 29 1a 10 58 14 1d 1f 20 10 a5 2d 291 27 39 13 77 5d 1e
FIXUPS: ba85 10 a3 fffff33a 2c 19 29 1a 2f 13 32 43 1b 1f 1b 41 2f 10 a9
FIXUPS: b14c 18 1c 18 18 19 18 18 22 1d 27 1e 19 27 18 2c fffff7ab 17 17
FIXUPS: aae9 a 24 27 18 27 19 2b 17 18 2d 1a 2c 19 29 1a 31 18 18 17 18
FIXUPS: ad6d 19 30 18 17 2c 1a 2d fffff57d 19 13a 1e 75 1b 19 10a 23 e
FIXUPS: a747 e 3a 42 1a 25 1a 40 35 d0 18 18 1a 18 18 1a 18 18 1a 18 18
FIXUPS: aa94 38e1 12 52 12 35 12 34 12 34 12 3a 48 49 12 34 12 64 ffffbadb
FIXUPS: a136 13 37 16 13 3c 10 30 10 31 23 1d 1f f2 3a78 12 34 12 ff 12
FIXUPS: dfbf 17 12 35 12 39 12 50 12 41 12 1a 30 12 15 1e 30 12 15 1e 30
FIXUPS: e275 5f 12 49 12 fffff5f6 1b 1b 12 52 38 12 24 28 d 28 1e 8 10
FIXUPS: db50 27 48 12 2e 12 35 12 34 12 34 12 26 12 76 12 44 12 fffff56f
FIXUPS: d37f 2a 8f c d c d 27 12 12 10 2d 24 12 10 1f 12 c 31 12 10 1f
FIXUPS: d5f9 f 16 16 18 13 1a 278 34 27fb 8f 44 90 44 90 44 8f 44 90 44
FIXUPS: 105d2 44 46 c3 10 ffffcab6 12 d f d d c 2c 17 1b c d d c 27 58
FIXUPS: f3ed 47 92 47 92 46 93 47 92 47 92 46 1a 253 3f 8f 44 90 44 8d
FIXUPS: fd91 5b 2f 53 2f 4e 2b 50 2c 82 3e 8d ffffe8a9 12 2d 12 27 6b 1b
FIXUPS: ea9d 15 13 f 10 202 42 93 47 92 47 8f 43 5d 32 56 31 51 2e 52 2f
FIXUPS: f247 41 8f 43 2f8b 31 27 15 87 12 1c4 e e e 10 de 35 35 9f af 14
FIXUPS: 12d08 346 14b ffffb5bb 1b a 1b 26 27 a 28 2d 34 12 33 57a9 24 16
FIXUPS: 140ae fffff139 c d 59 1f 30 f 19 19 11 f 19 11 20 42 7 25 f 1c
FIXUPS: 10de6 152 56 3f 3d 3f 10 96 23 26d5 72 26 1b 33 73 3f 33 4f 20
FIXUPS: 13a4d 26 c 20 5e 1d 4a 19 12 2f a d c9 a d 45 dd 3d 195 68 16 25
FIXUPS: 15a31 91 37 35 2a 27 25 27 ffffd8aa 11 25 a 34 37 23 23 22 3e 20
FIXUPS: 1360a 1d 25 20 13 a f 47 10 48 37 37 24 1acb 37 8d 25 48 41 1d
FIXUPS: 1544f 28 2c 26 2e 69 1f 73 29 2a 1d 87 46 2d 1f 89 2b 2a 1d 8b
FIXUPS: 15948 2e 1f 20 6a fffff0bd 76 15 35 2d c1 3b 43 3b 4a 31 42 32
FIXUPS: 14e67 10 4d 1b 3d 25 32 25 38 3a 2b 1b 8e 3a 44 37 4c 3a 44 aebc
FIXUPS: 2012e 15 13 1e 16 a 19 16 a 18 16 a 22 2f 2f 10 4c 49 2c 12 32f
FIXUPS: 206b5 48 80 1d 10 ffff42a7 f b 1b 37 b16e 1c 19 1c 19 1c 17 1c
FIXUPS: 1fcfd 1c 19 1c 32 43 18 18 18 18 18 18 18 18 c 10 15c 31 26 23
FIXUPS: 2009b 28 14 13 ffffbd71 65 28 48 178c 13 17dd 3e 38 39 3c3 10 a3
FIXUPS: 1f40f a2 10 a7 10 a0 10 99 10 a7 10 3d9 16 17 1c 19 1c 19 1c ffffae6d
FIXUPS: 1aab2 32 37 32 32 12a c9 a7 4e a1 ad 52 51 29f 25 24 25 76 24 5c
FIXUPS: 1b47f 47f 27 27 28 76 27 65 28 29e f8 ffffdf8a 25 65 25 70 25 65
FIXUPS: 19f8c 41 cf 25 95 25 9d 25 95 25 41 73 28 92 28 9a 28 92 28 41
FIXUPS: 1a678 13 74 15 14 ffffcb84 17 10 a9 d 405 22c 10 7f 40 50 d 567
FIXUPS: 1864f 52 8a1 15 19d a8 22 33 797 c9 b6 25 65 25 70 25 65 25 41
FIXUPS: 169d0 3c 19 49 43 45 10f 9f 5 26 48 1b 1b 56 9f 17 3e 3d 27 43
FIXUPS: 16f4e ad 28 39 91 89 10 23 43 2d 10 72 fffff04c 18 25 18 41 31
FIXUPS: 163c1 5 9 c 59 43 e 39 1b 2d 22 92 29 62 3b 4b e 39 20 2d bc 18
FIXUPS: 1684c 55 45 db b76d 10 ffff3bd2 123 5 5 17 14 1a 36 59 2a 10 7e
FIXUPS: 15fd5 8 5 5 1e 3a f 4e 4b 51 68 21 b1 f e 1a f 17 c165 16 2b 11
FIXUPS: 22496 da 1c 22 16 e 16 e 16 e 16 61 10 94 1cb c c c c 13 fffff5b8
FIXUPS: 21f22 2b f 2b 54 36 10e 5dea 14 e 10 7e 34 63 38 3a 39 15 ffffa069
FIXUPS: 2218f 33 12 c 1e 15 37 18 19 16 10 38 2d f 10 11 5a 3c 3c 16 551d
FIXUPS: 27979 24 4a 37 b9 20 1a 17 11 10 34 1a 28 26 28 32 24 3e 21 2b
FIXUPS: 27d07 28 26 24 32 1c 84 1a 14 11 10 fffff71f f 21 11 e 11 f 10
FIXUPS: 27664 2c f f e 1e e 2c 11 11 e f f e 56 25 15 10 2d 1a 28 26 32
FIXUPS: 27909 fffff9bf 11 e f 1d f f e f 15 15 20 25 11 13 11 40 18 1a
FIXUPS: 2747c 45 1d 19 17 11 12 14 12 13 11 1f f fffff7b5 37 3a 3b 30 22
FIXUPS: 26e86 23 29 56 35 35 35 43 35 3a 3a 35 35 35 35 1b 2d f f 10 11
FIXUPS: 2721d 2c 2c 32 10 fffff346 29 1b 41 29 2b 3f 3a 3a 42 5b 3a 4d
FIXUPS: 268e7 3a 52 3f 3f 3f 61 3f 3f 3f 33 2d 1f 22 5d 20 3a 3a 3f fffff36c
FIXUPS: 260a8 1d 2c 20 15 23 22 22 23 22 22 34 26 24 18 e 12 12b dc f 13
FIXUPS: 264fe 18 1a 23 d d d d 10 4b fffff70c 40 3c 1a 14 13 f 12 24 2a
FIXUPS: 25e2c 16 13 14 14 13 11 12 2a 12 f 1b f 1b 2b 28 40 1d 1e 1e 27
FIXUPS: 26076 fffff68a 28 29 43 19 14 14 28 28 43 1a 14 13 14 1d 34 1a
FIXUPS: 2593b 14 48 45 1a 14 6c 43 6c 43 6d 43 6c 43 14 fffff505 13 49
FIXUPS: 2529d 13 14 14 20 20 13 14 14 31 33 32 31 33 21 21 72 14 13 36
FIXUPS: 25593 34 36 35 20 20 53 14 13 fffff6b9 22 1d 3a 2b 2b 1f 16 27
FIXUPS: 24eef 16 1e 40 39 1f 2d 22 16 22 23 24 16 22 16 13 14 14 13 23
FIXUPS: 2516a 14 31 fffff5d1 14 38 14 14 37 14 14 12 21 20 21 77 5f 9b
FIXUPS: 24a93 6d 5b 6d 49 6e 1f 1e 12 1c 12 12 2a 12 14 13 14 fffff1ab
FIXUPS: 23f46 13 3a c 10 356 38 1d 14 25 1e 14 1b 3f 36 1e 2b 24 12 43
FIXUPS: 2456c 54 46 45 48 41 20 14 21 23 14 fffff0f7 27 184 28 22 28 3a
FIXUPS: 23af9 38 38 39 1c 28 5a a b7 49 8 7e 29 11 15 15 14 15 15 23 14
FIXUPS: 23ebe 15 1a 10 fffff776 15 d d d d d d d d d d d d d d d d d d
FIXUPS: 2377f d 15 13 d d d d d d d d fffff8aa 5 c 17 18 8 5 5 5 5 5 5
FIXUPS: 2313b 45 1e 131 24c 15 13 15 15 13 15 15 27 15 13 15 15 13 15 15
FIXUPS: 2299d 8 5 5 5 19 a a b 8 31 5 5 5 68 5 5 e1 87 75 15a 205 79 a
FIXUPS: 2306f 5 c 17 18 8 5 5 5330 12 24c 63 95 58 1d 306 35 35 37 42 35
FIXUPS: 28c0f 37 42 35 35 37 3d 35 35 37 d5 37 2a 1cb 48 14 3f 1c 558 9cbf
FIXUPS: 33446 95 36 c8 d3 27 d0 16 12 93 12 a 5f 10 e2 4c 16 c 2c a9 16
FIXUPS: 33b36 f9 10 69 b3 1e 851 327 4e ffff3a96 93b1 3e 182 3e 28 f2 18a
FIXUPS: 31c65 125 1ea 3d 47 231 3d 31 5c 1e 1d 21b 49 f2 4c ce 2d 10d 3d
FIXUPS: 32a18 15e 3d 48 6ec 7b ffffcfa8 33 46 1c 30 a6 19 10 128 31 2b
FIXUPS: 3070e 14 4d 5 5 10c 185 2c b 57 3e 1f 2b 544 63 74 64 5c 27b d1
FIXUPS: 3160e ffffdd33 223 98 28 67 2c9 42 1f 40 56 2e 5b 4e 59 3c f3 1f
FIXUPS: 2fce9 9c 39 33 a8 20 d8 23 43 54 3a 32 114 20 f3 ffffbc9c b9 19
FIXUPS: 2c1c5 1a 466 2f 13b 16 a2e f5 60 25 d8 79 c6 10f 131 c3 b5 32a
FIXUPS: 2dda2 24 25c 83 19 67 24d 1b bca 6a 2b1 ffffaa71 1c8 3eb d 242
FIXUPS: 2a555 82 6c 6a 9 56 12 1e4 149 35 11a 2b 232 123 4c0 14 99 71 14
FIXUPS: 2b5e0 75 bc 100 11b be ad 327 fc7b 18 18 36 18 18 2e ffff8fbb 50
FIXUPS: 34b27 53 af 4b 1f 4e a4 e0 2a 198 6a 773 6a 4d 1e 10 5a 6c 54 6c
FIXUPS: 29a41 34 3a 109e2 6d 42 43 44 14 708 2c 6b 2d 863 2c 6b 2d 76 2c
FIXUPS: 3b7db 2d 50 54 1c e 1c e 1c 4c 1c e 1c e 1c 30 ffffe163 f f 2f
FIXUPS: 39bd3 20 83 46 10 18 1c 1c 1d 10 10 59 a 14 f 6a 4e 6b 6f 43 6b
FIXUPS: 3a08f 44 14 f 28c 67 6a ffffea0f 64 12 80 29 2e 2f 29 2e 15 1a3
FIXUPS: 392ba 151 df 10 31 10 3a 1d 26 3c 23 18 6d 70 7b 3a 19b 85 62 10
FIXUPS: 39a6e ffffead3 60 4e 53 8 1e c7 2c 59 18 8 15 8 19 8 5 e 8 7 12
FIXUPS: 3885a 1d 15 45 79 176 f9 227 31 17 16 14 ffffebcb c7 189 c7 1b5
FIXUPS: 37f4c 5d 63 79 12 fd 39 28 c7 8 5 5 3b 15 27 24 d 63 1e 17 5 5
FIXUPS: 38425 4a 45 83 5 ffffe3f4 c dd d0 11b 29 2a 16 11 16 11 16 94 91
FIXUPS: 36e7a 22 54 22 21 c c c 16d 3a3 76 99 76 47 2ad d7 20 20 ffffe59f
FIXUPS: 35fb0 36 17 37 2d 30 c4 3a 22 22 16 10 46 14 27 1e 2b 2b 2d 19
FIXUPS: 36344 24d a7 1f 16 10 16 16b 2b d9 22 5817 10 ffff9970 1c 35 35
FIXUPS: 35b72 1c 1f 1f d 15 4a 1b 10 1b 11 1b 25 57 24 7b 56 11 21 18 42
FIXUPS: 35ec7 26 16 4e 2f 5dac 33 1a 36 20 30 1a 3a 24 36 11 c 11 10 42
FIXUPS: 3bf3e c 11 10 58 e 11 10 51 e 11 10 55 e 11 10 36 75a9 1d 2d9 78
FIXUPS: 43bd4 96 28 52 1d 569 155 3b9 21 21 21 1080 43 81e 369 ffff570a
FIXUPS: 3bb49 12 1e 4d 29 1a 12 1e 53 33 1a 36 515d 43 55 43 43 43 55 43
FIXUPS: 410a8 43 1f 82 4f9 52 56 43 d 20 8 19a 4a0 99 28 656 97 ac d6e
FIXUPS: 43440 6c a0 99 28 ffffc000 d 92 1c6 15f 4b e7 18c 506 4dc 43 43
FIXUPS: 4073a 55 43 43 43 55 43 43 43 55 43 43 43 1f 215 43 43 43 55 43
FIXUPS: 3e518 1c 1e 1f ae4 b5 12 17 8 42 12 17 8 27 1b e 1b 15 1b e 1b
FIXUPS: 3f281 1b 24 28c 10 5b f f e f 13 ffffce3d 37 28 1c 27 1c 28 1c
FIXUPS: 3c56b 1c 28 12f e3 23 1c 1a 14 2d 15 15 15 15 10 f f e f 3b 106a
FIXUPS: 3df21 56d 29 82bd 29 29 26 69 1c 22 fffffe0e b 2b 10 31 1a ffff5a8f
FIXUPS: 3c1dc 38 27 31 34 26 3f 27 4c 1b 1b a 1b a 1b a 1b a a99f c 13
FIXUPS: 46dfe 36 12 1f 1f 29 30 18 15 1a 31 10 c 27 3f 3a 16 12 1e 1e 28
FIXUPS: 468bd 16 17 1c 13 46 16 10 1700 23 23 23 23 23 16 18 c 13 bd a
FIXUPS: 48255 ffffe7b0 6a 6b 10 10 2f 12 34 1a 6c 4b 4c 12 48 47 15 c 13
FIXUPS: 46db1 dd7 23 23 23 23 1c 13 18 c 13 51 c 16 c 1a 2f 20 20 20 20
FIXUPS: 47def 4a 51 24 42 23 72 4d 25 23 23 25 fffff5db 29 23 d2 60 c 16
FIXUPS: 477e9 1a 31 20 20 20 1d 22 20 20 20 29 32 20 20 20 41 25 23 23
FIXUPS: 47abd 23 2f 23 23 82f 1e c 10 46 c 10 ffffecb7 8 10 21 2f f 10
FIXUPS: 47179 1f 20 22 22 1d 1f 20 22 22 48 23 8 b b3 144 1c 2b e2f1 14a
FIXUPS: 559d5 10 5d 10 4d 32 8 4c 3e c 2d 67 11 18 aa b 22 25 22 1c9 1f
FIXUPS: 56578 ffff1d08 16 f 22 13 36 16 13 9b51 161 1f 75 82 20 102 5e
FIXUPS: 522d1 b0 1c4 aa 4a 264 68 3e 1b 281 f 15f 2b7 df1 aa 99 a6 b2 9e
FIXUPS: 54158 c7 2d 1560 4c ffff52d3 26 3c6 a 1177 51 9 e 19 213d e 11
FIXUPS: 4e231 21 3c 23 1c 65 25c 3e 1b 3d 21 15 11 33 d 13 a5 1dc6 13 1393
FIXUPS: 49a64 12e 8 24 115 35 11d 1ac 13e 46 8 36 2d 61 38 c8 1a5 69 6d
FIXUPS: 4a5c9 63 191 93 6c 3c 68 34 68 34 3f 2b c ffffd9a9 f f e f f e
FIXUPS: 484b6 f e f 10 2c d d d 17 a a a a a a 12 ffc 13d 1f 42 1c 29 141
FIXUPS: 49907 e7d8 fffff74a 10 fffff416 18 f f c 17 28 16 38 1c 1c 1c 23
FIXUPS: 56da0 2c 11f 12 23 15 23 1b 22 116 12 23 15 23 1b 22 b33 43 23
FIXUPS: 57d05 1e 26 1c 42 23 29 2c 16 d 1c d 1c 9d c 11 a f 18 a c f c
FIXUPS: 57fbc b6 1f a d 27 2d6c f 21 10 30 2b d 31 8 d 40 5b c3 28 28 de
FIXUPS: 5b1eb f 1a ffffc822 26 26 26 2f 29 29 26 29 26 8e 1b 20 2964 2b
FIXUPS: 5a603 31 d 2b 8 d 38 42 24 13f e0 3d f 21 10 30 2b d 31 d 2b 8
FIXUPS: 5aaa1 38 42 38 149 35 4b e0 fffff0a7 12 44 10 42 f 1a 65 22 2f
FIXUPS: 5a108 47 2b 34 18 25 2b d 31 8 35 38 46 c6 22 22 22 22 de 40 f
FIXUPS: 5a5a4 ffffefae 28 2c 28 e5 72 20 54 15 10 16d 2b d 31 8 57 36 46
FIXUPS: 59b85 22 29 32 29 32 29 22 43 26 e1 39 f 1a ffffe92e 7 2b d 31
FIXUPS: 5880a 46 3e 24 2e 7c 1c 10 13 1b1 354 145 63 2c d 32 3c 3c 25 16
FIXUPS: 59250 f 13 98 19 63 10 2eb5 1e f c 10 ffffbe92 38 19 14 5 14 5
FIXUPS: 581ae 5 5 5 d 3d 5 5 5 5 5 5 5 39 22 115 dd 28 ae 30 35f6 98 14
FIXUPS: 5bc38 c 25 8 97 3e 19 c e2 10 55 24 8 f6 41 16 16 b 39 1c 3a 1a
FIXUPS: 5c103 20 15 48 20 7b 16 fffff32c f2 f c 2f 5 72 8 5 7 10 12 25
FIXUPS: 5b7ad 37 8 5 23 5a 8 40 61 67 22 19 52 8 f 16 8b 56 52 3e56 35
FIXUPS: 5faac 12 14 16 82 1d 70 1f 78 41 58 13 1d e 10 ffffb542 12 4a 16
FIXUPS: 5b374 21 a 19 10 40 4e 21 50 41 46 2d80 12 14 19 1b9 a 9 12 14
FIXUPS: 5e518 cd3 a 9 12 14 19 12a a 9 12 14 19 4bf a 9 12 14 19 3c 7f
FIXUPS: 5f997 14 ffffd174 8 1d 12d a3 8 1d bc 9 12 28 16 35 28 16 73 28
FIXUPS: 5cf72 53 9 10 14 16 109 14 16 ba 12 14 16 108a a ffffe08e 28 13
FIXUPS: 5c3a1 72 28 13 13 7b 28 13 13 81 28 13 13 8b 8 14 41 5f 8 1a 3e
FIXUPS: 5c7b0 40 10 8d 93 8 1a 13b
